2026-10-10T06:05:59.2516788Z Current runner version: '2.337.0'
2026-10-10T06:05:59.2541516Z ##[group]Runner Image Provisioner
2026-10-10T06:05:59.2542438Z Hosted Compute Agent
2026-10-10T06:05:59.2543060Z Version: 20261002.596
2026-10-10T06:05:59.2543781Z Commit: c3d12f3313a95f25162a1503be624f3b0617f8c0
2026-10-10T06:05:59.2544550Z Build Date: 2026-10-02T22:28:27Z
2026-10-10T06:05:59.2545264Z Worker ID: {18067770-3aa6-42e0-8952-a9160a57d30a}
2026-10-10T06:05:59.2545990Z Region: westus2
2026-10-10T06:05:59.2546544Z Cloud: Azure
2026-10-10T06:05:59.2547139Z ##[endgroup]
2026-10-10T06:05:59.2549041Z ##[group]Operating System
2026-10-10T06:05:59.2549789Z Ubuntu
2026-10-10T06:05:59.2550351Z 24.04.5
2026-10-10T06:05:59.2550868Z LTS
2026-10-10T06:05:59.2551480Z ##[endgroup]
2026-10-10T06:05:59.2552046Z ##[group]Runner Image
2026-10-10T06:05:59.2553045Z Image: ubuntu-24.04
2026-10-10T06:05:59.2553745Z Version: 20261004.327.1
2026-10-10T06:05:59.2554993Z Included Software: https://github.com/actions/runner-images/blob/ubuntu24/20261004.327/images/ubuntu/Ubuntu2404-Readme.md
2026-10-10T06:05:59.2556681Z Image Release: https://github.com/actions/runner-images/releases/tag/ubuntu24%2F20261004.327
2026-10-10T06:05:59.2557643Z ##[endgroup]
2026-10-10T06:05:59.2559170Z ##[group]GITHUB_TOKEN Permissions
2026-10-10T06:05:59.2561436Z Contents: read
2026-10-10T06:05:59.2562208Z Metadata: read
2026-10-10T06:05:59.2562812Z ##[endgroup]
2026-10-10T06:05:59.2565010Z Secret source: Actions
2026-10-10T06:05:59.2565963Z Cache mode: write
2026-10-10T06:05:59.2566748Z Prepare workflow directory
2026-10-10T06:05:59.2908434Z Prepare all required actions
2026-10-10T06:05:59.2956582Z Getting action download info
2026-10-10T06:05:59.7097951Z Download action repository 'actions/checkout@v4' (SHA:11d5960a326750d5838078e36cf38b85af677262)
2026-10-10T06:06:00.0427271Z Download action repository 'actions/setup-python@v5' (SHA:a26af69be951a213d495a4c3e4e4022e16d87065)
2026-10-10T06:06:00.2710400Z Complete job name: exact-tests (3.13)
2026-10-10T06:06:00.3544463Z ##[group]Run actions/checkout@v4
2026-10-10T06:06:00.3545462Z with:
2026-10-10T06:06:00.3545996Z   repository: EcoDataLab/contingency-tables
2026-10-10T06:06:00.3550348Z   token: ***
2026-10-10T06:06:00.3550863Z   ssh-strict: true
2026-10-10T06:06:00.3551357Z   ssh-user: git
2026-10-10T06:06:00.3551850Z   persist-credentials: true
2026-10-10T06:06:00.3552387Z   clean: true
2026-10-10T06:06:00.3552875Z   sparse-checkout-cone-mode: true
2026-10-10T06:06:00.3553443Z   fetch-depth: 1
2026-10-10T06:06:00.3553917Z   fetch-tags: false
2026-10-10T06:06:00.3554405Z   show-progress: true
2026-10-10T06:06:00.3554910Z   lfs: false
2026-10-10T06:06:00.3555380Z   submodules: false
2026-10-10T06:06:00.3555877Z   set-safe-directory: true
2026-10-10T06:06:00.3556439Z   allow-unsafe-pr-checkout: false
2026-10-10T06:06:00.3557288Z ##[endgroup]
2026-10-10T06:06:00.4555907Z Syncing repository: EcoDataLab/contingency-tables
2026-10-10T06:06:00.4558667Z ##[group]Getting Git version info
2026-10-10T06:06:00.4560523Z Working directory is '/home/runner/work/contingency-tables/contingency-tables'
2026-10-10T06:06:00.4562630Z [command]/usr/bin/git version
2026-10-10T06:06:00.5876090Z git version 2.55.0
2026-10-10T06:06:00.5901062Z ##[endgroup]
2026-10-10T06:06:00.5916370Z Temporarily overriding HOME='/home/runner/work/_temp/f6f95628-ae35-4c32-bb8e-3c9991cc2a13' before making global git config changes
2026-10-10T06:06:00.5919331Z Adding repository directory to the temporary git global config as a safe directory
2026-10-10T06:06:00.5922998Z [command]/usr/bin/git config --global --add safe.directory /home/runner/work/contingency-tables/contingency-tables
2026-10-10T06:06:00.6253577Z Deleting the contents of '/home/runner/work/contingency-tables/contingency-tables'
2026-10-10T06:06:00.6258591Z ##[group]Initializing the repository
2026-10-10T06:06:00.6263328Z [command]/usr/bin/git init /home/runner/work/contingency-tables/contingency-tables
2026-10-10T06:06:00.6792208Z hint: Using 'master' as the name for the initial branch. This default branch name
2026-10-10T06:06:00.6794339Z hint: will change to "main" in Git 3.0. To configure the initial branch name
2026-10-10T06:06:00.6796152Z hint: to use in all of your new repositories, which will suppress this warning,
2026-10-10T06:06:00.6797172Z hint: call:
2026-10-10T06:06:00.6798061Z hint:
2026-10-10T06:06:00.6799490Z hint: 	git config --global init.defaultBranch <name>
2026-10-10T06:06:00.6800948Z hint:
2026-10-10T06:06:00.6802305Z hint: Names commonly chosen instead of 'master' are 'main', 'trunk' and
2026-10-10T06:06:00.6804446Z hint: 'development'. The just-created branch can be renamed via this command:
2026-10-10T06:06:00.6806108Z hint:
2026-10-10T06:06:00.6807008Z hint: 	git branch -m <name>
2026-10-10T06:06:00.6808140Z hint:
2026-10-10T06:06:00.6809877Z hint: Disable this message with "git config set advice.defaultBranchName false"
2026-10-10T06:06:00.6812288Z Initialized empty Git repository in /home/runner/work/contingency-tables/contingency-tables/.git/
2026-10-10T06:06:00.6815664Z [command]/usr/bin/git remote add origin https://github.com/EcoDataLab/contingency-tables
2026-10-10T06:06:00.7110018Z ##[endgroup]
2026-10-10T06:06:00.7111593Z ##[group]Disabling automatic garbage collection
2026-10-10T06:06:00.7114245Z [command]/usr/bin/git config --local gc.auto 0
2026-10-10T06:06:00.7148515Z ##[endgroup]
2026-10-10T06:06:00.7150427Z ##[group]Setting up auth
2026-10-10T06:06:00.7156101Z [command]/usr/bin/git config --local --name-only --get-regexp core\.sshCommand
2026-10-10T06:06:00.7190735Z [command]/usr/bin/git submodule foreach --recursive sh -c "git config --local --name-only --get-regexp 'core\.sshCommand' && git config --local --unset-all 'core.sshCommand' || :"
2026-10-10T06:06:00.9316615Z [command]/usr/bin/git config --local --name-only --get-regexp http\.https\:\/\/github\.com\/\.extraheader
2026-10-10T06:06:00.9355206Z [command]/usr/bin/git submodule foreach --recursive sh -c "git config --local --name-only --get-regexp 'http\.https\:\/\/github\.com\/\.extraheader' && git config --local --unset-all 'http.https://github.com/.extraheader' || :"
2026-10-10T06:06:00.9581902Z [command]/usr/bin/git config --local --name-only --get-regexp ^includeIf\.gitdir:
2026-10-10T06:06:00.9620801Z [command]/usr/bin/git submodule foreach --recursive git config --local --show-origin --name-only --get-regexp remote.origin.url
2026-10-10T06:06:00.9845233Z [command]/usr/bin/git config --local http.https://github.com/.extraheader AUTHORIZATION: basic ***
2026-10-10T06:06:00.9886380Z ##[endgroup]
2026-10-10T06:06:00.9887876Z ##[group]Fetching the repository
2026-10-10T06:06:00.9897450Z [command]/usr/bin/git -c protocol.version=2 fetch --no-tags --prune --no-recurse-submodules --depth=1 origin +f2bc3fc8b66edcc3e52d2a1fdd5858d4fc4e1369:refs/remotes/origin/main
2026-10-10T06:06:02.2302805Z From https://github.com/EcoDataLab/contingency-tables
2026-10-10T06:06:02.2305978Z  * [new ref]         f2bc3fc8b66edcc3e52d2a1fdd5858d4fc4e1369 -> origin/main
2026-10-10T06:06:02.2313010Z ##[endgroup]
2026-10-10T06:06:02.2316036Z ##[group]Determining the checkout info
2026-10-10T06:06:02.2319863Z ##[endgroup]
2026-10-10T06:06:02.2321983Z [command]/usr/bin/git sparse-checkout disable
2026-10-10T06:06:02.2506414Z [command]/usr/bin/git config --local --unset-all extensions.worktreeConfig
2026-10-10T06:06:02.2543718Z ##[group]Checking out the ref
2026-10-10T06:06:02.2547275Z [command]/usr/bin/git checkout --progress --force -B main refs/remotes/origin/main
2026-10-10T06:06:02.3540846Z Switched to a new branch 'main'
2026-10-10T06:06:02.3545604Z branch 'main' set up to track 'origin/main'.
2026-10-10T06:06:02.3563408Z ##[endgroup]
2026-10-10T06:06:02.3609577Z [command]/usr/bin/git log -1 --format=%H
2026-10-10T06:06:02.3636492Z f2bc3fc8b66edcc3e52d2a1fdd5858d4fc4e1369
2026-10-10T06:06:02.4025649Z ##[group]Run actions/setup-python@v5
2026-10-10T06:06:02.4026872Z with:
2026-10-10T06:06:02.4027719Z   python-version: 3.13
2026-10-10T06:06:02.4028715Z   check-latest: false
2026-10-10T06:06:02.4039354Z   token: ***
2026-10-10T06:06:02.4040271Z   update-environment: true
2026-10-10T06:06:02.4041627Z   allow-prereleases: false
2026-10-10T06:06:02.4042684Z   freethreaded: false
2026-10-10T06:06:02.4043637Z ##[endgroup]
2026-10-10T06:06:02.5406586Z ##[group]Installed versions
2026-10-10T06:06:02.6059745Z (node:2294) [DEP0040] DeprecationWarning: The `punycode` module is deprecated. Please use a userland alternative instead.
2026-10-10T06:06:02.6063578Z (Use `node --trace-deprecation ...` to show where the warning was created)
2026-10-10T06:06:02.6152880Z Successfully set up CPython (3.13.16)
2026-10-10T06:06:02.6156214Z ##[endgroup]
2026-10-10T06:06:02.6319653Z ##[group]Run python -m pip install -e '.[research]'
2026-10-10T06:06:02.6321266Z [36;1mpython -m pip install -e '.[research]'[0m
2026-10-10T06:06:02.8125663Z shell: /usr/bin/bash -e {0}
2026-10-10T06:06:02.8126773Z env:
2026-10-10T06:06:02.8127861Z   pythonLocation: /opt/hostedtoolcache/Python/3.13.16/x64
2026-10-10T06:06:02.8129929Z   PKG_CONFIG_PATH: /opt/hostedtoolcache/Python/3.13.16/x64/lib/pkgconfig
2026-10-10T06:06:02.8131764Z   Python_ROOT_DIR: /opt/hostedtoolcache/Python/3.13.16/x64
2026-10-10T06:06:02.8133392Z   Python2_ROOT_DIR: /opt/hostedtoolcache/Python/3.13.16/x64
2026-10-10T06:06:02.8135026Z   Python3_ROOT_DIR: /opt/hostedtoolcache/Python/3.13.16/x64
2026-10-10T06:06:02.8136682Z   LD_LIBRARY_PATH: /opt/hostedtoolcache/Python/3.13.16/x64/lib
2026-10-10T06:06:02.8138111Z ##[endgroup]
2026-10-10T06:06:05.6358525Z Obtaining file:///home/runner/work/contingency-tables/contingency-tables
2026-10-10T06:06:05.6373959Z   Installing build dependencies: started
2026-10-10T06:06:07.0074736Z   Installing build dependencies: finished with status 'done'
2026-10-10T06:06:07.0081295Z   Checking if build backend supports build_editable: started
2026-10-10T06:06:07.3808574Z   Checking if build backend supports build_editable: finished with status 'done'
2026-10-10T06:06:07.3816575Z   Getting requirements to build editable: started
2026-10-10T06:06:07.7254844Z   Getting requirements to build editable: finished with status 'done'
2026-10-10T06:06:07.7263374Z   Preparing editable metadata (pyproject.toml): started
2026-10-10T06:06:07.9214089Z   Preparing editable metadata (pyproject.toml): finished with status 'done'
2026-10-10T06:06:08.2052919Z Collecting numpy>=1.24 (from contingency115==0.1.0)
2026-10-10T06:06:08.2613640Z   Downloading numpy-2.5.3-cp313-cp313-manylinux_2_27_x86_64.manylinux_2_28_x86_64.whl.metadata (6.6 kB)
2026-10-10T06:06:08.2728440Z Downloading numpy-2.5.3-cp313-cp313-manylinux_2_27_x86_64.manylinux_2_28_x86_64.whl (16.7 MB)
2026-10-10T06:06:08.5312236Z    ━━━━━━━━━━━━━━━━━━━━━━━━━━━━━━━━━━━━━━━━ 16.7/16.7 MB 70.4 MB/s  0:00:00
2026-10-10T06:06:08.5555679Z Building wheels for collected packages: contingency115
2026-10-10T06:06:08.5564571Z   Building editable for contingency115 (pyproject.toml): started
2026-10-10T06:06:08.7781018Z   Building editable for contingency115 (pyproject.toml): finished with status 'done'
2026-10-10T06:06:08.7786563Z   Created wheel for contingency115: filename=contingency115-0.1.0-0.editable-py3-none-any.whl size=14079 sha256=9a14194e6a7be3604c6f60d938d3616e33833bacafd11fdb0dd19b8c80a3a2ab
2026-10-10T06:06:08.7789115Z   Stored in directory: /tmp/pip-ephem-wheel-cache-21zdmy1n/wheels/c3/0a/ad/b389841d24d4feb411f146e1fe2f9720adc790da4627c57a2e
2026-10-10T06:06:08.7812553Z Successfully built contingency115
2026-10-10T06:06:08.8022827Z Installing collected packages: numpy, contingency115
2026-10-10T06:06:11.2033044Z 
2026-10-10T06:06:11.2044107Z Successfully installed contingency115-0.1.0 numpy-2.5.3
2026-10-10T06:06:11.2722516Z ##[group]Run python -m unittest discover -s tests -v
2026-10-10T06:06:11.2722971Z [36;1mpython -m unittest discover -s tests -v[0m
2026-10-10T06:06:11.2786507Z shell: /usr/bin/bash -e {0}
2026-10-10T06:06:11.2786760Z env:
2026-10-10T06:06:11.2787032Z   pythonLocation: /opt/hostedtoolcache/Python/3.13.16/x64
2026-10-10T06:06:11.2787488Z   PKG_CONFIG_PATH: /opt/hostedtoolcache/Python/3.13.16/x64/lib/pkgconfig
2026-10-10T06:06:11.2787945Z   Python_ROOT_DIR: /opt/hostedtoolcache/Python/3.13.16/x64
2026-10-10T06:06:11.2788553Z   Python2_ROOT_DIR: /opt/hostedtoolcache/Python/3.13.16/x64
2026-10-10T06:06:11.2789314Z   Python3_ROOT_DIR: /opt/hostedtoolcache/Python/3.13.16/x64
2026-10-10T06:06:11.2789742Z   LD_LIBRARY_PATH: /opt/hostedtoolcache/Python/3.13.16/x64/lib
2026-10-10T06:06:11.2790063Z ##[endgroup]
2026-10-10T06:06:12.2339489Z test_blocks_can_regress_when_burn_in_is_cheap (test_block_budgets.BlockBudgetTests.test_blocks_can_regress_when_burn_in_is_cheap) ... ok
2026-10-10T06:06:12.2366302Z test_eighth_policy_reduces_total_work_against_quarter_on_reference_case (test_block_budgets.BlockBudgetTests.test_eighth_policy_reduces_total_work_against_quarter_on_reference_case) ... ok
2026-10-10T06:06:12.2615451Z test_exact_chebyshev_median_and_coupling_allocations (test_block_budgets.BlockBudgetTests.test_exact_chebyshev_median_and_coupling_allocations) ... ok
2026-10-10T06:06:12.2803754Z test_exact_general_failure_targets_and_eighth_search_cap (test_block_budgets.BlockBudgetTests.test_exact_general_failure_targets_and_eighth_search_cap) ... ok
2026-10-10T06:06:12.2828316Z test_exact_lag_bounds_for_two_state_chains (test_block_budgets.BlockBudgetTests.test_exact_lag_bounds_for_two_state_chains) ... ok
2026-10-10T06:06:12.4744421Z test_exact_majority_tail_and_minimal_odd_count (test_block_budgets.BlockBudgetTests.test_exact_majority_tail_and_minimal_odd_count) ... ok
2026-10-10T06:06:12.4861598Z test_finite_block_tails_and_independent_median_distribution (test_block_budgets.BlockBudgetTests.test_finite_block_tails_and_independent_median_distribution) ... ok
2026-10-10T06:06:12.4865451Z test_independence_negative_controls (test_block_budgets.BlockBudgetTests.test_independence_negative_controls) ... ok
2026-10-10T06:06:12.4873347Z test_input_validation_and_generic_support (test_block_budgets.BlockBudgetTests.test_input_validation_and_generic_support) ... ok
2026-10-10T06:06:12.4904429Z test_median_law_monotonicity_and_rounding_with_order_changes (test_block_budgets.BlockBudgetTests.test_median_law_monotonicity_and_rounding_with_order_changes) ... ok
2026-10-10T06:06:12.5304072Z test_stationary_variance_against_full_finite_block_laws (test_block_budgets.BlockBudgetTests.test_stationary_variance_against_full_finite_block_laws) ... ok
2026-10-10T06:06:12.5312970Z test_work_accounting_tracks_evaluation_tradeoff (test_block_budgets.BlockBudgetTests.test_work_accounting_tracks_evaluation_tradeoff) ... ok
2026-10-10T06:06:12.5316336Z test_zero_height_and_one_observation_boundaries (test_block_budgets.BlockBudgetTests.test_zero_height_and_one_observation_boundaries) ... ok
2026-10-10T06:06:12.6698238Z test_all_binary_two_by_three_supports_and_attainable_margins (test_block_sampler.BlockSamplerTests.test_all_binary_two_by_three_supports_and_attainable_margins) ... ok
2026-10-10T06:06:12.7196771Z test_all_three_by_three_blocks_against_cycle_union_oracle (test_block_sampler.BlockSamplerTests.test_all_three_by_three_blocks_against_cycle_union_oracle) ... ok
2026-10-10T06:06:12.7313126Z test_bridge_between_components_and_cycle_dp_hybrid (test_block_sampler.BlockSamplerTests.test_bridge_between_components_and_cycle_dp_hybrid) ... ok
2026-10-10T06:06:12.8165011Z test_complex_blocks_share_articulation_and_fixed_chord (test_block_sampler.BlockSamplerTests.test_complex_blocks_share_articulation_and_fixed_chord) ... ok
2026-10-10T06:06:12.8192147Z test_correlated_uniform_marginals_do_not_satisfy_rng_contract (test_block_sampler.BlockSamplerTests.test_correlated_uniform_marginals_do_not_satisfy_rng_contract) ... ok
2026-10-10T06:06:12.8213279Z test_disconnected_empty_and_zero_fibers (test_block_sampler.BlockSamplerTests.test_disconnected_empty_and_zero_fibers) ... ok
2026-10-10T06:06:12.8351475Z test_exact_weighted_random_choice_tree (test_block_sampler.BlockSamplerTests.test_exact_weighted_random_choice_tree) ... ok
2026-10-10T06:06:12.8454292Z test_huge_cycle_width_and_many_small_complex_blocks (test_block_sampler.BlockSamplerTests.test_huge_cycle_width_and_many_small_complex_blocks) ... ok
2026-10-10T06:06:12.9348617Z test_seeded_bounded_product_laws_and_zero_activities (test_block_sampler.BlockSamplerTests.test_seeded_bounded_product_laws_and_zero_activities) ... ok
2026-10-10T06:06:12.9375835Z test_shared_and_per_block_dp_limits_are_distinct_and_sticky (test_block_sampler.BlockSamplerTests.test_shared_and_per_block_dp_limits_are_distinct_and_sticky) ... ok
2026-10-10T06:06:12.9390688Z test_shared_cycle_preparation_limit_and_weight_preflight (test_block_sampler.BlockSamplerTests.test_shared_cycle_preparation_limit_and_weight_preflight) ... ok
2026-10-10T06:06:12.9403939Z test_weighted_dp_failure_precedes_any_rng (test_block_sampler.BlockSamplerTests.test_weighted_dp_failure_precedes_any_rng) ... ok
2026-10-10T06:06:12.9413703Z test_zero_mass_and_bad_inputs (test_block_sampler.BlockSamplerTests.test_zero_mass_and_bad_inputs) ... ok
2026-10-10T06:06:12.9416645Z test_cost_and_domination_are_distinct (test_budgets.CorrectionTests.test_cost_and_domination_are_distinct) ... ok
2026-10-10T06:06:12.9427783Z test_count_bound_against_independent_enumeration (test_budgets.CorrectionTests.test_count_bound_against_independent_enumeration) ... ok
2026-10-10T06:06:12.9451305Z test_gate_law_and_expected_reads_exhaustively (test_budgets.CorrectionTests.test_gate_law_and_expected_reads_exhaustively) ... ok
2026-10-10T06:06:13.0276371Z test_residuals_and_mixture_on_all_small_dyadic_laws (test_budgets.CorrectionTests.test_residuals_and_mixture_on_all_small_dyadic_laws) ... ok
2026-10-10T06:06:13.0311659Z test_sharp_integer_domination_threshold (test_budgets.CorrectionTests.test_sharp_integer_domination_threshold) ... ok
2026-10-10T06:06:13.0339346Z test_actual_annealing_step_controls_counts_and_mass (test_budgets.CountingBudgetTests.test_actual_annealing_step_controls_counts_and_mass) ... ok
2026-10-10T06:06:13.0376068Z test_actual_rational_bisection_at_exponent_and_rounding_boundaries (test_budgets.CountingBudgetTests.test_actual_rational_bisection_at_exponent_and_rounding_boundaries) ... ok
2026-10-10T06:06:13.0394414Z test_bernstein_variance_bound_is_attained_by_an_endpoint_law (test_budgets.CountingBudgetTests.test_bernstein_variance_bound_is_attained_by_an_endpoint_law) ... ok
2026-10-10T06:06:13.0396965Z test_common_allocation_remains_available (test_budgets.CountingBudgetTests.test_common_allocation_remains_available) ... ok
2026-10-10T06:06:13.0477276Z test_concentration_coupling_and_mixing_allocations (test_budgets.CountingBudgetTests.test_concentration_coupling_and_mixing_allocations) ... ok
2026-10-10T06:06:13.0480137Z test_correction_rounding_bounds_cover_the_larger_sigma_range (test_budgets.CountingBudgetTests.test_correction_rounding_bounds_cover_the_larger_sigma_range) ... ok
2026-10-10T06:06:13.0482411Z test_custom_support_narrower_than_ratio_range (test_budgets.CountingBudgetTests.test_custom_support_narrower_than_ratio_range) ... ok
2026-10-10T06:06:13.0484352Z test_extracted_counting_gap_constant (test_budgets.CountingBudgetTests.test_extracted_counting_gap_constant) ... ok
2026-10-10T06:06:13.0518316Z test_product_policy_all_factors_at_boundary (test_budgets.CountingBudgetTests.test_product_policy_all_factors_at_boundary) ... ok
2026-10-10T06:06:13.0522577Z test_sharp_source_concentration_constants (test_budgets.CountingBudgetTests.test_sharp_source_concentration_constants) ... ok
2026-10-10T06:06:13.0587602Z test_sharp_source_support_population_and_floor_bounds (test_budgets.CountingBudgetTests.test_sharp_source_support_population_and_floor_bounds) ... ok
2026-10-10T06:06:13.0590048Z test_source_sigma_policy_compatibility (test_budgets.CountingBudgetTests.test_source_sigma_policy_compatibility) ... ok
2026-10-10T06:06:13.0833941Z test_logarithms_and_ceilings_without_float (test_budgets.ExactArithmeticTests.test_logarithms_and_ceilings_without_float) ... ok
2026-10-10T06:06:13.0839543Z test_reject_inexact_or_out_of_domain_inputs (test_budgets.ExactArithmeticTests.test_reject_inexact_or_out_of_domain_inputs) ... ok
2026-10-10T06:06:13.0859182Z test_dense_failure_uses_exact_survival_probability (test_budgets.SamplingBudgetTests.test_dense_failure_uses_exact_survival_probability) ... ok
2026-10-10T06:06:13.0860645Z test_generic_mass_and_gap_inputs (test_budgets.SamplingBudgetTests.test_generic_mass_and_gap_inputs) ... ok
2026-10-10T06:06:13.1048592Z test_offset_formula_against_enumerated_actual_law (test_budgets.SamplingBudgetTests.test_offset_formula_against_enumerated_actual_law) ... ok
2026-10-10T06:06:13.1064417Z test_outer_three_independent_error_certificates (test_budgets.SamplingBudgetTests.test_outer_three_independent_error_certificates) ... ok
2026-10-10T06:06:13.1067096Z test_updated_denominator_allowance (test_budgets.SamplingBudgetTests.test_updated_denominator_allowance) ... ok
2026-10-10T06:06:13.1069089Z test_cycle_rejected (test_build_lean_serial.GraphTests.test_cycle_rejected) ... ok
2026-10-10T06:06:13.1125093Z test_deep_graph_is_not_limited_by_python_recursion (test_build_lean_serial.GraphTests.test_deep_graph_is_not_limited_by_python_recursion) ... ok
2026-10-10T06:06:13.1126713Z test_diamond_order_roots_and_external_boundary (test_build_lean_serial.GraphTests.test_diamond_order_roots_and_external_boundary) ... ok
2026-10-10T06:06:13.1128140Z test_missing_source_propagates (test_build_lean_serial.GraphTests.test_missing_source_propagates) ... ok
2026-10-10T06:06:13.1129435Z test_implicit_init_and_duplicates (test_build_lean_serial.HeaderTests.test_implicit_init_and_duplicates) ... ok
2026-10-10T06:06:13.1131228Z test_invalid_header_modifiers_and_unclosed_header_comment (test_build_lean_serial.HeaderTests.test_invalid_header_modifiers_and_unclosed_header_comment) ... ok
2026-10-10T06:06:13.1132393Z test_module_modifiers_and_same_line_imports (test_build_lean_serial.HeaderTests.test_module_modifiers_and_same_line_imports) ... ok
2026-10-10T06:06:13.1154760Z test_native_windows_import_and_explicit_cli_boundary (test_build_lean_serial.HeaderTests.test_native_windows_import_and_explicit_cli_boundary) ... ok
2026-10-10T06:06:13.1156029Z test_nested_comments_and_proof_body_are_not_imports (test_build_lean_serial.HeaderTests.test_nested_comments_and_proof_body_are_not_imports) ... ok
2026-10-10T06:06:13.1157686Z test_unsupported_imports_fail_instead_of_disappearing (test_build_lean_serial.HeaderTests.test_unsupported_imports_fail_instead_of_disappearing) ... ok
2026-10-10T06:06:13.1184287Z test_dependencies_checked_then_single_explicit_module_target (test_build_lean_serial.SerialExecutionTests.test_dependencies_checked_then_single_explicit_module_target) ... ok
2026-10-10T06:06:13.1207814Z test_failed_module_stops_before_next_module (test_build_lean_serial.SerialExecutionTests.test_failed_module_stops_before_next_module) ... ok
2026-10-10T06:06:13.1221389Z test_interruption_does_not_record_a_success (test_build_lean_serial.SerialExecutionTests.test_interruption_does_not_record_a_success) ... ok
2026-10-10T06:06:13.1237680Z test_missing_dependency_blocks_compile (test_build_lean_serial.SerialExecutionTests.test_missing_dependency_blocks_compile) ... ok
2026-10-10T06:06:13.1256812Z test_source_change_during_dependency_check_blocks_compile (test_build_lean_serial.SerialExecutionTests.test_source_change_during_dependency_check_blocks_compile) ... ok
2026-10-10T06:06:13.1267903Z test_source_removed_before_build_blocks_all_processes (test_build_lean_serial.SerialExecutionTests.test_source_removed_before_build_blocks_all_processes) ... ok
2026-10-10T06:06:13.2839755Z test_all_binary_two_by_three_supports_and_attainable_margins (test_cactus.CactusTests.test_all_binary_two_by_three_supports_and_attainable_margins) ... ok
2026-10-10T06:06:13.3594686Z test_all_three_by_three_graphs_against_simple_cycle_oracle (test_cactus.CactusTests.test_all_three_by_three_graphs_against_simple_cycle_oracle) ... ok
2026-10-10T06:06:13.3600060Z test_binary_encoded_huge_width_uses_mixed_radix (test_cactus.CactusTests.test_binary_encoded_huge_width_uses_mixed_radix) ... ok
2026-10-10T06:06:13.3638543Z test_cycles_can_share_vertices_and_fixed_chords_are_removed (test_cactus.CactusTests.test_cycles_can_share_vertices_and_fixed_chords_are_removed) ... ok
2026-10-10T06:06:13.3656433Z test_disconnected_cycles_bridges_and_positive_lower_bounds (test_cactus.CactusTests.test_disconnected_cycles_bridges_and_positive_lower_bounds) ... ok
2026-10-10T06:06:13.3662212Z test_empty_zero_and_forest_fibers (test_cactus.CactusTests.test_empty_zero_and_forest_fibers) ... ok
2026-10-10T06:06:13.3667501Z test_rank_parameters_and_structural_budgets (test_cactus.CactusTests.test_rank_parameters_and_structural_budgets) ... ok
2026-10-10T06:06:13.3697947Z test_storage_plan_with_large_rational_activity_coefficients (test_cactus.CactusTests.test_storage_plan_with_large_rational_activity_coefficients) ... ok
2026-10-10T06:06:13.3708098Z test_weight_planner_rejects_before_weight_arithmetic_or_rng (test_cactus.CactusTests.test_weight_planner_rejects_before_weight_arithmetic_or_rng) ... ok
2026-10-10T06:06:13.3710554Z test_weighted_empty_and_validation (test_cactus.CactusTests.test_weighted_empty_and_validation) ... ok
2026-10-10T06:06:13.4393566Z test_weighted_factorization_against_seeded_dp (test_cactus.CactusTests.test_weighted_factorization_against_seeded_dp) ... ok
2026-10-10T06:06:13.4402973Z test_weighted_random_choice_tree_is_exact (test_cactus.CactusTests.test_weighted_random_choice_tree_is_exact) ... ok
2026-10-10T06:06:13.4408042Z test_zero_activities_restrict_intervals_before_planning (test_cactus.CactusTests.test_zero_activities_restrict_intervals_before_planning) ... ok
2026-10-10T06:06:13.4410619Z test_constant_observable (test_chain_diagnostics.StationaryVarianceTests.test_constant_observable) ... ok
2026-10-10T06:06:13.4413309Z test_disconnected_different_means (test_chain_diagnostics.StationaryVarianceTests.test_disconnected_different_means) ... ok
2026-10-10T06:06:13.4419636Z test_disconnected_identical_means_have_finite_stationary_ensemble_limit (test_chain_diagnostics.StationaryVarianceTests.test_disconnected_identical_means_have_finite_stationary_ensemble_limit) ... ok
2026-10-10T06:06:13.4422312Z test_iid_weighted_two_states (test_chain_diagnostics.StationaryVarianceTests.test_iid_weighted_two_states) ... ok
2026-10-10T06:06:13.4426538Z test_null_target_states_are_excluded (test_chain_diagnostics.StationaryVarianceTests.test_null_target_states_are_excluded) ... ok
2026-10-10T06:06:13.4430226Z test_periodic_alternation_has_zero_limit_not_covariance_sum (test_chain_diagnostics.StationaryVarianceTests.test_periodic_alternation_has_zero_limit_not_covariance_sum) ... ok
2026-10-10T06:06:13.4433880Z test_persistent_two_state_analytic_answer (test_chain_diagnostics.StationaryVarianceTests.test_persistent_two_state_analytic_answer) ... ok
2026-10-10T06:06:13.4437874Z test_validation_and_resource_failures (test_chain_diagnostics.StationaryVarianceTests.test_validation_and_resource_failures) ... ok
2026-10-10T06:06:13.9289404Z test_an_omitted_headline_is_not_verified_by_a_large_count (test_claims_ledger.ClaimsLedgerTests.test_an_omitted_headline_is_not_verified_by_a_large_count) ... ok
2026-10-10T06:06:14.4311735Z test_audit_driver_uses_receipt_modules_and_every_ledger_headline (test_claims_ledger.ClaimsLedgerTests.test_audit_driver_uses_receipt_modules_and_every_ledger_headline) ... ok
2026-10-10T06:06:14.4332411Z test_changed_raw_log_fails_even_when_receipt_count_is_unchanged (test_claims_ledger.ClaimsLedgerTests.test_changed_raw_log_fails_even_when_receipt_count_is_unchanged) ... ok
2026-10-10T06:06:14.4348048Z test_changed_receipt_digest_and_unknown_status_fail (test_claims_ledger.ClaimsLedgerTests.test_changed_receipt_digest_and_unknown_status_fail) ... ok
2026-10-10T06:06:15.3944666Z test_claim_scope_is_bound_and_overlap_claim_fails (test_claims_ledger.ClaimsLedgerTests.test_claim_scope_is_bound_and_overlap_claim_fails) ... ok
2026-10-10T06:06:15.8498236Z test_commit_binding_kinds_cannot_invent_or_drop_base_commit (test_claims_ledger.ClaimsLedgerTests.test_commit_binding_kinds_cannot_invent_or_drop_base_commit) ... ok
2026-10-10T06:06:16.3281987Z test_current_summary_prefers_integrated_scope_without_adding_historical_overlap (test_claims_ledger.ClaimsLedgerTests.test_current_summary_prefers_integrated_scope_without_adding_historical_overlap) ... ok
2026-10-10T06:06:16.8066585Z test_delivered_scopes_replay_and_linux_overlap_is_not_added (test_claims_ledger.ClaimsLedgerTests.test_delivered_scopes_replay_and_linux_overlap_is_not_added) ... ok
2026-10-10T06:06:16.8071092Z test_empty_claims_cannot_leave_only_counts (test_claims_ledger.ClaimsLedgerTests.test_empty_claims_cannot_leave_only_counts) ... ok
2026-10-10T06:06:16.8075200Z test_generated_section_replacement_preserves_outside_and_requires_markers (test_claims_ledger.ClaimsLedgerTests.test_generated_section_replacement_preserves_outside_and_requires_markers) ... ok
2026-10-10T06:06:18.2386575Z test_headline_cannot_be_bound_to_an_unrelated_verified_source (test_claims_ledger.ClaimsLedgerTests.test_headline_cannot_be_bound_to_an_unrelated_verified_source) ... ok
2026-10-10T06:06:18.7126779Z test_historical_changed_sources_cannot_be_promoted_to_current (test_claims_ledger.ClaimsLedgerTests.test_historical_changed_sources_cannot_be_promoted_to_current) ... ok
2026-10-10T06:06:18.7129605Z test_paths_cannot_escape_the_repository (test_claims_ledger.ClaimsLedgerTests.test_paths_cannot_escape_the_repository) ... ok
2026-10-10T06:06:20.1425752Z test_summary_cannot_hide_current_receipt_or_reference_unvalidated_scope (test_claims_ledger.ClaimsLedgerTests.test_summary_cannot_hide_current_receipt_or_reference_unvalidated_scope) ... ok
2026-10-10T06:06:20.1456860Z test_a_present_nonfile_upstream_path_is_not_treated_as_absent (test_claims_ledger.CleanCloneSourceChecks.test_a_present_nonfile_upstream_path_is_not_treated_as_absent) ... ok
2026-10-10T06:06:20.1504125Z test_any_present_upstream_file_is_checked_and_changes_reject_current (test_claims_ledger.CleanCloneSourceChecks.test_any_present_upstream_file_is_checked_and_changes_reject_current) ... ok
2026-10-10T06:06:20.1531027Z test_clean_clone_preserves_exact_upstream_digest_and_reports_unchecked (test_claims_ledger.CleanCloneSourceChecks.test_clean_clone_preserves_exact_upstream_digest_and_reports_unchecked) ... ok
2026-10-10T06:06:20.1570979Z test_missing_or_changed_headline_source_remains_a_blocker (test_claims_ledger.CleanCloneSourceChecks.test_missing_or_changed_headline_source_remains_a_blocker) ... ok
2026-10-10T06:06:20.1610374Z test_missing_or_changed_owned_dependency_remains_a_blocker (test_claims_ledger.CleanCloneSourceChecks.test_missing_or_changed_owned_dependency_remains_a_blocker) ... ok
2026-10-10T06:06:20.1623952Z test_other_ignored_prefix_cannot_hide_missing_owned_inputs (test_claims_ledger.CleanCloneSourceChecks.test_other_ignored_prefix_cannot_hide_missing_owned_inputs) ... ok
2026-10-10T06:06:20.1651330Z test_unpinned_absent_upstream_is_not_exempt (test_claims_ledger.CleanCloneSourceChecks.test_unpinned_absent_upstream_is_not_exempt) ... ok
2026-10-10T06:06:20.1666749Z test_budget_and_watchdog_do_not_claim_partial_bounds (test_commute_scaling.CommuteScalingTests.test_budget_and_watchdog_do_not_claim_partial_bounds) ... ok
2026-10-10T06:06:20.1679905Z test_generator_is_deterministic_nested_and_feasible (test_commute_scaling.CommuteScalingTests.test_generator_is_deterministic_nested_and_feasible) ... ok
2026-10-10T06:06:20.1728642Z test_small_report_json_reconstructs_verified_results (test_commute_scaling.CommuteScalingTests.test_small_report_json_reconstructs_verified_results) ... ok
2026-10-10T06:06:20.1734492Z test_switch_product_constructs_distinct_feasible_tables (test_commute_scaling.CommuteScalingTests.test_switch_product_constructs_distinct_feasible_tables) ... ok
2026-10-10T06:06:20.1740471Z test_switch_verifier_rejects_tampering (test_commute_scaling.CommuteScalingTests.test_switch_verifier_rejects_tampering) ... ok
2026-10-10T06:06:20.1948472Z test_every_small_worker_law_against_independent_exact_combinatorics (test_commuting_backtest.PublicCommutingBacktestTests.test_every_small_worker_law_against_independent_exact_combinatorics) ... ok
2026-10-10T06:06:20.1951352Z test_invalid_or_over_budget_margins_fail_without_partial_result (test_commuting_backtest.PublicCommutingBacktestTests.test_invalid_or_over_budget_margins_fail_without_partial_result) ... ok
2026-10-10T06:06:20.1956099Z test_joint_changes_scoring_but_cannot_change_margin_prediction (test_commuting_backtest.PublicCommutingBacktestTests.test_joint_changes_scoring_but_cannot_change_margin_prediction) ... ok
2026-10-10T06:06:20.1958505Z test_official_checksum_match_must_be_unambiguous (test_commuting_backtest.PublicCommutingBacktestTests.test_official_checksum_match_must_be_unambiguous) ... ok
2026-10-10T06:06:20.1971873Z test_public_snapshot_is_complete_pinned_and_exhaustively_selected (test_commuting_backtest.PublicCommutingBacktestTests.test_public_snapshot_is_complete_pinned_and_exhaustively_selected) ... ok
2026-10-10T06:06:21.4827917Z test_report_denominators_distinguish_repeated_cells_and_fixed_metric (test_commuting_backtest.PublicCommutingBacktestTests.test_report_denominators_distinguish_repeated_cells_and_fixed_metric) ... ok
2026-10-10T06:06:21.4840041Z test_snapshot_corruption_is_rejected (test_commuting_backtest.PublicCommutingBacktestTests.test_snapshot_corruption_is_rejected) ... ok
2026-10-10T06:06:21.4845631Z test_source_aggregation_orientation_and_zero_completion (test_commuting_backtest.PublicCommutingBacktestTests.test_source_aggregation_orientation_and_zero_completion) ... ok
2026-10-10T06:06:21.5035228Z test_uniform_quantiles_and_moments_against_enumerated_integer_support (test_commuting_backtest.PublicCommutingBacktestTests.test_uniform_quantiles_and_moments_against_enumerated_integer_support) ... ok
2026-10-10T06:06:21.6290702Z test_worker_large_symmetric_support_mean_and_endpoint_symmetry (test_commuting_backtest.PublicCommutingBacktestTests.test_worker_large_symmetric_support_mean_and_endpoint_symmetry) ... ok
2026-10-10T06:06:21.6311393Z test_before_after_inventory_detects_object_mutation_and_new_object (test_environment_audit_runner.EnvironmentRunnerTests.test_before_after_inventory_detects_object_mutation_and_new_object) ... ok
2026-10-10T06:06:21.6314086Z test_custom_axioms_and_inconsistent_axiom_classification_fail (test_environment_audit_runner.EnvironmentRunnerTests.test_custom_axioms_and_inconsistent_axiom_classification_fail) ... ok
2026-10-10T06:06:21.6319575Z test_driver_uses_all_frozen_modules_and_distinct_helper_prefix (test_environment_audit_runner.EnvironmentRunnerTests.test_driver_uses_all_frozen_modules_and_distinct_helper_prefix) ... ok
2026-10-10T06:06:21.6322149Z test_exact_headline_dependency_closure_cannot_omit_or_add_dependencies (test_environment_audit_runner.EnvironmentRunnerTests.test_exact_headline_dependency_closure_cannot_omit_or_add_dependencies) ... ok
2026-10-10T06:06:21.6339433Z test_failure_receipt_is_preserved_and_attempt_cannot_be_overwritten (test_environment_audit_runner.EnvironmentRunnerTests.test_failure_receipt_is_preserved_and_attempt_cannot_be_overwritten) ... ok
2026-10-10T06:06:21.6345017Z test_import_and_native_runtime_directories_must_all_be_inventoried (test_environment_audit_runner.EnvironmentRunnerTests.test_import_and_native_runtime_directories_must_all_be_inventoried) ... ok
2026-10-10T06:06:21.6366234Z test_ir_signature_mutation_and_new_companion_are_bound (test_environment_audit_runner.EnvironmentRunnerTests.test_ir_signature_mutation_and_new_companion_are_bound) ... ok
2026-10-10T06:06:21.6370188Z test_json_framing_and_duplicate_keys_fail_closed (test_environment_audit_runner.EnvironmentRunnerTests.test_json_framing_and_duplicate_keys_fail_closed) ... ok
2026-10-10T06:06:21.6380590Z test_lean_prefix_shadowing_matches_pinned_search_path_semantics (test_environment_audit_runner.EnvironmentRunnerTests.test_lean_prefix_shadowing_matches_pinned_search_path_semantics) ... ok
2026-10-10T06:06:21.6382995Z test_missing_modules_headlines_and_known_declarations_fail (test_environment_audit_runner.EnvironmentRunnerTests.test_missing_modules_headlines_and_known_declarations_fail) ... ok
2026-10-10T06:06:21.6398199Z test_new_helper_companion_is_detected_in_complete_helper_inventory (test_environment_audit_runner.EnvironmentRunnerTests.test_new_helper_companion_is_detected_in_complete_helper_inventory) ... ok
2026-10-10T06:06:21.6547397Z test_nonzero_exit_or_stderr_cannot_be_rescued_by_valid_json (test_environment_audit_runner.EnvironmentRunnerTests.test_nonzero_exit_or_stderr_cannot_be_rescued_by_valid_json) ... ok
2026-10-10T06:06:21.6550232Z test_path_inventory_coverage_cannot_be_spoofed_with_parent_traversal (test_environment_audit_runner.EnvironmentRunnerTests.test_path_inventory_coverage_cannot_be_spoofed_with_parent_traversal) ... ok
2026-10-10T06:06:21.6552593Z test_scope_and_kind_count_mismatches_fail (test_environment_audit_runner.EnvironmentRunnerTests.test_scope_and_kind_count_mismatches_fail) ... ok
2026-10-10T06:06:21.6554851Z test_unexpected_source_bound_project_import_cannot_hide_as_cache (test_environment_audit_runner.EnvironmentRunnerTests.test_unexpected_source_bound_project_import_cannot_hide_as_cache) ... ok
2026-10-10T06:06:21.6559892Z test_unicode_lean_statement_survives_utf8_json_roundtrip (test_environment_audit_runner.EnvironmentRunnerTests.test_unicode_lean_statement_survives_utf8_json_roundtrip) ... ok
2026-10-10T06:06:21.6562304Z test_valid_report_includes_unlisted_and_private_dependencies (test_environment_audit_runner.EnvironmentRunnerTests.test_valid_report_includes_unlisted_and_private_dependencies) ... ok
2026-10-10T06:06:21.6994067Z test_budget_caps_fail_without_partial_results (test_ideal_chain.IdealChainTests.test_budget_caps_fail_without_partial_results) ... ok
2026-10-10T06:06:21.7113392Z test_exact_censoring_and_physical_return_time (test_ideal_chain.IdealChainTests.test_exact_censoring_and_physical_return_time) ... ok
2026-10-10T06:06:21.7142612Z test_feasibility_equations_and_fibre_margins (test_ideal_chain.IdealChainTests.test_feasibility_equations_and_fibre_margins) ... ok
2026-10-10T06:06:21.7276744Z test_independent_doubled_exchange_and_repair_edges (test_ideal_chain.IdealChainTests.test_independent_doubled_exchange_and_repair_edges) ... ok
2026-10-10T06:06:21.7323209Z test_independent_first_hit_equations_on_embedded_jump_chain (test_ideal_chain.IdealChainTests.test_independent_first_hit_equations_on_embedded_jump_chain) ... ok
2026-10-10T06:06:21.7325292Z test_literal_excursion_counts_holds_and_enforces_cap (test_ideal_chain.IdealChainTests.test_literal_excursion_counts_holds_and_enforces_cap) ... ok
2026-10-10T06:06:21.7327278Z test_literal_mixed_large_crossing_and_unique_completions (test_ideal_chain.IdealChainTests.test_literal_mixed_large_crossing_and_unique_completions) ... ok
2026-10-10T06:06:21.7403662Z test_literal_parameters_state_set_and_empty_fibres (test_ideal_chain.IdealChainTests.test_literal_parameters_state_set_and_empty_fibres) ... ok
2026-10-10T06:06:21.7562658Z test_literal_rng_decision_tree_including_holds_and_rejections (test_ideal_chain.IdealChainTests.test_literal_rng_decision_tree_including_holds_and_rejections) ... ok
2026-10-10T06:06:21.7779642Z test_nontrivial_completion_translation_is_source_star_not_metropolis (test_ideal_chain.IdealChainTests.test_nontrivial_completion_translation_is_source_star_not_metropolis) ... ok
2026-10-10T06:06:21.7781804Z test_rejects_changed_target_and_malformed_input (test_ideal_chain.IdealChainTests.test_rejects_changed_target_and_malformed_input) ... ok
2026-10-10T06:06:21.8116614Z test_stationary_output_bijection_and_conditional_uniformity (test_ideal_chain.IdealChainTests.test_stationary_output_bijection_and_conditional_uniformity) ... ok
2026-10-10T06:06:21.8170523Z test_zero_margins_degenerate_rectangles_and_parameter_bits (test_ideal_chain.IdealChainTests.test_zero_margins_degenerate_rectangles_and_parameter_bits) ... ok
2026-10-10T06:06:22.1648093Z test_saved_certificate_matches_independent_graph_and_backend (test_ideal_two_by_two.IdealTwoByTwoCertificate.test_saved_certificate_matches_independent_graph_and_backend) ... ok
2026-10-10T06:06:22.1660802Z test_catalog_has_all_nine_rectangles_and_six_hexagons_in_k33 (test_kernels.CycleKernelTests.test_catalog_has_all_nine_rectangles_and_six_hexagons_in_k33) ... ok
2026-10-10T06:06:22.1670197Z test_complete_fiber_is_required_and_caps_fail_before_allocation (test_kernels.CycleKernelTests.test_complete_fiber_is_required_and_caps_fail_before_allocation) ... ok
2026-10-10T06:06:22.1680850Z test_full_line_draw_reaches_every_two_by_two_table (test_kernels.CycleKernelTests.test_full_line_draw_reaches_every_two_by_two_table) ... ok
2026-10-10T06:06:22.1682108Z test_invalid_cycles_are_rejected (test_kernels.CycleKernelTests.test_invalid_cycles_are_rejected) ... ok
2026-10-10T06:06:22.1706141Z test_nonuniform_input_fixed_catalog_mixture_is_reversible (test_kernels.CycleKernelTests.test_nonuniform_input_fixed_catalog_mixture_is_reversible) ... ok
2026-10-10T06:06:22.2239918Z test_optional_spectral_diagnostic_on_exactly_known_cases (test_kernels.CycleKernelTests.test_optional_spectral_diagnostic_on_exactly_known_cases) ... ok
2026-10-10T06:06:22.2309632Z test_rational_weighted_bounded_kernel_and_null_states (test_kernels.CycleKernelTests.test_rational_weighted_bounded_kernel_and_null_states) ... ok
2026-10-10T06:06:22.2311290Z test_sparse_six_cycle_is_frozen_for_rectangle_moves (test_kernels.CycleKernelTests.test_sparse_six_cycle_is_frozen_for_rectangle_moves) ... ok
2026-10-10T06:06:22.2312869Z test_weighted_conditional_line_is_not_a_uniform_line (test_kernels.CycleKernelTests.test_weighted_conditional_line_is_not_a_uniform_line) ... ok
2026-10-10T06:06:22.2429567Z test_dense_actual_scales_and_ambient_d (test_lattice_completion.LatticeCompletionTests.test_dense_actual_scales_and_ambient_d) ... ok
2026-10-10T06:06:22.2759723Z test_every_tiny_fine_table_and_balanced_preimages (test_lattice_completion.LatticeCompletionTests.test_every_tiny_fine_table_and_balanced_preimages) ... ok
2026-10-10T06:06:22.2761593Z test_exact_geometric_arithmetic_and_preallocation_budget (test_lattice_completion.LatticeCompletionTests.test_exact_geometric_arithmetic_and_preallocation_budget) ... ok
2026-10-10T06:06:22.2819661Z test_negative_decoding_and_sharp_rounding_error (test_lattice_completion.LatticeCompletionTests.test_negative_decoding_and_sharp_rounding_error) ... ok
2026-10-10T06:06:22.3142308Z test_random_higher_dimension_roundtrips_and_independent_prefix_residues (test_lattice_completion.LatticeCompletionTests.test_random_higher_dimension_roundtrips_and_independent_prefix_residues) ... ok
2026-10-10T06:06:22.3146710Z test_semantic_bounds_and_invalid_inputs (test_lattice_completion.LatticeCompletionTests.test_semantic_bounds_and_invalid_inputs) ... ok
2026-10-10T06:06:22.3156617Z test_singleton_dimensions_have_one_preimage_and_zero_rounding_error (test_lattice_completion.LatticeCompletionTests.test_singleton_dimensions_have_one_preimage_and_zero_rounding_error) ... ok
2026-10-10T06:06:22.3158458Z test_empty_and_multiline_axiom_reports_are_both_counted (test_lean_axiom_audit.LeanAxiomAudit.test_empty_and_multiline_axiom_reports_are_both_counted) ... ok
2026-10-10T06:06:22.3159723Z test_empty_or_duplicate_requests_fail (test_lean_axiom_audit.LeanAxiomAudit.test_empty_or_duplicate_requests_fail) ... ok
2026-10-10T06:06:22.3161580Z test_missing_duplicated_unrequested_or_reordered_reports_fail (test_lean_axiom_audit.LeanAxiomAudit.test_missing_duplicated_unrequested_or_reordered_reports_fail) ... ok
2026-10-10T06:06:22.3163442Z test_nonstandard_axioms_fail (test_lean_axiom_audit.LeanAxiomAudit.test_nonstandard_axioms_fail) ... ok
2026-10-10T06:06:22.3164965Z test_unrecognized_lean_report_fails_closed (test_lean_axiom_audit.LeanAxiomAudit.test_unrecognized_lean_report_fails_closed) ... ok
2026-10-10T06:06:22.3167684Z test_certifies_algebraic_not_absolute_gap (test_mixtures.ExactMixtureTests.test_certifies_algebraic_not_absolute_gap) ... ok
2026-10-10T06:06:22.3171598Z test_disconnected_kernel_has_zero_gap (test_mixtures.ExactMixtureTests.test_disconnected_kernel_has_zero_gap) ... ok
2026-10-10T06:06:22.3175692Z test_exact_nonuniform_two_state_gap_and_sharp_witness (test_mixtures.ExactMixtureTests.test_exact_nonuniform_two_state_gap_and_sharp_witness) ... ok
2026-10-10T06:06:22.3191616Z test_fixed_mixture_and_global_dual_certificate (test_mixtures.ExactMixtureTests.test_fixed_mixture_and_global_dual_certificate) ... ok
2026-10-10T06:06:22.3446111Z test_fraction_free_psd_against_all_principal_minors (test_mixtures.ExactMixtureTests.test_fraction_free_psd_against_all_principal_minors) ... ok
2026-10-10T06:06:22.3448431Z test_kernel_validation_is_exact (test_mixtures.ExactMixtureTests.test_kernel_validation_is_exact) ... ok
2026-10-10T06:06:22.3457541Z test_mixture_and_witness_validation (test_mixtures.ExactMixtureTests.test_mixture_and_witness_validation) ... ok
2026-10-10T06:06:22.3459484Z test_psd_input_validation_and_dimension_budget (test_mixtures.ExactMixtureTests.test_psd_input_validation_and_dimension_budget) ... ok
2026-10-10T06:06:22.3461139Z test_psd_rational_rank_and_skipped_zero_pivots (test_mixtures.ExactMixtureTests.test_psd_rational_rank_and_skipped_zero_pivots) ... ok
2026-10-10T06:06:22.3465816Z test_zero_target_mass_and_singleton_convention (test_mixtures.ExactMixtureTests.test_zero_target_mass_and_singleton_convention) ... ok
2026-10-10T06:06:22.3475193Z test_certificate_verifier_is_independent_of_optimizer (test_optimize.CertificateTests.test_certificate_verifier_is_independent_of_optimizer) ... ok
2026-10-10T06:06:22.3477956Z test_elementary_infeasibility_is_explicit (test_optimize.CertificateTests.test_elementary_infeasibility_is_explicit) ... ok
2026-10-10T06:06:22.3481065Z test_lower_shifted_support_obstruction (test_optimize.CertificateTests.test_lower_shifted_support_obstruction) ... ok
2026-10-10T06:06:22.3489014Z test_support_obstruction_has_independent_cut_certificate (test_optimize.CertificateTests.test_support_obstruction_has_independent_cut_certificate) ... ok
2026-10-10T06:06:22.3498665Z test_tampered_witness_cost_direction_value_and_potentials_fail (test_optimize.CertificateTests.test_tampered_witness_cost_direction_value_and_potentials_fail) ... ok
2026-10-10T06:06:22.3752532Z test_all_two_by_two_small_caps (test_optimize.LinearBoundsTests.test_all_two_by_two_small_caps) ... ok
2026-10-10T06:06:22.3763031Z test_binary_capacities_are_not_expanded_to_units (test_optimize.LinearBoundsTests.test_binary_capacities_are_not_expanded_to_units) ... ok
2026-10-10T06:06:22.3773539Z test_budget_is_shared_and_never_returns_partial_range (test_optimize.LinearBoundsTests.test_budget_is_shared_and_never_returns_partial_range) ... ok
2026-10-10T06:06:22.3786226Z test_clearing_coprime_denominators_preserves_exact_results (test_optimize.LinearBoundsTests.test_clearing_coprime_denominators_preserves_exact_results) ... ok
2026-10-10T06:06:22.3790034Z test_deterministic_input_validation (test_optimize.LinearBoundsTests.test_deterministic_input_validation) ... ok
2026-10-10T06:06:22.3798503Z test_fixed_cells_and_zero_total (test_optimize.LinearBoundsTests.test_fixed_cells_and_zero_total) ... ok
2026-10-10T06:06:22.3816230Z test_row_column_cost_shifts_and_transpose (test_optimize.LinearBoundsTests.test_row_column_cost_shifts_and_transpose) ... ok
2026-10-10T06:06:22.4832096Z test_seeded_bounded_lower_shifted_rectangles (test_optimize.LinearBoundsTests.test_seeded_bounded_lower_shifted_rectangles) ... ok
2026-10-10T06:06:23.5486063Z test_synthetic_commute_range (test_optimize.LinearBoundsTests.test_synthetic_commute_range) ... ok
2026-10-10T06:06:23.5518567Z test_budget_report_contains_no_partial_endpoints (test_optimize.ReportTests.test_budget_report_contains_no_partial_endpoints) ... ok
2026-10-10T06:06:23.5520580Z test_example_rejects_float_and_boolean_coefficients (test_optimize.ReportTests.test_example_rejects_float_and_boolean_coefficients) ... ok
2026-10-10T06:06:23.5536366Z test_serialized_cut_report_and_elementary_failure (test_optimize.ReportTests.test_serialized_cut_report_and_elementary_failure) ... ok
2026-10-10T06:06:23.5574276Z test_serialized_report_has_independently_verifiable_endpoints (test_optimize.ReportTests.test_serialized_report_has_independently_verifiable_endpoints) ... ok
2026-10-10T06:06:23.6246655Z test_direct_counts_and_incidence_degrees (test_padding_barrier.PaddingCountTests.test_direct_counts_and_incidence_degrees) ... ok
2026-10-10T06:06:23.6257970Z test_large_dimension_exact_count_and_bit_budget_certificate (test_padding_barrier.PaddingCountTests.test_large_dimension_exact_count_and_bit_budget_certificate) ... ok
2026-10-10T06:06:23.6260606Z test_necessary_threshold_is_not_sufficient (test_padding_barrier.PaddingCountTests.test_necessary_threshold_is_not_sufficient) ... ok
2026-10-10T06:06:23.6264263Z test_two_by_two_equality_and_half_acceptance_boundary (test_padding_barrier.PaddingCountTests.test_two_by_two_equality_and_half_acceptance_boundary) ... ok
2026-10-10T06:06:23.6268636Z test_budget_rejection_occurs_before_binomial_evaluation (test_padding_barrier.PaddingValidationTests.test_budget_rejection_occurs_before_binomial_evaluation) ... ok
2026-10-10T06:06:23.6271270Z test_reject_malformed_parameters (test_padding_barrier.PaddingValidationTests.test_reject_malformed_parameters) ... ok
2026-10-10T06:06:23.6273016Z test_target_must_belong_to_the_padded_family (test_padding_barrier.PaddingValidationTests.test_target_must_belong_to_the_padded_family) ... ok
2026-10-10T06:06:23.8012167Z test_actual_padded_fibers_for_every_marked_set (test_padding_growth.SequentialPaddingTests.test_actual_padded_fibers_for_every_marked_set) ... ok
2026-10-10T06:06:23.8014220Z test_degenerate_cases_and_validation (test_padding_growth.SequentialPaddingTests.test_degenerate_cases_and_validation) ... ok
2026-10-10T06:06:23.8127463Z test_power_bound_with_exact_independent_powers (test_padding_growth.SequentialPaddingTests.test_power_bound_with_exact_independent_powers) ... ok
2026-10-10T06:06:23.8130095Z test_rational_certificate_and_large_dimensions (test_padding_growth.SequentialPaddingTests.test_rational_certificate_and_large_dimensions) ... ok
2026-10-10T06:06:23.8145979Z test_shape_threshold (test_padding_growth.SequentialPaddingTests.test_shape_threshold) ... ok
2026-10-10T06:06:23.8146850Z test_bad_configuration (test_sampler_benchmarks.Benchmarks.test_bad_configuration) ... ok
2026-10-10T06:06:23.8147902Z test_bad_rng_rank_and_negative_mass (test_sampler_benchmarks.Benchmarks.test_bad_rng_rank_and_negative_mass) ... ok
2026-10-10T06:06:23.8150211Z test_diagnostics (test_sampler_benchmarks.Benchmarks.test_diagnostics) ... ok
2026-10-10T06:06:23.8164652Z test_exact_diagnostic_cap_is_reported (test_sampler_benchmarks.Benchmarks.test_exact_diagnostic_cap_is_reported) ... ok
2026-10-10T06:06:23.8201310Z test_fixed_selection_weights_match_exact_kernel (test_sampler_benchmarks.Benchmarks.test_fixed_selection_weights_match_exact_kernel) ... ok
2026-10-10T06:06:23.9229689Z test_literal_steps_and_direct_censored_draws_are_distinct (test_sampler_benchmarks.Benchmarks.test_literal_steps_and_direct_censored_draws_are_distinct) ... ok
2026-10-10T06:06:23.9238054Z test_preparation_exhaustion_preserves_failed_run_receipt (test_sampler_benchmarks.Benchmarks.test_preparation_exhaustion_preserves_failed_run_receipt) ... ok
2026-10-10T06:06:23.9239923Z test_rational_choice (test_sampler_benchmarks.Benchmarks.test_rational_choice) ... ok
2026-10-10T06:06:23.9301482Z test_reducibility_is_explicit (test_sampler_benchmarks.Benchmarks.test_reducibility_is_explicit) ... ok
2026-10-10T06:06:23.9319552Z test_seed_repetitions_survive_singleton_support (test_sampler_benchmarks.Benchmarks.test_seed_repetitions_survive_singleton_support) ... ok
2026-10-10T06:06:23.9326891Z test_sparse_negative_control (test_sampler_benchmarks.Benchmarks.test_sparse_negative_control) ... ok
2026-10-10T06:06:23.9399205Z test_tiny_end_to_end (test_sampler_benchmarks.Benchmarks.test_tiny_end_to_end) ... ok
2026-10-10T06:06:23.9410075Z test_uniform_full_line (test_sampler_benchmarks.Benchmarks.test_uniform_full_line) ... ok
2026-10-10T06:06:23.9463952Z test_weighted_transition_matches_exact_kernel (test_sampler_benchmarks.Benchmarks.test_weighted_transition_matches_exact_kernel) ... ok
2026-10-10T06:06:23.9574297Z test_worker_panel_uses_its_own_inverse_factorial_law (test_sampler_benchmarks.Benchmarks.test_worker_panel_uses_its_own_inverse_factorial_law) ... ok
2026-10-10T06:06:23.9576206Z test_empty_blocks_and_incompatible_inputs (test_scales.ReferenceAdjustmentTests.test_empty_blocks_and_incompatible_inputs) ... ok
2026-10-10T06:06:24.2152551Z test_every_elementary_margin_family_and_reference_cell (test_scales.ReferenceAdjustmentTests.test_every_elementary_margin_family_and_reference_cell) ... ok
2026-10-10T06:06:24.2155216Z test_parameter_fractions_and_old_unpadding_negative_control (test_scales.ScaleCertificateTests.test_parameter_fractions_and_old_unpadding_negative_control) ... ok
2026-10-10T06:06:24.2181150Z test_shape_aware_threshold_and_deterministic_dimensions (test_scales.ScaleCertificateTests.test_shape_aware_threshold_and_deterministic_dimensions) ... ok
2026-10-10T06:06:24.2186303Z test_sharper_enlarged_margin_certificates (test_scales.ScaleCertificateTests.test_sharper_enlarged_margin_certificates) ... ok
2026-10-10T06:06:24.2189951Z test_universal_integer_polynomial_certificates (test_scales.ScaleCertificateTests.test_universal_integer_polynomial_certificates) ... ok
2026-10-10T06:06:24.6604074Z test_all_small_fiber_probabilities (test_scales.SwitchingTests.test_all_small_fiber_probabilities) ... ok
2026-10-10T06:06:24.6605679Z test_boundary_domain_and_cap_negative_control (test_scales.SwitchingTests.test_boundary_domain_and_cap_negative_control) ... ok
2026-10-10T06:06:24.6690499Z test_minimum_sum_inequality (test_scales.SwitchingTests.test_minimum_sum_inequality) ... ok
2026-10-10T06:06:24.6726128Z test_product_and_mean_bounds_have_exact_composition_witnesses (test_scales.SwitchingTests.test_product_and_mean_bounds_have_exact_composition_witnesses) ... ok
2026-10-10T06:06:24.6729045Z test_refined_bound_is_exact_at_zero_for_balanced_two_by_two (test_scales.SwitchingTests.test_refined_bound_is_exact_at_zero_for_balanced_two_by_two) ... ok
2026-10-10T06:06:25.1083281Z test_switching_labels_determine_source (test_scales.SwitchingTests.test_switching_labels_determine_source) ... ok
2026-10-10T06:06:25.2373998Z test_all_binary_two_by_three_supports_and_attainable_margins (test_tables.CompletionCountTests.test_all_binary_two_by_three_supports_and_attainable_margins) ... ok
2026-10-10T06:06:25.2621031Z test_random_small_lower_and_upper_bound_oracles (test_tables.CompletionCountTests.test_random_small_lower_and_upper_bound_oracles) ... ok
2026-10-10T06:06:25.2623769Z test_rank_validation_and_enumeration_output_cap (test_tables.CompletionCountTests.test_rank_validation_and_enumeration_output_cap) ... ok
2026-10-10T06:06:25.2629469Z test_resource_exhaustion_never_returns_partial_count_or_draw (test_tables.CompletionCountTests.test_resource_exhaustion_never_returns_partial_count_or_draw) ... ok
2026-10-10T06:06:25.2771354Z test_three_row_lower_bounded_oracles (test_tables.CompletionCountTests.test_three_row_lower_bounded_oracles) ... ok
2026-10-10T06:06:25.2773552Z test_constraints_are_copied_and_upper_bounds_tightened (test_tables.TableValidationTests.test_constraints_are_copied_and_upper_bounds_tightened) ... ok
2026-10-10T06:06:25.2775535Z test_empty_fibers_and_structural_zero_lower_conflict (test_tables.TableValidationTests.test_empty_fibers_and_structural_zero_lower_conflict) ... ok
2026-10-10T06:06:25.2777694Z test_feasibility_detects_sparse_hall_obstruction (test_tables.TableValidationTests.test_feasibility_detects_sparse_hall_obstruction) ... ok
2026-10-10T06:06:25.2779753Z test_reject_malformed_data (test_tables.TableValidationTests.test_reject_malformed_data) ... ok
2026-10-10T06:06:25.2782803Z test_zero_margins_and_one_row (test_tables.TableValidationTests.test_zero_margins_and_one_row) ... ok
2026-10-10T06:06:25.2793621Z test_exact_rational_sampling_tree_matches_independent_weight_oracle (test_tables.WeightedLawTests.test_exact_rational_sampling_tree_matches_independent_weight_oracle) ... ok
2026-10-10T06:06:25.2819060Z test_multistage_weighted_rng_tree_and_three_row_partition (test_tables.WeightedLawTests.test_multistage_weighted_rng_tree_and_three_row_partition) ... ok
2026-10-10T06:06:25.2851279Z test_row_and_column_activity_gauge_invariance (test_tables.WeightedLawTests.test_row_and_column_activity_gauge_invariance) ... ok
2026-10-10T06:06:25.2859447Z test_weighted_budgets_and_transpose (test_tables.WeightedLawTests.test_weighted_budgets_and_transpose) ... ok
2026-10-10T06:06:25.2869520Z test_worker_and_table_laws_are_different (test_tables.WeightedLawTests.test_worker_and_table_laws_are_different) ... ok
2026-10-10T06:06:25.2874627Z test_zero_activities_and_empty_target (test_tables.WeightedLawTests.test_zero_activities_and_empty_target) ... ok
2026-10-10T06:06:25.3239301Z test_centered_conditioning_is_sharp (test_transport_bounds.ComparisonTests.test_centered_conditioning_is_sharp) ... ok
2026-10-10T06:06:25.3250945Z test_constants_improve_initial_and_source_bounds (test_transport_bounds.ComparisonTests.test_constants_improve_initial_and_source_bounds) ... ok
2026-10-10T06:06:25.3256902Z test_integer_root_quadratic_maximum (test_transport_bounds.ComparisonTests.test_integer_root_quadratic_maximum) ... ok
2026-10-10T06:06:25.3519704Z test_repair_triangle_with_overlapping_edges (test_transport_bounds.ComparisonTests.test_repair_triangle_with_overlapping_edges) ... ok
2026-10-10T06:06:25.4388528Z test_adaptive_binary_tree_ownership (test_transport_bounds.OwnershipTests.test_adaptive_binary_tree_ownership) ... ok
2026-10-10T06:06:25.5639539Z test_complete_integer_leaf_families (test_transport_bounds.OwnershipTests.test_complete_integer_leaf_families) ... ok
2026-10-10T06:06:25.5641157Z test_fixed_prefix_holes_are_rejected (test_transport_bounds.OwnershipTests.test_fixed_prefix_holes_are_rejected) ... ok
2026-10-10T06:06:25.8685029Z test_cut_bound_for_integer_log_concave_sequences (test_transport_bounds.PathBoundsTests.test_cut_bound_for_integer_log_concave_sequences) ... ok
2026-10-10T06:06:25.8719986Z test_quadratic_order_and_single_edge_sharpness (test_transport_bounds.PathBoundsTests.test_quadratic_order_and_single_edge_sharpness) ... ok
2026-10-10T06:06:26.0374534Z test_rational_scales_and_hard_zero_endpoints (test_transport_bounds.PathBoundsTests.test_rational_scales_and_hard_zero_endpoints) ... ok
2026-10-10T06:06:26.0376894Z test_support_and_log_concavity_negative_controls (test_transport_bounds.PathBoundsTests.test_support_and_log_concavity_negative_controls) ... ok
2026-10-10T06:06:26.0379129Z test_configuration_rejects_excess_output_and_invalid_counts (test_worker_library_benchmarks.WorkerLibraryBenchmarks.test_configuration_rejects_excess_output_and_invalid_counts) ... ok
2026-10-10T06:06:26.0385816Z test_exact_law_distinguishes_uniform_aggregate_tables (test_worker_library_benchmarks.WorkerLibraryBenchmarks.test_exact_law_distinguishes_uniform_aggregate_tables) ... ok
2026-10-10T06:06:26.0389809Z test_last_case_last_repetition_accepts_exact_r_seed_boundary (test_worker_library_benchmarks.WorkerLibraryBenchmarks.test_last_case_last_repetition_accepts_exact_r_seed_boundary) ... skipped 'optional Rscript unavailable'
2026-10-10T06:06:26.0391845Z test_margin_validation_checks_shape_integer_and_totals (test_worker_library_benchmarks.WorkerLibraryBenchmarks.test_margin_validation_checks_shape_integer_and_totals) ... ok
2026-10-10T06:06:26.0396411Z test_measured_phases_are_recorded_separately (test_worker_library_benchmarks.WorkerLibraryBenchmarks.test_measured_phases_are_recorded_separately) ... ok
2026-10-10T06:06:26.0425341Z test_nonseparable_moment_formula_matches_fiber_enumeration (test_worker_library_benchmarks.WorkerLibraryBenchmarks.test_nonseparable_moment_formula_matches_fiber_enumeration) ... ok
2026-10-10T06:06:26.0435604Z test_optional_dependencies_are_skipped_with_reasons (test_worker_library_benchmarks.WorkerLibraryBenchmarks.test_optional_dependencies_are_skipped_with_reasons) ... ok
2026-10-10T06:06:26.0438013Z test_r_real_api_and_small_fiber_readback (test_worker_library_benchmarks.WorkerLibraryBenchmarks.test_r_real_api_and_small_fiber_readback) ... skipped 'optional Rscript unavailable'
2026-10-10T06:06:26.0440953Z test_scipy_all_small_fiber_probabilities (test_worker_library_benchmarks.WorkerLibraryBenchmarks.test_scipy_all_small_fiber_probabilities) ... skipped 'optional SciPy not installed'
2026-10-10T06:06:26.0447208Z test_seed_overflow_rejected_before_dependency_discovery (test_worker_library_benchmarks.WorkerLibraryBenchmarks.test_seed_overflow_rejected_before_dependency_discovery) ... ok
2026-10-10T06:06:26.0450009Z test_work_caps_preserve_skewed_large_total_shortcut (test_worker_library_benchmarks.WorkerLibraryBenchmarks.test_work_caps_preserve_skewed_large_total_shortcut) ... ok
2026-10-10T06:06:26.0652747Z test_every_three_by_two_margin_pair_up_to_four_workers (test_workers.WorkerExactLawTests.test_every_three_by_two_margin_pair_up_to_four_workers) ... ok
2026-10-10T06:06:26.0842024Z test_every_two_by_three_margin_pair_up_to_four_workers (test_workers.WorkerExactLawTests.test_every_two_by_three_margin_pair_up_to_four_workers) ... ok
2026-10-10T06:06:26.0920249Z test_three_by_three_multistage_decision_tree (test_workers.WorkerExactLawTests.test_three_by_three_multistage_decision_tree) ... ok
2026-10-10T06:06:26.0924582Z test_worker_law_is_not_uniform_table_law (test_workers.WorkerExactLawTests.test_worker_law_is_not_uniform_table_law) ... ok
2026-10-10T06:06:26.0927803Z test_additive_row_column_observable_has_zero_variance (test_workers.WorkerMomentTests.test_additive_row_column_observable_has_zero_variance) ... ok
2026-10-10T06:06:26.1202598Z test_general_signed_rational_moments_match_independent_enumeration (test_workers.WorkerMomentTests.test_general_signed_rational_moments_match_independent_enumeration) ... ok
2026-10-10T06:06:26.1204645Z test_huge_binary_margins_need_no_worker_loop (test_workers.WorkerMomentTests.test_huge_binary_margins_need_no_worker_loop) ... ok
2026-10-10T06:06:26.1206520Z test_rejects_incompatible_shape_floats_and_work_budget (test_workers.WorkerMomentTests.test_rejects_incompatible_shape_floats_and_work_budget) ... ok
2026-10-10T06:06:26.1208617Z test_bounds_activities_and_problem_objects_are_not_accepted (test_workers.WorkerValidationTests.test_bounds_activities_and_problem_objects_are_not_accepted) ... ok
2026-10-10T06:06:26.1215893Z test_budget_rejection_precedes_rng_and_dense_output_allocation (test_workers.WorkerValidationTests.test_budget_rejection_precedes_rng_and_dense_output_allocation) ... ok
2026-10-10T06:06:26.1218132Z test_deterministic_large_counts_and_zero_margins (test_workers.WorkerValidationTests.test_deterministic_large_counts_and_zero_margins) ... ok
2026-10-10T06:06:26.1220444Z test_inputs_copied_and_samples_have_no_shared_mutable_state (test_workers.WorkerValidationTests.test_inputs_copied_and_samples_have_no_shared_mutable_state) ... ok
2026-10-10T06:06:26.1222328Z test_invalid_rng_results_raise (test_workers.WorkerValidationTests.test_invalid_rng_results_raise) ... ok
2026-10-10T06:06:26.1224034Z test_largest_row_saved_and_remaining_category_shortcut (test_workers.WorkerValidationTests.test_largest_row_saved_and_remaining_category_shortcut) ... ok
2026-10-10T06:06:26.1225778Z test_malformed_margins_and_budgets (test_workers.WorkerValidationTests.test_malformed_margins_and_budgets) ... ok
2026-10-10T06:06:26.2753420Z test_moderate_count_case_needs_no_completion_dp (test_workers.WorkerValidationTests.test_moderate_count_case_needs_no_completion_dp) ... ok
2026-10-10T06:06:26.2754676Z 
2026-10-10T06:06:26.2755077Z ----------------------------------------------------------------------
2026-10-10T06:06:26.2755986Z Ran 296 tests in 14.042s
2026-10-10T06:06:26.2756335Z 
2026-10-10T06:06:26.2756453Z OK (skipped=3)
2026-10-10T06:06:26.3068592Z ##[group]Run python scripts/claims_ledger.py --check-readme
2026-10-10T06:06:26.3069395Z [36;1mpython scripts/claims_ledger.py --check-readme[0m
2026-10-10T06:06:26.3131734Z shell: /usr/bin/bash -e {0}
2026-10-10T06:06:26.3131985Z env:
2026-10-10T06:06:26.3132269Z   pythonLocation: /opt/hostedtoolcache/Python/3.13.16/x64
2026-10-10T06:06:26.3132722Z   PKG_CONFIG_PATH: /opt/hostedtoolcache/Python/3.13.16/x64/lib/pkgconfig
2026-10-10T06:06:26.3133175Z   Python_ROOT_DIR: /opt/hostedtoolcache/Python/3.13.16/x64
2026-10-10T06:06:26.3133565Z   Python2_ROOT_DIR: /opt/hostedtoolcache/Python/3.13.16/x64
2026-10-10T06:06:26.3133958Z   Python3_ROOT_DIR: /opt/hostedtoolcache/Python/3.13.16/x64
2026-10-10T06:06:26.3134544Z   LD_LIBRARY_PATH: /opt/hostedtoolcache/Python/3.13.16/x64/lib
2026-10-10T06:06:26.3134867Z ##[endgroup]
2026-10-10T06:06:26.8553079Z ##[group]Run python 115/audit115.py --output /tmp/audit115-rerun.json
2026-10-10T06:06:26.8553644Z [36;1mpython 115/audit115.py --output /tmp/audit115-rerun.json[0m
2026-10-10T06:06:26.8617337Z shell: /usr/bin/bash -e {0}
2026-10-10T06:06:26.8617590Z env:
2026-10-10T06:06:26.8617867Z   pythonLocation: /opt/hostedtoolcache/Python/3.13.16/x64
2026-10-10T06:06:26.8618327Z   PKG_CONFIG_PATH: /opt/hostedtoolcache/Python/3.13.16/x64/lib/pkgconfig
2026-10-10T06:06:26.8618954Z   Python_ROOT_DIR: /opt/hostedtoolcache/Python/3.13.16/x64
2026-10-10T06:06:26.8619349Z   Python2_ROOT_DIR: /opt/hostedtoolcache/Python/3.13.16/x64
2026-10-10T06:06:26.8619738Z   Python3_ROOT_DIR: /opt/hostedtoolcache/Python/3.13.16/x64
2026-10-10T06:06:26.8620128Z   LD_LIBRARY_PATH: /opt/hostedtoolcache/Python/3.13.16/x64/lib
2026-10-10T06:06:26.8620465Z ##[endgroup]
2026-10-10T06:06:27.2329327Z {
2026-10-10T06:06:27.2329757Z   "output": "/tmp/audit115-rerun.json",
2026-10-10T06:06:27.2359223Z   "parameter_cases": 100,
2026-10-10T06:06:27.2389165Z   "path_sequences": 896,
2026-10-10T06:06:27.2419200Z   "integer_leaf_edges": 2968,
2026-10-10T06:06:27.2449219Z   "spectral_instances": 5,
2026-10-10T06:06:27.2464597Z   "elapsed_seconds": 0.24449973699999816
2026-10-10T06:06:27.2464894Z }
2026-10-10T06:06:27.2542434Z ##[group]Run python scripts/verify_sources.py --bundle-only
2026-10-10T06:06:27.2543232Z [36;1mpython scripts/verify_sources.py --bundle-only[0m
2026-10-10T06:06:27.2620560Z shell: /usr/bin/bash -e {0}
2026-10-10T06:06:27.2620816Z env:
2026-10-10T06:06:27.2621088Z   pythonLocation: /opt/hostedtoolcache/Python/3.13.16/x64
2026-10-10T06:06:27.2621548Z   PKG_CONFIG_PATH: /opt/hostedtoolcache/Python/3.13.16/x64/lib/pkgconfig
2026-10-10T06:06:27.2621980Z   Python_ROOT_DIR: /opt/hostedtoolcache/Python/3.13.16/x64
2026-10-10T06:06:27.2622409Z   Python2_ROOT_DIR: /opt/hostedtoolcache/Python/3.13.16/x64
2026-10-10T06:06:27.2622813Z   Python3_ROOT_DIR: /opt/hostedtoolcache/Python/3.13.16/x64
2026-10-10T06:06:27.2623198Z   LD_LIBRARY_PATH: /opt/hostedtoolcache/Python/3.13.16/x64/lib
2026-10-10T06:06:27.2623524Z ##[endgroup]
2026-10-10T06:06:27.3236928Z {
2026-10-10T06:06:27.3237373Z   "bundle_sha256_verified": 5
2026-10-10T06:06:27.3237798Z }
2026-10-10T06:06:27.3339647Z ##[group]Run python experiments/independent_crosscheck.py --output /tmp/independent-crosscheck.json
2026-10-10T06:06:27.3340484Z [36;1mpython experiments/independent_crosscheck.py --output /tmp/independent-crosscheck.json[0m
2026-10-10T06:06:27.3401152Z shell: /usr/bin/bash -e {0}
2026-10-10T06:06:27.3401406Z env:
2026-10-10T06:06:27.3401681Z   pythonLocation: /opt/hostedtoolcache/Python/3.13.16/x64
2026-10-10T06:06:27.3402144Z   PKG_CONFIG_PATH: /opt/hostedtoolcache/Python/3.13.16/x64/lib/pkgconfig
2026-10-10T06:06:27.3402594Z   Python_ROOT_DIR: /opt/hostedtoolcache/Python/3.13.16/x64
2026-10-10T06:06:27.3403009Z   Python2_ROOT_DIR: /opt/hostedtoolcache/Python/3.13.16/x64
2026-10-10T06:06:27.3403408Z   Python3_ROOT_DIR: /opt/hostedtoolcache/Python/3.13.16/x64
2026-10-10T06:06:27.3403803Z   LD_LIBRARY_PATH: /opt/hostedtoolcache/Python/3.13.16/x64/lib
2026-10-10T06:06:27.3404129Z ##[endgroup]
2026-10-10T06:06:27.7088434Z {
2026-10-10T06:06:27.7088757Z   "status": "passed",
2026-10-10T06:06:27.7089438Z   "counts": {
2026-10-10T06:06:27.7089778Z     "random_constraint_cases": 160,
2026-10-10T06:06:27.7090178Z     "empty_fibers": 20,
2026-10-10T06:06:27.7090538Z     "verified_infeasibility_cuts": 14,
2026-10-10T06:06:27.7090963Z     "verified_optimal_endpoints": 280,
2026-10-10T06:06:27.7091412Z     "altered_bound_certificates_rejected": 280,
2026-10-10T06:06:27.7091866Z     "exact_weighted_kernels": 67,
2026-10-10T06:06:27.7092251Z     "zero_mass_targets": 73,
2026-10-10T06:06:27.7092637Z     "exhaustive_3x3_support_catalogs": 512,
2026-10-10T06:06:27.7093063Z     "complete_4x4_cycles": 204
2026-10-10T06:06:27.7093701Z   }
2026-10-10T06:06:27.7093961Z }
2026-10-10T06:06:27.7219669Z ##[group]Run PYTHONPATH=src python -S experiments/cycle_mixtures.py --replay reports/cycle-mixtures.json
2026-10-10T06:06:27.7220485Z [36;1mPYTHONPATH=src python -S experiments/cycle_mixtures.py --replay reports/cycle-mixtures.json[0m
2026-10-10T06:06:27.7282454Z shell: /usr/bin/bash -e {0}
2026-10-10T06:06:27.7282700Z env:
2026-10-10T06:06:27.7282967Z   pythonLocation: /opt/hostedtoolcache/Python/3.13.16/x64
2026-10-10T06:06:27.7283420Z   PKG_CONFIG_PATH: /opt/hostedtoolcache/Python/3.13.16/x64/lib/pkgconfig
2026-10-10T06:06:27.7283872Z   Python_ROOT_DIR: /opt/hostedtoolcache/Python/3.13.16/x64
2026-10-10T06:06:27.7284261Z   Python2_ROOT_DIR: /opt/hostedtoolcache/Python/3.13.16/x64
2026-10-10T06:06:27.7284657Z   Python3_ROOT_DIR: /opt/hostedtoolcache/Python/3.13.16/x64
2026-10-10T06:06:27.7285045Z   LD_LIBRARY_PATH: /opt/hostedtoolcache/Python/3.13.16/x64/lib
2026-10-10T06:06:27.7285375Z ##[endgroup]
2026-10-10T06:06:32.6394097Z {
2026-10-10T06:06:32.6394724Z   "verified_gap_intervals": 8,
2026-10-10T06:06:32.6395332Z   "verified_family_upper_bounds": 4,
2026-10-10T06:06:32.6395934Z   "verified_strict_improvements": 6,
2026-10-10T06:06:32.6396489Z   "intervals": {
2026-10-10T06:06:32.6396922Z     "uniform_tables": {
2026-10-10T06:06:32.6397397Z       "equal_rectangles": {
2026-10-10T06:06:32.6397916Z         "lower_float64_display": 0.103869,
2026-10-10T06:06:32.6398552Z         "upper_float64_display": 0.10387023209121576
2026-10-10T06:06:32.6399420Z       },
2026-10-10T06:06:32.6399707Z       "tuned_rectangles": {
2026-10-10T06:06:32.6400087Z         "lower_float64_display": 0.164036,
2026-10-10T06:06:32.6400567Z         "upper_float64_display": 0.16403716288355116,
2026-10-10T06:06:32.6401132Z         "all_allowed_mixtures_upper_float64_display": 0.164046117414259
2026-10-10T06:06:32.6401657Z       },
2026-10-10T06:06:32.6401950Z       "equal_simple_cycles": {
2026-10-10T06:06:32.6402331Z         "lower_float64_display": 0.097826,
2026-10-10T06:06:32.6402805Z         "upper_float64_display": 0.0978275415725478
2026-10-10T06:06:32.6403110Z       },
2026-10-10T06:06:32.6403323Z       "tuned_simple_cycles": {
2026-10-10T06:06:32.6403598Z         "lower_float64_display": 0.169974,
2026-10-10T06:06:32.6403922Z         "upper_float64_display": 0.16997546269570155,
2026-10-10T06:06:32.6404342Z         "all_allowed_mixtures_upper_float64_display": 0.16997812992983594
2026-10-10T06:06:32.6404734Z       }
2026-10-10T06:06:32.6404926Z     },
2026-10-10T06:06:32.6405139Z     "conditional_poisson": {
2026-10-10T06:06:32.6405410Z       "equal_rectangles": {
2026-10-10T06:06:32.6405678Z         "lower_float64_display": 0.111515,
2026-10-10T06:06:32.6406010Z         "upper_float64_display": 0.11151639753948363
2026-10-10T06:06:32.6406322Z       },
2026-10-10T06:06:32.6406528Z       "tuned_rectangles": {
2026-10-10T06:06:32.6406795Z         "lower_float64_display": 0.176501,
2026-10-10T06:06:32.6407119Z         "upper_float64_display": 0.17650211810357713,
2026-10-10T06:06:32.6407543Z         "all_allowed_mixtures_upper_float64_display": 0.17650653395062768
2026-10-10T06:06:32.6407928Z       },
2026-10-10T06:06:32.6408138Z       "equal_simple_cycles": {
2026-10-10T06:06:32.6408422Z         "lower_float64_display": 0.104207,
2026-10-10T06:06:32.6408910Z         "upper_float64_display": 0.10420836153286263
2026-10-10T06:06:32.6409223Z       },
2026-10-10T06:06:32.6409430Z       "tuned_simple_cycles": {
2026-10-10T06:06:32.6409703Z         "lower_float64_display": 0.18358,
2026-10-10T06:06:32.6410000Z         "upper_float64_display": 0.18358187818894106,
2026-10-10T06:06:32.6410370Z         "all_allowed_mixtures_upper_float64_display": 0.18358337881682502
2026-10-10T06:06:32.6410704Z       }
2026-10-10T06:06:32.6410878Z     }
2026-10-10T06:06:32.6411048Z   }
2026-10-10T06:06:32.6411217Z }
2026-10-10T06:06:32.6532787Z ##[group]Run python examples/sparse_commute.py --output /tmp/sparse-commute.json
2026-10-10T06:06:32.6533391Z [36;1mpython examples/sparse_commute.py --output /tmp/sparse-commute.json[0m
2026-10-10T06:06:32.6596115Z shell: /usr/bin/bash -e {0}
2026-10-10T06:06:32.6596365Z env:
2026-10-10T06:06:32.6596635Z   pythonLocation: /opt/hostedtoolcache/Python/3.13.16/x64
2026-10-10T06:06:32.6597081Z   PKG_CONFIG_PATH: /opt/hostedtoolcache/Python/3.13.16/x64/lib/pkgconfig
2026-10-10T06:06:32.6597520Z   Python_ROOT_DIR: /opt/hostedtoolcache/Python/3.13.16/x64
2026-10-10T06:06:32.6597900Z   Python2_ROOT_DIR: /opt/hostedtoolcache/Python/3.13.16/x64
2026-10-10T06:06:32.6598286Z   Python3_ROOT_DIR: /opt/hostedtoolcache/Python/3.13.16/x64
2026-10-10T06:06:32.6598673Z   LD_LIBRARY_PATH: /opt/hostedtoolcache/Python/3.13.16/x64/lib
2026-10-10T06:06:32.6599328Z ##[endgroup]
2026-10-10T06:06:33.0046110Z {
2026-10-10T06:06:33.0046582Z   "output": "/tmp/sparse-commute.json",
2026-10-10T06:06:33.0047088Z   "feasible_table_count": 42,
2026-10-10T06:06:33.0047499Z   "conditional_poisson_normalizer": "582288",
2026-10-10T06:06:33.0047942Z   "uniform_metric_mean": "18700",
2026-10-10T06:06:33.0048396Z   "conditional_poisson_metric_mean": "196016150/12131",
2026-10-10T06:06:33.0049241Z   "minimum_metric": "9460",
2026-10-10T06:06:33.0049593Z   "maximum_metric": "25080"
2026-10-10T06:06:33.0049914Z }
2026-10-10T06:06:33.0171648Z ##[group]Run python examples/linear_metric_bounds.py --output /tmp/linear-bounds.json
2026-10-10T06:06:33.0172291Z [36;1mpython examples/linear_metric_bounds.py --output /tmp/linear-bounds.json[0m
2026-10-10T06:06:33.0234309Z shell: /usr/bin/bash -e {0}
2026-10-10T06:06:33.0234552Z env:
2026-10-10T06:06:33.0234822Z   pythonLocation: /opt/hostedtoolcache/Python/3.13.16/x64
2026-10-10T06:06:33.0235272Z   PKG_CONFIG_PATH: /opt/hostedtoolcache/Python/3.13.16/x64/lib/pkgconfig
2026-10-10T06:06:33.0235715Z   Python_ROOT_DIR: /opt/hostedtoolcache/Python/3.13.16/x64
2026-10-10T06:06:33.0236110Z   Python2_ROOT_DIR: /opt/hostedtoolcache/Python/3.13.16/x64
2026-10-10T06:06:33.0236493Z   Python3_ROOT_DIR: /opt/hostedtoolcache/Python/3.13.16/x64
2026-10-10T06:06:33.0236892Z   LD_LIBRARY_PATH: /opt/hostedtoolcache/Python/3.13.16/x64/lib
2026-10-10T06:06:33.0237220Z ##[endgroup]
2026-10-10T06:06:33.0903830Z Certified range: 9460 .. 25080 vehicle_miles_per_year
2026-10-10T06:06:33.0904526Z Report: /tmp/linear-bounds.json
2026-10-10T06:06:33.1085406Z Post job cleanup.
2026-10-10T06:06:33.2274498Z (node:2383) [DEP0040] DeprecationWarning: The `punycode` module is deprecated. Please use a userland alternative instead.
2026-10-10T06:06:33.2275492Z (Use `node --trace-deprecation ...` to show where the warning was created)
2026-10-10T06:06:33.2486740Z Post job cleanup.
2026-10-10T06:06:33.3371991Z [command]/usr/bin/git version
2026-10-10T06:06:33.3417161Z git version 2.55.0
2026-10-10T06:06:33.3465497Z Temporarily overriding HOME='/home/runner/work/_temp/c0a5924e-41d8-4b30-9d98-b184fa20d150' before making global git config changes
2026-10-10T06:06:33.3466715Z Adding repository directory to the temporary git global config as a safe directory
2026-10-10T06:06:33.3472468Z [command]/usr/bin/git config --global --add safe.directory /home/runner/work/contingency-tables/contingency-tables
2026-10-10T06:06:33.3514639Z [command]/usr/bin/git config --local --name-only --get-regexp core\.sshCommand
2026-10-10T06:06:33.3550867Z [command]/usr/bin/git submodule foreach --recursive sh -c "git config --local --name-only --get-regexp 'core\.sshCommand' && git config --local --unset-all 'core.sshCommand' || :"
2026-10-10T06:06:33.3802257Z [command]/usr/bin/git config --local --name-only --get-regexp http\.https\:\/\/github\.com\/\.extraheader
2026-10-10T06:06:33.3831879Z http.https://github.com/.extraheader
2026-10-10T06:06:33.3843801Z [command]/usr/bin/git config --local --unset-all http.https://github.com/.extraheader
2026-10-10T06:06:33.3878510Z [command]/usr/bin/git submodule foreach --recursive sh -c "git config --local --name-only --get-regexp 'http\.https\:\/\/github\.com\/\.extraheader' && git config --local --unset-all 'http.https://github.com/.extraheader' || :"
2026-10-10T06:06:33.4140177Z [command]/usr/bin/git config --local --name-only --get-regexp ^includeIf\.gitdir:
2026-10-10T06:06:33.4181885Z [command]/usr/bin/git submodule foreach --recursive git config --local --show-origin --name-only --get-regexp remote.origin.url
2026-10-10T06:06:33.4581979Z Cleaning up orphan processes
2026-10-10T06:06:33.4869659Z ##[warning]Node.js 20 is deprecated. The following actions target Node.js 20 but are being forced to run on Node.js 24: actions/checkout@v4, actions/setup-python@v5. For more information see: https://github.blog/changelog/2025-09-19-deprecation-of-node-20-on-github-actions-runners/

