2026-10-10T06:05:58.6600924Z Current runner version: '2.337.0'
2026-10-10T06:05:58.6634639Z ##[group]Runner Image Provisioner
2026-10-10T06:05:58.6636119Z Hosted Compute Agent
2026-10-10T06:05:58.6637121Z Version: 20261002.596
2026-10-10T06:05:58.6638310Z Commit: c3d12f3313a95f25162a1503be624f3b0617f8c0
2026-10-10T06:05:58.6639529Z Build Date: 2026-10-02T22:28:27Z
2026-10-10T06:05:58.6640776Z Worker ID: {3a25b8ea-7ad0-49ae-a3dc-dd5142d1bc71}
2026-10-10T06:05:58.6641982Z Region: eastus
2026-10-10T06:05:58.6642840Z Cloud: Azure
2026-10-10T06:05:58.6643881Z ##[endgroup]
2026-10-10T06:05:58.6646330Z ##[group]Operating System
2026-10-10T06:05:58.6648093Z Ubuntu
2026-10-10T06:05:58.6648954Z 24.04.5
2026-10-10T06:05:58.6649724Z LTS
2026-10-10T06:05:58.6650744Z ##[endgroup]
2026-10-10T06:05:58.6651669Z ##[group]Runner Image
2026-10-10T06:05:58.6652703Z Image: ubuntu-24.04
2026-10-10T06:05:58.6653635Z Version: 20261004.327.1
2026-10-10T06:05:58.6656170Z Included Software: https://github.com/actions/runner-images/blob/ubuntu24/20261004.327/images/ubuntu/Ubuntu2404-Readme.md
2026-10-10T06:05:58.6659050Z Image Release: https://github.com/actions/runner-images/releases/tag/ubuntu24%2F20261004.327
2026-10-10T06:05:58.6660923Z ##[endgroup]
2026-10-10T06:05:58.6662797Z ##[group]GITHUB_TOKEN Permissions
2026-10-10T06:05:58.6665736Z Contents: read
2026-10-10T06:05:58.6667009Z Metadata: read
2026-10-10T06:05:58.6668010Z ##[endgroup]
2026-10-10T06:05:58.6670892Z Secret source: Actions
2026-10-10T06:05:58.6672424Z Cache mode: write
2026-10-10T06:05:58.6673990Z Prepare workflow directory
2026-10-10T06:05:58.7140930Z Prepare all required actions
2026-10-10T06:05:58.7211178Z Getting action download info
2026-10-10T06:05:58.9582478Z Download action repository 'actions/checkout@v4' (SHA:11d5960a326750d5838078e36cf38b85af677262)
2026-10-10T06:05:59.0697746Z Download action repository 'actions/setup-python@v5' (SHA:a26af69be951a213d495a4c3e4e4022e16d87065)
2026-10-10T06:05:59.2488279Z Complete job name: exact-tests (3.12)
2026-10-10T06:05:59.3282202Z ##[group]Run actions/checkout@v4
2026-10-10T06:05:59.3283092Z with:
2026-10-10T06:05:59.3283562Z   repository: EcoDataLab/contingency-tables
2026-10-10T06:05:59.3287726Z   token: ***
2026-10-10T06:05:59.3288155Z   ssh-strict: true
2026-10-10T06:05:59.3288578Z   ssh-user: git
2026-10-10T06:05:59.3289016Z   persist-credentials: true
2026-10-10T06:05:59.3289502Z   clean: true
2026-10-10T06:05:59.3289937Z   sparse-checkout-cone-mode: true
2026-10-10T06:05:59.3290442Z   fetch-depth: 1
2026-10-10T06:05:59.3290863Z   fetch-tags: false
2026-10-10T06:05:59.3291294Z   show-progress: true
2026-10-10T06:05:59.3291746Z   lfs: false
2026-10-10T06:05:59.3292153Z   submodules: false
2026-10-10T06:05:59.3292598Z   set-safe-directory: true
2026-10-10T06:05:59.3293095Z   allow-unsafe-pr-checkout: false
2026-10-10T06:05:59.3293881Z ##[endgroup]
2026-10-10T06:05:59.4269127Z Syncing repository: EcoDataLab/contingency-tables
2026-10-10T06:05:59.4271663Z ##[group]Getting Git version info
2026-10-10T06:05:59.4273217Z Working directory is '/home/runner/work/contingency-tables/contingency-tables'
2026-10-10T06:05:59.4275158Z [command]/usr/bin/git version
2026-10-10T06:05:59.4342665Z git version 2.55.0
2026-10-10T06:05:59.4364632Z ##[endgroup]
2026-10-10T06:05:59.4383701Z Temporarily overriding HOME='/home/runner/work/_temp/a44b03db-57e5-45a0-a3a3-6cf76a728838' before making global git config changes
2026-10-10T06:05:59.4387922Z Adding repository directory to the temporary git global config as a safe directory
2026-10-10T06:05:59.4390257Z [command]/usr/bin/git config --global --add safe.directory /home/runner/work/contingency-tables/contingency-tables
2026-10-10T06:05:59.4463945Z Deleting the contents of '/home/runner/work/contingency-tables/contingency-tables'
2026-10-10T06:05:59.4467991Z ##[group]Initializing the repository
2026-10-10T06:05:59.4471978Z [command]/usr/bin/git init /home/runner/work/contingency-tables/contingency-tables
2026-10-10T06:05:59.4590240Z hint: Using 'master' as the name for the initial branch. This default branch name
2026-10-10T06:05:59.4592274Z hint: will change to "main" in Git 3.0. To configure the initial branch name
2026-10-10T06:05:59.4593937Z hint: to use in all of your new repositories, which will suppress this warning,
2026-10-10T06:05:59.4595188Z hint: call:
2026-10-10T06:05:59.4596128Z hint:
2026-10-10T06:05:59.4597058Z hint: 	git config --global init.defaultBranch <name>
2026-10-10T06:05:59.4598207Z hint:
2026-10-10T06:05:59.4599310Z hint: Names commonly chosen instead of 'master' are 'main', 'trunk' and
2026-10-10T06:05:59.4601066Z hint: 'development'. The just-created branch can be renamed via this command:
2026-10-10T06:05:59.4602489Z hint:
2026-10-10T06:05:59.4603276Z hint: 	git branch -m <name>
2026-10-10T06:05:59.4604164Z hint:
2026-10-10T06:05:59.4605263Z hint: Disable this message with "git config set advice.defaultBranchName false"
2026-10-10T06:05:59.4607510Z Initialized empty Git repository in /home/runner/work/contingency-tables/contingency-tables/.git/
2026-10-10T06:05:59.4612019Z [command]/usr/bin/git remote add origin https://github.com/EcoDataLab/contingency-tables
2026-10-10T06:05:59.4660150Z ##[endgroup]
2026-10-10T06:05:59.4661529Z ##[group]Disabling automatic garbage collection
2026-10-10T06:05:59.4665115Z [command]/usr/bin/git config --local gc.auto 0
2026-10-10T06:05:59.4697200Z ##[endgroup]
2026-10-10T06:05:59.4698562Z ##[group]Setting up auth
2026-10-10T06:05:59.4703791Z [command]/usr/bin/git config --local --name-only --get-regexp core\.sshCommand
2026-10-10T06:05:59.4736730Z [command]/usr/bin/git submodule foreach --recursive sh -c "git config --local --name-only --get-regexp 'core\.sshCommand' && git config --local --unset-all 'core.sshCommand' || :"
2026-10-10T06:05:59.5133876Z [command]/usr/bin/git config --local --name-only --get-regexp http\.https\:\/\/github\.com\/\.extraheader
2026-10-10T06:05:59.5187924Z [command]/usr/bin/git submodule foreach --recursive sh -c "git config --local --name-only --get-regexp 'http\.https\:\/\/github\.com\/\.extraheader' && git config --local --unset-all 'http.https://github.com/.extraheader' || :"
2026-10-10T06:05:59.5408253Z [command]/usr/bin/git config --local --name-only --get-regexp ^includeIf\.gitdir:
2026-10-10T06:05:59.5443226Z [command]/usr/bin/git submodule foreach --recursive git config --local --show-origin --name-only --get-regexp remote.origin.url
2026-10-10T06:05:59.5665456Z [command]/usr/bin/git config --local http.https://github.com/.extraheader AUTHORIZATION: basic ***
2026-10-10T06:05:59.5706335Z ##[endgroup]
2026-10-10T06:05:59.5715662Z ##[group]Fetching the repository
2026-10-10T06:05:59.5717893Z [command]/usr/bin/git -c protocol.version=2 fetch --no-tags --prune --no-recurse-submodules --depth=1 origin +f2bc3fc8b66edcc3e52d2a1fdd5858d4fc4e1369:refs/remotes/origin/main
2026-10-10T06:06:00.5026291Z From https://github.com/EcoDataLab/contingency-tables
2026-10-10T06:06:00.5028429Z  * [new ref]         f2bc3fc8b66edcc3e52d2a1fdd5858d4fc4e1369 -> origin/main
2026-10-10T06:06:00.5041028Z ##[endgroup]
2026-10-10T06:06:00.5042670Z ##[group]Determining the checkout info
2026-10-10T06:06:00.5045632Z ##[endgroup]
2026-10-10T06:06:00.5046899Z [command]/usr/bin/git sparse-checkout disable
2026-10-10T06:06:00.5099540Z [command]/usr/bin/git config --local --unset-all extensions.worktreeConfig
2026-10-10T06:06:00.5134568Z ##[group]Checking out the ref
2026-10-10T06:06:00.5149932Z [command]/usr/bin/git checkout --progress --force -B main refs/remotes/origin/main
2026-10-10T06:06:00.6117686Z Switched to a new branch 'main'
2026-10-10T06:06:00.6121423Z branch 'main' set up to track 'origin/main'.
2026-10-10T06:06:00.6137537Z ##[endgroup]
2026-10-10T06:06:00.6183753Z [command]/usr/bin/git log -1 --format=%H
2026-10-10T06:06:00.6213903Z f2bc3fc8b66edcc3e52d2a1fdd5858d4fc4e1369
2026-10-10T06:06:00.6584422Z ##[group]Run actions/setup-python@v5
2026-10-10T06:06:00.6585700Z with:
2026-10-10T06:06:00.6586834Z   python-version: 3.12
2026-10-10T06:06:00.6587928Z   check-latest: false
2026-10-10T06:06:00.6597426Z   token: ***
2026-10-10T06:06:00.6598436Z   update-environment: true
2026-10-10T06:06:00.6599772Z   allow-prereleases: false
2026-10-10T06:06:00.6600883Z   freethreaded: false
2026-10-10T06:06:00.6601905Z ##[endgroup]
2026-10-10T06:06:00.7951332Z ##[group]Installed versions
2026-10-10T06:06:00.8056823Z (node:2329) [DEP0040] DeprecationWarning: The `punycode` module is deprecated. Please use a userland alternative instead.
2026-10-10T06:06:00.8061394Z (Use `node --trace-deprecation ...` to show where the warning was created)
2026-10-10T06:06:00.8125518Z Successfully set up CPython (3.12.15)
2026-10-10T06:06:00.8128144Z ##[endgroup]
2026-10-10T06:06:00.8250305Z ##[group]Run python -m pip install -e '.[research]'
2026-10-10T06:06:00.8251895Z [36;1mpython -m pip install -e '.[research]'[0m
2026-10-10T06:06:00.8559791Z shell: /usr/bin/bash -e {0}
2026-10-10T06:06:00.8560946Z env:
2026-10-10T06:06:00.8562056Z   pythonLocation: /opt/hostedtoolcache/Python/3.12.15/x64
2026-10-10T06:06:00.8563833Z   PKG_CONFIG_PATH: /opt/hostedtoolcache/Python/3.12.15/x64/lib/pkgconfig
2026-10-10T06:06:00.8565600Z   Python_ROOT_DIR: /opt/hostedtoolcache/Python/3.12.15/x64
2026-10-10T06:06:00.8567510Z   Python2_ROOT_DIR: /opt/hostedtoolcache/Python/3.12.15/x64
2026-10-10T06:06:00.8569141Z   Python3_ROOT_DIR: /opt/hostedtoolcache/Python/3.12.15/x64
2026-10-10T06:06:00.8570745Z   LD_LIBRARY_PATH: /opt/hostedtoolcache/Python/3.12.15/x64/lib
2026-10-10T06:06:00.8572095Z ##[endgroup]
2026-10-10T06:06:03.5204453Z Obtaining file:///home/runner/work/contingency-tables/contingency-tables
2026-10-10T06:06:03.5218713Z   Installing build dependencies: started
2026-10-10T06:06:04.8314767Z   Installing build dependencies: finished with status 'done'
2026-10-10T06:06:04.8320671Z   Checking if build backend supports build_editable: started
2026-10-10T06:06:05.2001310Z   Checking if build backend supports build_editable: finished with status 'done'
2026-10-10T06:06:05.2009311Z   Getting requirements to build editable: started
2026-10-10T06:06:05.5425021Z   Getting requirements to build editable: finished with status 'done'
2026-10-10T06:06:05.5432468Z   Preparing editable metadata (pyproject.toml): started
2026-10-10T06:06:05.7330532Z   Preparing editable metadata (pyproject.toml): finished with status 'done'
2026-10-10T06:06:06.0167724Z Collecting numpy>=1.24 (from contingency115==0.1.0)
2026-10-10T06:06:06.0641627Z   Downloading numpy-2.5.3-cp312-cp312-manylinux_2_27_x86_64.manylinux_2_28_x86_64.whl.metadata (6.6 kB)
2026-10-10T06:06:06.0721850Z Downloading numpy-2.5.3-cp312-cp312-manylinux_2_27_x86_64.manylinux_2_28_x86_64.whl (16.7 MB)
2026-10-10T06:06:06.1777935Z    ━━━━━━━━━━━━━━━━━━━━━━━━━━━━━━━━━━━━━━━━ 16.7/16.7 MB 212.3 MB/s  0:00:00
2026-10-10T06:06:06.2019555Z Building wheels for collected packages: contingency115
2026-10-10T06:06:06.2027777Z   Building editable for contingency115 (pyproject.toml): started
2026-10-10T06:06:06.4176434Z   Building editable for contingency115 (pyproject.toml): finished with status 'done'
2026-10-10T06:06:06.4182490Z   Created wheel for contingency115: filename=contingency115-0.1.0-0.editable-py3-none-any.whl size=14079 sha256=dd9d8b7689d83049d66eee252931c90dca9e7cd09b660faf4b3b2b1364a0afbb
2026-10-10T06:06:06.4184770Z   Stored in directory: /tmp/pip-ephem-wheel-cache-erybpanw/wheels/f7/c9/b4/87305353d135f09542ae9e258dd0d9dd09bb3d90f9e4f82d8c
2026-10-10T06:06:06.4207907Z Successfully built contingency115
2026-10-10T06:06:06.4412098Z Installing collected packages: numpy, contingency115
2026-10-10T06:06:08.4682919Z 
2026-10-10T06:06:08.4693169Z Successfully installed contingency115-0.1.0 numpy-2.5.3
2026-10-10T06:06:08.5328034Z ##[group]Run python -m unittest discover -s tests -v
2026-10-10T06:06:08.5328491Z [36;1mpython -m unittest discover -s tests -v[0m
2026-10-10T06:06:08.5395361Z shell: /usr/bin/bash -e {0}
2026-10-10T06:06:08.5395617Z env:
2026-10-10T06:06:08.5396111Z   pythonLocation: /opt/hostedtoolcache/Python/3.12.15/x64
2026-10-10T06:06:08.5396576Z   PKG_CONFIG_PATH: /opt/hostedtoolcache/Python/3.12.15/x64/lib/pkgconfig
2026-10-10T06:06:08.5397018Z   Python_ROOT_DIR: /opt/hostedtoolcache/Python/3.12.15/x64
2026-10-10T06:06:08.5397685Z   Python2_ROOT_DIR: /opt/hostedtoolcache/Python/3.12.15/x64
2026-10-10T06:06:08.5398090Z   Python3_ROOT_DIR: /opt/hostedtoolcache/Python/3.12.15/x64
2026-10-10T06:06:08.5398502Z   LD_LIBRARY_PATH: /opt/hostedtoolcache/Python/3.12.15/x64/lib
2026-10-10T06:06:08.5398829Z ##[endgroup]
2026-10-10T06:06:09.5229103Z test_blocks_can_regress_when_burn_in_is_cheap (test_block_budgets.BlockBudgetTests.test_blocks_can_regress_when_burn_in_is_cheap) ... ok
2026-10-10T06:06:09.5255147Z test_eighth_policy_reduces_total_work_against_quarter_on_reference_case (test_block_budgets.BlockBudgetTests.test_eighth_policy_reduces_total_work_against_quarter_on_reference_case) ... ok
2026-10-10T06:06:09.5501981Z test_exact_chebyshev_median_and_coupling_allocations (test_block_budgets.BlockBudgetTests.test_exact_chebyshev_median_and_coupling_allocations) ... ok
2026-10-10T06:06:09.5688454Z test_exact_general_failure_targets_and_eighth_search_cap (test_block_budgets.BlockBudgetTests.test_exact_general_failure_targets_and_eighth_search_cap) ... ok
2026-10-10T06:06:09.5713003Z test_exact_lag_bounds_for_two_state_chains (test_block_budgets.BlockBudgetTests.test_exact_lag_bounds_for_two_state_chains) ... ok
2026-10-10T06:06:09.7470901Z test_exact_majority_tail_and_minimal_odd_count (test_block_budgets.BlockBudgetTests.test_exact_majority_tail_and_minimal_odd_count) ... ok
2026-10-10T06:06:09.7588384Z test_finite_block_tails_and_independent_median_distribution (test_block_budgets.BlockBudgetTests.test_finite_block_tails_and_independent_median_distribution) ... ok
2026-10-10T06:06:09.7591383Z test_independence_negative_controls (test_block_budgets.BlockBudgetTests.test_independence_negative_controls) ... ok
2026-10-10T06:06:09.7596959Z test_input_validation_and_generic_support (test_block_budgets.BlockBudgetTests.test_input_validation_and_generic_support) ... ok
2026-10-10T06:06:09.7613371Z test_median_law_monotonicity_and_rounding_with_order_changes (test_block_budgets.BlockBudgetTests.test_median_law_monotonicity_and_rounding_with_order_changes) ... ok
2026-10-10T06:06:09.7968394Z test_stationary_variance_against_full_finite_block_laws (test_block_budgets.BlockBudgetTests.test_stationary_variance_against_full_finite_block_laws) ... ok
2026-10-10T06:06:09.7978399Z test_work_accounting_tracks_evaluation_tradeoff (test_block_budgets.BlockBudgetTests.test_work_accounting_tracks_evaluation_tradeoff) ... ok
2026-10-10T06:06:09.7982297Z test_zero_height_and_one_observation_boundaries (test_block_budgets.BlockBudgetTests.test_zero_height_and_one_observation_boundaries) ... ok
2026-10-10T06:06:09.9402829Z test_all_binary_two_by_three_supports_and_attainable_margins (test_block_sampler.BlockSamplerTests.test_all_binary_two_by_three_supports_and_attainable_margins) ... ok
2026-10-10T06:06:09.9925402Z test_all_three_by_three_blocks_against_cycle_union_oracle (test_block_sampler.BlockSamplerTests.test_all_three_by_three_blocks_against_cycle_union_oracle) ... ok
2026-10-10T06:06:10.0046964Z test_bridge_between_components_and_cycle_dp_hybrid (test_block_sampler.BlockSamplerTests.test_bridge_between_components_and_cycle_dp_hybrid) ... ok
2026-10-10T06:06:10.0913878Z test_complex_blocks_share_articulation_and_fixed_chord (test_block_sampler.BlockSamplerTests.test_complex_blocks_share_articulation_and_fixed_chord) ... ok
2026-10-10T06:06:10.0939842Z test_correlated_uniform_marginals_do_not_satisfy_rng_contract (test_block_sampler.BlockSamplerTests.test_correlated_uniform_marginals_do_not_satisfy_rng_contract) ... ok
2026-10-10T06:06:10.0960733Z test_disconnected_empty_and_zero_fibers (test_block_sampler.BlockSamplerTests.test_disconnected_empty_and_zero_fibers) ... ok
2026-10-10T06:06:10.1100824Z test_exact_weighted_random_choice_tree (test_block_sampler.BlockSamplerTests.test_exact_weighted_random_choice_tree) ... ok
2026-10-10T06:06:10.1205256Z test_huge_cycle_width_and_many_small_complex_blocks (test_block_sampler.BlockSamplerTests.test_huge_cycle_width_and_many_small_complex_blocks) ... ok
2026-10-10T06:06:10.2125703Z test_seeded_bounded_product_laws_and_zero_activities (test_block_sampler.BlockSamplerTests.test_seeded_bounded_product_laws_and_zero_activities) ... ok
2026-10-10T06:06:10.2154660Z test_shared_and_per_block_dp_limits_are_distinct_and_sticky (test_block_sampler.BlockSamplerTests.test_shared_and_per_block_dp_limits_are_distinct_and_sticky) ... ok
2026-10-10T06:06:10.2169697Z test_shared_cycle_preparation_limit_and_weight_preflight (test_block_sampler.BlockSamplerTests.test_shared_cycle_preparation_limit_and_weight_preflight) ... ok
2026-10-10T06:06:10.2184134Z test_weighted_dp_failure_precedes_any_rng (test_block_sampler.BlockSamplerTests.test_weighted_dp_failure_precedes_any_rng) ... ok
2026-10-10T06:06:10.2195927Z test_zero_mass_and_bad_inputs (test_block_sampler.BlockSamplerTests.test_zero_mass_and_bad_inputs) ... ok
2026-10-10T06:06:10.2199878Z test_cost_and_domination_are_distinct (test_budgets.CorrectionTests.test_cost_and_domination_are_distinct) ... ok
2026-10-10T06:06:10.2213635Z test_count_bound_against_independent_enumeration (test_budgets.CorrectionTests.test_count_bound_against_independent_enumeration) ... ok
2026-10-10T06:06:10.2241594Z test_gate_law_and_expected_reads_exhaustively (test_budgets.CorrectionTests.test_gate_law_and_expected_reads_exhaustively) ... ok
2026-10-10T06:06:10.3112060Z test_residuals_and_mixture_on_all_small_dyadic_laws (test_budgets.CorrectionTests.test_residuals_and_mixture_on_all_small_dyadic_laws) ... ok
2026-10-10T06:06:10.3149795Z test_sharp_integer_domination_threshold (test_budgets.CorrectionTests.test_sharp_integer_domination_threshold) ... ok
2026-10-10T06:06:10.3178148Z test_actual_annealing_step_controls_counts_and_mass (test_budgets.CountingBudgetTests.test_actual_annealing_step_controls_counts_and_mass) ... ok
2026-10-10T06:06:10.3216683Z test_actual_rational_bisection_at_exponent_and_rounding_boundaries (test_budgets.CountingBudgetTests.test_actual_rational_bisection_at_exponent_and_rounding_boundaries) ... ok
2026-10-10T06:06:10.3235525Z test_bernstein_variance_bound_is_attained_by_an_endpoint_law (test_budgets.CountingBudgetTests.test_bernstein_variance_bound_is_attained_by_an_endpoint_law) ... ok
2026-10-10T06:06:10.3239494Z test_common_allocation_remains_available (test_budgets.CountingBudgetTests.test_common_allocation_remains_available) ... ok
2026-10-10T06:06:10.3322959Z test_concentration_coupling_and_mixing_allocations (test_budgets.CountingBudgetTests.test_concentration_coupling_and_mixing_allocations) ... ok
2026-10-10T06:06:10.3327058Z test_correction_rounding_bounds_cover_the_larger_sigma_range (test_budgets.CountingBudgetTests.test_correction_rounding_bounds_cover_the_larger_sigma_range) ... ok
2026-10-10T06:06:10.3331043Z test_custom_support_narrower_than_ratio_range (test_budgets.CountingBudgetTests.test_custom_support_narrower_than_ratio_range) ... ok
2026-10-10T06:06:10.3332945Z test_extracted_counting_gap_constant (test_budgets.CountingBudgetTests.test_extracted_counting_gap_constant) ... ok
2026-10-10T06:06:10.3368236Z test_product_policy_all_factors_at_boundary (test_budgets.CountingBudgetTests.test_product_policy_all_factors_at_boundary) ... ok
2026-10-10T06:06:10.3373220Z test_sharp_source_concentration_constants (test_budgets.CountingBudgetTests.test_sharp_source_concentration_constants) ... ok
2026-10-10T06:06:10.3440959Z test_sharp_source_support_population_and_floor_bounds (test_budgets.CountingBudgetTests.test_sharp_source_support_population_and_floor_bounds) ... ok
2026-10-10T06:06:10.3443272Z test_source_sigma_policy_compatibility (test_budgets.CountingBudgetTests.test_source_sigma_policy_compatibility) ... ok
2026-10-10T06:06:10.3684836Z test_logarithms_and_ceilings_without_float (test_budgets.ExactArithmeticTests.test_logarithms_and_ceilings_without_float) ... ok
2026-10-10T06:06:10.3689805Z test_reject_inexact_or_out_of_domain_inputs (test_budgets.ExactArithmeticTests.test_reject_inexact_or_out_of_domain_inputs) ... ok
2026-10-10T06:06:10.3709068Z test_dense_failure_uses_exact_survival_probability (test_budgets.SamplingBudgetTests.test_dense_failure_uses_exact_survival_probability) ... ok
2026-10-10T06:06:10.3710935Z test_generic_mass_and_gap_inputs (test_budgets.SamplingBudgetTests.test_generic_mass_and_gap_inputs) ... ok
2026-10-10T06:06:10.3900726Z test_offset_formula_against_enumerated_actual_law (test_budgets.SamplingBudgetTests.test_offset_formula_against_enumerated_actual_law) ... ok
2026-10-10T06:06:10.3916491Z test_outer_three_independent_error_certificates (test_budgets.SamplingBudgetTests.test_outer_three_independent_error_certificates) ... ok
2026-10-10T06:06:10.3919413Z test_updated_denominator_allowance (test_budgets.SamplingBudgetTests.test_updated_denominator_allowance) ... ok
2026-10-10T06:06:10.3921389Z test_cycle_rejected (test_build_lean_serial.GraphTests.test_cycle_rejected) ... ok
2026-10-10T06:06:10.3979324Z test_deep_graph_is_not_limited_by_python_recursion (test_build_lean_serial.GraphTests.test_deep_graph_is_not_limited_by_python_recursion) ... ok
2026-10-10T06:06:10.3980950Z test_diamond_order_roots_and_external_boundary (test_build_lean_serial.GraphTests.test_diamond_order_roots_and_external_boundary) ... ok
2026-10-10T06:06:10.3982599Z test_missing_source_propagates (test_build_lean_serial.GraphTests.test_missing_source_propagates) ... ok
2026-10-10T06:06:10.3983639Z test_implicit_init_and_duplicates (test_build_lean_serial.HeaderTests.test_implicit_init_and_duplicates) ... ok
2026-10-10T06:06:10.3985311Z test_invalid_header_modifiers_and_unclosed_header_comment (test_build_lean_serial.HeaderTests.test_invalid_header_modifiers_and_unclosed_header_comment) ... ok
2026-10-10T06:06:10.3987075Z test_module_modifiers_and_same_line_imports (test_build_lean_serial.HeaderTests.test_module_modifiers_and_same_line_imports) ... ok
2026-10-10T06:06:10.4011212Z test_native_windows_import_and_explicit_cli_boundary (test_build_lean_serial.HeaderTests.test_native_windows_import_and_explicit_cli_boundary) ... ok
2026-10-10T06:06:10.4012852Z test_nested_comments_and_proof_body_are_not_imports (test_build_lean_serial.HeaderTests.test_nested_comments_and_proof_body_are_not_imports) ... ok
2026-10-10T06:06:10.4014430Z test_unsupported_imports_fail_instead_of_disappearing (test_build_lean_serial.HeaderTests.test_unsupported_imports_fail_instead_of_disappearing) ... ok
2026-10-10T06:06:10.4713021Z test_dependencies_checked_then_single_explicit_module_target (test_build_lean_serial.SerialExecutionTests.test_dependencies_checked_then_single_explicit_module_target) ... ok
2026-10-10T06:06:10.4751195Z test_failed_module_stops_before_next_module (test_build_lean_serial.SerialExecutionTests.test_failed_module_stops_before_next_module) ... ok
2026-10-10T06:06:10.4766571Z test_interruption_does_not_record_a_success (test_build_lean_serial.SerialExecutionTests.test_interruption_does_not_record_a_success) ... ok
2026-10-10T06:06:10.4788284Z test_missing_dependency_blocks_compile (test_build_lean_serial.SerialExecutionTests.test_missing_dependency_blocks_compile) ... ok
2026-10-10T06:06:10.4808090Z test_source_change_during_dependency_check_blocks_compile (test_build_lean_serial.SerialExecutionTests.test_source_change_during_dependency_check_blocks_compile) ... ok
2026-10-10T06:06:10.4820637Z test_source_removed_before_build_blocks_all_processes (test_build_lean_serial.SerialExecutionTests.test_source_removed_before_build_blocks_all_processes) ... ok
2026-10-10T06:06:10.6431952Z test_all_binary_two_by_three_supports_and_attainable_margins (test_cactus.CactusTests.test_all_binary_two_by_three_supports_and_attainable_margins) ... ok
2026-10-10T06:06:10.7222488Z test_all_three_by_three_graphs_against_simple_cycle_oracle (test_cactus.CactusTests.test_all_three_by_three_graphs_against_simple_cycle_oracle) ... ok
2026-10-10T06:06:10.7228326Z test_binary_encoded_huge_width_uses_mixed_radix (test_cactus.CactusTests.test_binary_encoded_huge_width_uses_mixed_radix) ... ok
2026-10-10T06:06:10.7268154Z test_cycles_can_share_vertices_and_fixed_chords_are_removed (test_cactus.CactusTests.test_cycles_can_share_vertices_and_fixed_chords_are_removed) ... ok
2026-10-10T06:06:10.7285567Z test_disconnected_cycles_bridges_and_positive_lower_bounds (test_cactus.CactusTests.test_disconnected_cycles_bridges_and_positive_lower_bounds) ... ok
2026-10-10T06:06:10.7291466Z test_empty_zero_and_forest_fibers (test_cactus.CactusTests.test_empty_zero_and_forest_fibers) ... ok
2026-10-10T06:06:10.7296795Z test_rank_parameters_and_structural_budgets (test_cactus.CactusTests.test_rank_parameters_and_structural_budgets) ... ok
2026-10-10T06:06:10.7328191Z test_storage_plan_with_large_rational_activity_coefficients (test_cactus.CactusTests.test_storage_plan_with_large_rational_activity_coefficients) ... ok
2026-10-10T06:06:10.7338346Z test_weight_planner_rejects_before_weight_arithmetic_or_rng (test_cactus.CactusTests.test_weight_planner_rejects_before_weight_arithmetic_or_rng) ... ok
2026-10-10T06:06:10.7340503Z test_weighted_empty_and_validation (test_cactus.CactusTests.test_weighted_empty_and_validation) ... ok
2026-10-10T06:06:10.8051899Z test_weighted_factorization_against_seeded_dp (test_cactus.CactusTests.test_weighted_factorization_against_seeded_dp) ... ok
2026-10-10T06:06:10.8061206Z test_weighted_random_choice_tree_is_exact (test_cactus.CactusTests.test_weighted_random_choice_tree_is_exact) ... ok
2026-10-10T06:06:10.8066414Z test_zero_activities_restrict_intervals_before_planning (test_cactus.CactusTests.test_zero_activities_restrict_intervals_before_planning) ... ok
2026-10-10T06:06:10.8069581Z test_constant_observable (test_chain_diagnostics.StationaryVarianceTests.test_constant_observable) ... ok
2026-10-10T06:06:10.8072196Z test_disconnected_different_means (test_chain_diagnostics.StationaryVarianceTests.test_disconnected_different_means) ... ok
2026-10-10T06:06:10.8078836Z test_disconnected_identical_means_have_finite_stationary_ensemble_limit (test_chain_diagnostics.StationaryVarianceTests.test_disconnected_identical_means_have_finite_stationary_ensemble_limit) ... ok
2026-10-10T06:06:10.8081504Z test_iid_weighted_two_states (test_chain_diagnostics.StationaryVarianceTests.test_iid_weighted_two_states) ... ok
2026-10-10T06:06:10.8085998Z test_null_target_states_are_excluded (test_chain_diagnostics.StationaryVarianceTests.test_null_target_states_are_excluded) ... ok
2026-10-10T06:06:10.8090199Z test_periodic_alternation_has_zero_limit_not_covariance_sum (test_chain_diagnostics.StationaryVarianceTests.test_periodic_alternation_has_zero_limit_not_covariance_sum) ... ok
2026-10-10T06:06:10.8093286Z test_persistent_two_state_analytic_answer (test_chain_diagnostics.StationaryVarianceTests.test_persistent_two_state_analytic_answer) ... ok
2026-10-10T06:06:10.8097780Z test_validation_and_resource_failures (test_chain_diagnostics.StationaryVarianceTests.test_validation_and_resource_failures) ... ok
2026-10-10T06:06:11.4128588Z test_an_omitted_headline_is_not_verified_by_a_large_count (test_claims_ledger.ClaimsLedgerTests.test_an_omitted_headline_is_not_verified_by_a_large_count) ... ok
2026-10-10T06:06:12.0387533Z test_audit_driver_uses_receipt_modules_and_every_ledger_headline (test_claims_ledger.ClaimsLedgerTests.test_audit_driver_uses_receipt_modules_and_every_ledger_headline) ... ok
2026-10-10T06:06:12.0410454Z test_changed_raw_log_fails_even_when_receipt_count_is_unchanged (test_claims_ledger.ClaimsLedgerTests.test_changed_raw_log_fails_even_when_receipt_count_is_unchanged) ... ok
2026-10-10T06:06:12.0424396Z test_changed_receipt_digest_and_unknown_status_fail (test_claims_ledger.ClaimsLedgerTests.test_changed_receipt_digest_and_unknown_status_fail) ... ok
2026-10-10T06:06:13.2458894Z test_claim_scope_is_bound_and_overlap_claim_fails (test_claims_ledger.ClaimsLedgerTests.test_claim_scope_is_bound_and_overlap_claim_fails) ... ok
2026-10-10T06:06:13.8188434Z test_commit_binding_kinds_cannot_invent_or_drop_base_commit (test_claims_ledger.ClaimsLedgerTests.test_commit_binding_kinds_cannot_invent_or_drop_base_commit) ... ok
2026-10-10T06:06:14.4296361Z test_current_summary_prefers_integrated_scope_without_adding_historical_overlap (test_claims_ledger.ClaimsLedgerTests.test_current_summary_prefers_integrated_scope_without_adding_historical_overlap) ... ok
2026-10-10T06:06:15.0270795Z test_delivered_scopes_replay_and_linux_overlap_is_not_added (test_claims_ledger.ClaimsLedgerTests.test_delivered_scopes_replay_and_linux_overlap_is_not_added) ... ok
2026-10-10T06:06:15.0274089Z test_empty_claims_cannot_leave_only_counts (test_claims_ledger.ClaimsLedgerTests.test_empty_claims_cannot_leave_only_counts) ... ok
2026-10-10T06:06:15.0277310Z test_generated_section_replacement_preserves_outside_and_requires_markers (test_claims_ledger.ClaimsLedgerTests.test_generated_section_replacement_preserves_outside_and_requires_markers) ... ok
2026-10-10T06:06:16.8174695Z test_headline_cannot_be_bound_to_an_unrelated_verified_source (test_claims_ledger.ClaimsLedgerTests.test_headline_cannot_be_bound_to_an_unrelated_verified_source) ... ok
2026-10-10T06:06:17.4193226Z test_historical_changed_sources_cannot_be_promoted_to_current (test_claims_ledger.ClaimsLedgerTests.test_historical_changed_sources_cannot_be_promoted_to_current) ... ok
2026-10-10T06:06:17.4195368Z test_paths_cannot_escape_the_repository (test_claims_ledger.ClaimsLedgerTests.test_paths_cannot_escape_the_repository) ... ok
2026-10-10T06:06:19.2209750Z test_summary_cannot_hide_current_receipt_or_reference_unvalidated_scope (test_claims_ledger.ClaimsLedgerTests.test_summary_cannot_hide_current_receipt_or_reference_unvalidated_scope) ... ok
2026-10-10T06:06:19.2242777Z test_a_present_nonfile_upstream_path_is_not_treated_as_absent (test_claims_ledger.CleanCloneSourceChecks.test_a_present_nonfile_upstream_path_is_not_treated_as_absent) ... ok
2026-10-10T06:06:19.2295682Z test_any_present_upstream_file_is_checked_and_changes_reject_current (test_claims_ledger.CleanCloneSourceChecks.test_any_present_upstream_file_is_checked_and_changes_reject_current) ... ok
2026-10-10T06:06:19.2326766Z test_clean_clone_preserves_exact_upstream_digest_and_reports_unchecked (test_claims_ledger.CleanCloneSourceChecks.test_clean_clone_preserves_exact_upstream_digest_and_reports_unchecked) ... ok
2026-10-10T06:06:19.2372735Z test_missing_or_changed_headline_source_remains_a_blocker (test_claims_ledger.CleanCloneSourceChecks.test_missing_or_changed_headline_source_remains_a_blocker) ... ok
2026-10-10T06:06:19.2418254Z test_missing_or_changed_owned_dependency_remains_a_blocker (test_claims_ledger.CleanCloneSourceChecks.test_missing_or_changed_owned_dependency_remains_a_blocker) ... ok
2026-10-10T06:06:19.2431989Z test_other_ignored_prefix_cannot_hide_missing_owned_inputs (test_claims_ledger.CleanCloneSourceChecks.test_other_ignored_prefix_cannot_hide_missing_owned_inputs) ... ok
2026-10-10T06:06:19.2462129Z test_unpinned_absent_upstream_is_not_exempt (test_claims_ledger.CleanCloneSourceChecks.test_unpinned_absent_upstream_is_not_exempt) ... ok
2026-10-10T06:06:19.2477515Z test_budget_and_watchdog_do_not_claim_partial_bounds (test_commute_scaling.CommuteScalingTests.test_budget_and_watchdog_do_not_claim_partial_bounds) ... ok
2026-10-10T06:06:19.2489422Z test_generator_is_deterministic_nested_and_feasible (test_commute_scaling.CommuteScalingTests.test_generator_is_deterministic_nested_and_feasible) ... ok
2026-10-10T06:06:19.2538750Z test_small_report_json_reconstructs_verified_results (test_commute_scaling.CommuteScalingTests.test_small_report_json_reconstructs_verified_results) ... ok
2026-10-10T06:06:19.2543170Z test_switch_product_constructs_distinct_feasible_tables (test_commute_scaling.CommuteScalingTests.test_switch_product_constructs_distinct_feasible_tables) ... ok
2026-10-10T06:06:19.2548179Z test_switch_verifier_rejects_tampering (test_commute_scaling.CommuteScalingTests.test_switch_verifier_rejects_tampering) ... ok
2026-10-10T06:06:19.2769789Z test_every_small_worker_law_against_independent_exact_combinatorics (test_commuting_backtest.PublicCommutingBacktestTests.test_every_small_worker_law_against_independent_exact_combinatorics) ... ok
2026-10-10T06:06:19.2771662Z test_invalid_or_over_budget_margins_fail_without_partial_result (test_commuting_backtest.PublicCommutingBacktestTests.test_invalid_or_over_budget_margins_fail_without_partial_result) ... ok
2026-10-10T06:06:19.2778253Z test_joint_changes_scoring_but_cannot_change_margin_prediction (test_commuting_backtest.PublicCommutingBacktestTests.test_joint_changes_scoring_but_cannot_change_margin_prediction) ... ok
2026-10-10T06:06:19.2780683Z test_official_checksum_match_must_be_unambiguous (test_commuting_backtest.PublicCommutingBacktestTests.test_official_checksum_match_must_be_unambiguous) ... ok
2026-10-10T06:06:19.2794676Z test_public_snapshot_is_complete_pinned_and_exhaustively_selected (test_commuting_backtest.PublicCommutingBacktestTests.test_public_snapshot_is_complete_pinned_and_exhaustively_selected) ... ok
2026-10-10T06:06:20.5703873Z test_report_denominators_distinguish_repeated_cells_and_fixed_metric (test_commuting_backtest.PublicCommutingBacktestTests.test_report_denominators_distinguish_repeated_cells_and_fixed_metric) ... ok
2026-10-10T06:06:20.5714869Z test_snapshot_corruption_is_rejected (test_commuting_backtest.PublicCommutingBacktestTests.test_snapshot_corruption_is_rejected) ... ok
2026-10-10T06:06:20.5719774Z test_source_aggregation_orientation_and_zero_completion (test_commuting_backtest.PublicCommutingBacktestTests.test_source_aggregation_orientation_and_zero_completion) ... ok
2026-10-10T06:06:20.5911216Z test_uniform_quantiles_and_moments_against_enumerated_integer_support (test_commuting_backtest.PublicCommutingBacktestTests.test_uniform_quantiles_and_moments_against_enumerated_integer_support) ... ok
2026-10-10T06:06:20.7164161Z test_worker_large_symmetric_support_mean_and_endpoint_symmetry (test_commuting_backtest.PublicCommutingBacktestTests.test_worker_large_symmetric_support_mean_and_endpoint_symmetry) ... ok
2026-10-10T06:06:20.7183395Z test_before_after_inventory_detects_object_mutation_and_new_object (test_environment_audit_runner.EnvironmentRunnerTests.test_before_after_inventory_detects_object_mutation_and_new_object) ... ok
2026-10-10T06:06:20.7185485Z test_custom_axioms_and_inconsistent_axiom_classification_fail (test_environment_audit_runner.EnvironmentRunnerTests.test_custom_axioms_and_inconsistent_axiom_classification_fail) ... ok
2026-10-10T06:06:20.7192324Z test_driver_uses_all_frozen_modules_and_distinct_helper_prefix (test_environment_audit_runner.EnvironmentRunnerTests.test_driver_uses_all_frozen_modules_and_distinct_helper_prefix) ... ok
2026-10-10T06:06:20.7194650Z test_exact_headline_dependency_closure_cannot_omit_or_add_dependencies (test_environment_audit_runner.EnvironmentRunnerTests.test_exact_headline_dependency_closure_cannot_omit_or_add_dependencies) ... ok
2026-10-10T06:06:20.7212737Z test_failure_receipt_is_preserved_and_attempt_cannot_be_overwritten (test_environment_audit_runner.EnvironmentRunnerTests.test_failure_receipt_is_preserved_and_attempt_cannot_be_overwritten) ... ok
2026-10-10T06:06:20.7219202Z test_import_and_native_runtime_directories_must_all_be_inventoried (test_environment_audit_runner.EnvironmentRunnerTests.test_import_and_native_runtime_directories_must_all_be_inventoried) ... ok
2026-10-10T06:06:20.7240010Z test_ir_signature_mutation_and_new_companion_are_bound (test_environment_audit_runner.EnvironmentRunnerTests.test_ir_signature_mutation_and_new_companion_are_bound) ... ok
2026-10-10T06:06:20.7243502Z test_json_framing_and_duplicate_keys_fail_closed (test_environment_audit_runner.EnvironmentRunnerTests.test_json_framing_and_duplicate_keys_fail_closed) ... ok
2026-10-10T06:06:20.7254114Z test_lean_prefix_shadowing_matches_pinned_search_path_semantics (test_environment_audit_runner.EnvironmentRunnerTests.test_lean_prefix_shadowing_matches_pinned_search_path_semantics) ... ok
2026-10-10T06:06:20.7256143Z test_missing_modules_headlines_and_known_declarations_fail (test_environment_audit_runner.EnvironmentRunnerTests.test_missing_modules_headlines_and_known_declarations_fail) ... ok
2026-10-10T06:06:20.7270600Z test_new_helper_companion_is_detected_in_complete_helper_inventory (test_environment_audit_runner.EnvironmentRunnerTests.test_new_helper_companion_is_detected_in_complete_helper_inventory) ... ok
2026-10-10T06:06:20.7425715Z test_nonzero_exit_or_stderr_cannot_be_rescued_by_valid_json (test_environment_audit_runner.EnvironmentRunnerTests.test_nonzero_exit_or_stderr_cannot_be_rescued_by_valid_json) ... ok
2026-10-10T06:06:20.7428063Z test_path_inventory_coverage_cannot_be_spoofed_with_parent_traversal (test_environment_audit_runner.EnvironmentRunnerTests.test_path_inventory_coverage_cannot_be_spoofed_with_parent_traversal) ... ok
2026-10-10T06:06:20.7429806Z test_scope_and_kind_count_mismatches_fail (test_environment_audit_runner.EnvironmentRunnerTests.test_scope_and_kind_count_mismatches_fail) ... ok
2026-10-10T06:06:20.7432330Z test_unexpected_source_bound_project_import_cannot_hide_as_cache (test_environment_audit_runner.EnvironmentRunnerTests.test_unexpected_source_bound_project_import_cannot_hide_as_cache) ... ok
2026-10-10T06:06:20.7437280Z test_unicode_lean_statement_survives_utf8_json_roundtrip (test_environment_audit_runner.EnvironmentRunnerTests.test_unicode_lean_statement_survives_utf8_json_roundtrip) ... ok
2026-10-10T06:06:20.7438887Z test_valid_report_includes_unlisted_and_private_dependencies (test_environment_audit_runner.EnvironmentRunnerTests.test_valid_report_includes_unlisted_and_private_dependencies) ... ok
2026-10-10T06:06:20.7882120Z test_budget_caps_fail_without_partial_results (test_ideal_chain.IdealChainTests.test_budget_caps_fail_without_partial_results) ... ok
2026-10-10T06:06:20.8014993Z test_exact_censoring_and_physical_return_time (test_ideal_chain.IdealChainTests.test_exact_censoring_and_physical_return_time) ... ok
2026-10-10T06:06:20.8042307Z test_feasibility_equations_and_fibre_margins (test_ideal_chain.IdealChainTests.test_feasibility_equations_and_fibre_margins) ... ok
2026-10-10T06:06:20.8172363Z test_independent_doubled_exchange_and_repair_edges (test_ideal_chain.IdealChainTests.test_independent_doubled_exchange_and_repair_edges) ... ok
2026-10-10T06:06:20.8222672Z test_independent_first_hit_equations_on_embedded_jump_chain (test_ideal_chain.IdealChainTests.test_independent_first_hit_equations_on_embedded_jump_chain) ... ok
2026-10-10T06:06:20.8224168Z test_literal_excursion_counts_holds_and_enforces_cap (test_ideal_chain.IdealChainTests.test_literal_excursion_counts_holds_and_enforces_cap) ... ok
2026-10-10T06:06:20.8225539Z test_literal_mixed_large_crossing_and_unique_completions (test_ideal_chain.IdealChainTests.test_literal_mixed_large_crossing_and_unique_completions) ... ok
2026-10-10T06:06:20.8301343Z test_literal_parameters_state_set_and_empty_fibres (test_ideal_chain.IdealChainTests.test_literal_parameters_state_set_and_empty_fibres) ... ok
2026-10-10T06:06:20.8458936Z test_literal_rng_decision_tree_including_holds_and_rejections (test_ideal_chain.IdealChainTests.test_literal_rng_decision_tree_including_holds_and_rejections) ... ok
2026-10-10T06:06:20.8668083Z test_nontrivial_completion_translation_is_source_star_not_metropolis (test_ideal_chain.IdealChainTests.test_nontrivial_completion_translation_is_source_star_not_metropolis) ... ok
2026-10-10T06:06:20.8669981Z test_rejects_changed_target_and_malformed_input (test_ideal_chain.IdealChainTests.test_rejects_changed_target_and_malformed_input) ... ok
2026-10-10T06:06:20.9003692Z test_stationary_output_bijection_and_conditional_uniformity (test_ideal_chain.IdealChainTests.test_stationary_output_bijection_and_conditional_uniformity) ... ok
2026-10-10T06:06:20.9058306Z test_zero_margins_degenerate_rectangles_and_parameter_bits (test_ideal_chain.IdealChainTests.test_zero_margins_degenerate_rectangles_and_parameter_bits) ... ok
2026-10-10T06:06:21.2810966Z test_saved_certificate_matches_independent_graph_and_backend (test_ideal_two_by_two.IdealTwoByTwoCertificate.test_saved_certificate_matches_independent_graph_and_backend) ... ok
2026-10-10T06:06:21.2822963Z test_catalog_has_all_nine_rectangles_and_six_hexagons_in_k33 (test_kernels.CycleKernelTests.test_catalog_has_all_nine_rectangles_and_six_hexagons_in_k33) ... ok
2026-10-10T06:06:21.2833121Z test_complete_fiber_is_required_and_caps_fail_before_allocation (test_kernels.CycleKernelTests.test_complete_fiber_is_required_and_caps_fail_before_allocation) ... ok
2026-10-10T06:06:21.2845152Z test_full_line_draw_reaches_every_two_by_two_table (test_kernels.CycleKernelTests.test_full_line_draw_reaches_every_two_by_two_table) ... ok
2026-10-10T06:06:21.2847007Z test_invalid_cycles_are_rejected (test_kernels.CycleKernelTests.test_invalid_cycles_are_rejected) ... ok
2026-10-10T06:06:21.2872097Z test_nonuniform_input_fixed_catalog_mixture_is_reversible (test_kernels.CycleKernelTests.test_nonuniform_input_fixed_catalog_mixture_is_reversible) ... ok
2026-10-10T06:06:21.3407222Z test_optional_spectral_diagnostic_on_exactly_known_cases (test_kernels.CycleKernelTests.test_optional_spectral_diagnostic_on_exactly_known_cases) ... ok
2026-10-10T06:06:21.3446762Z test_rational_weighted_bounded_kernel_and_null_states (test_kernels.CycleKernelTests.test_rational_weighted_bounded_kernel_and_null_states) ... ok
2026-10-10T06:06:21.3476631Z test_sparse_six_cycle_is_frozen_for_rectangle_moves (test_kernels.CycleKernelTests.test_sparse_six_cycle_is_frozen_for_rectangle_moves) ... ok
2026-10-10T06:06:21.3506628Z test_weighted_conditional_line_is_not_a_uniform_line (test_kernels.CycleKernelTests.test_weighted_conditional_line_is_not_a_uniform_line) ... ok
2026-10-10T06:06:21.3536567Z test_dense_actual_scales_and_ambient_d (test_lattice_completion.LatticeCompletionTests.test_dense_actual_scales_and_ambient_d) ... ok
2026-10-10T06:06:21.3826757Z test_every_tiny_fine_table_and_balanced_preimages (test_lattice_completion.LatticeCompletionTests.test_every_tiny_fine_table_and_balanced_preimages) ... ok
2026-10-10T06:06:21.3828664Z test_exact_geometric_arithmetic_and_preallocation_budget (test_lattice_completion.LatticeCompletionTests.test_exact_geometric_arithmetic_and_preallocation_budget) ... ok
2026-10-10T06:06:21.3870757Z test_negative_decoding_and_sharp_rounding_error (test_lattice_completion.LatticeCompletionTests.test_negative_decoding_and_sharp_rounding_error) ... ok
2026-10-10T06:06:21.4248943Z test_random_higher_dimension_roundtrips_and_independent_prefix_residues (test_lattice_completion.LatticeCompletionTests.test_random_higher_dimension_roundtrips_and_independent_prefix_residues) ... ok
2026-10-10T06:06:21.4254766Z test_semantic_bounds_and_invalid_inputs (test_lattice_completion.LatticeCompletionTests.test_semantic_bounds_and_invalid_inputs) ... ok
2026-10-10T06:06:21.4265570Z test_singleton_dimensions_have_one_preimage_and_zero_rounding_error (test_lattice_completion.LatticeCompletionTests.test_singleton_dimensions_have_one_preimage_and_zero_rounding_error) ... ok
2026-10-10T06:06:21.4268143Z test_empty_and_multiline_axiom_reports_are_both_counted (test_lean_axiom_audit.LeanAxiomAudit.test_empty_and_multiline_axiom_reports_are_both_counted) ... ok
2026-10-10T06:06:21.4269997Z test_empty_or_duplicate_requests_fail (test_lean_axiom_audit.LeanAxiomAudit.test_empty_or_duplicate_requests_fail) ... ok
2026-10-10T06:06:21.4271936Z test_missing_duplicated_unrequested_or_reordered_reports_fail (test_lean_axiom_audit.LeanAxiomAudit.test_missing_duplicated_unrequested_or_reordered_reports_fail) ... ok
2026-10-10T06:06:21.4273740Z test_nonstandard_axioms_fail (test_lean_axiom_audit.LeanAxiomAudit.test_nonstandard_axioms_fail) ... ok
2026-10-10T06:06:21.4275255Z test_unrecognized_lean_report_fails_closed (test_lean_axiom_audit.LeanAxiomAudit.test_unrecognized_lean_report_fails_closed) ... ok
2026-10-10T06:06:21.4277599Z test_certifies_algebraic_not_absolute_gap (test_mixtures.ExactMixtureTests.test_certifies_algebraic_not_absolute_gap) ... ok
2026-10-10T06:06:21.4279622Z test_disconnected_kernel_has_zero_gap (test_mixtures.ExactMixtureTests.test_disconnected_kernel_has_zero_gap) ... ok
2026-10-10T06:06:21.4283794Z test_exact_nonuniform_two_state_gap_and_sharp_witness (test_mixtures.ExactMixtureTests.test_exact_nonuniform_two_state_gap_and_sharp_witness) ... ok
2026-10-10T06:06:21.4299006Z test_fixed_mixture_and_global_dual_certificate (test_mixtures.ExactMixtureTests.test_fixed_mixture_and_global_dual_certificate) ... ok
2026-10-10T06:06:21.4567326Z test_fraction_free_psd_against_all_principal_minors (test_mixtures.ExactMixtureTests.test_fraction_free_psd_against_all_principal_minors) ... ok
2026-10-10T06:06:21.4569074Z test_kernel_validation_is_exact (test_mixtures.ExactMixtureTests.test_kernel_validation_is_exact) ... ok
2026-10-10T06:06:21.4578442Z test_mixture_and_witness_validation (test_mixtures.ExactMixtureTests.test_mixture_and_witness_validation) ... ok
2026-10-10T06:06:21.4580146Z test_psd_input_validation_and_dimension_budget (test_mixtures.ExactMixtureTests.test_psd_input_validation_and_dimension_budget) ... ok
2026-10-10T06:06:21.4581984Z test_psd_rational_rank_and_skipped_zero_pivots (test_mixtures.ExactMixtureTests.test_psd_rational_rank_and_skipped_zero_pivots) ... ok
2026-10-10T06:06:21.4587861Z test_zero_target_mass_and_singleton_convention (test_mixtures.ExactMixtureTests.test_zero_target_mass_and_singleton_convention) ... ok
2026-10-10T06:06:21.4598860Z test_certificate_verifier_is_independent_of_optimizer (test_optimize.CertificateTests.test_certificate_verifier_is_independent_of_optimizer) ... ok
2026-10-10T06:06:21.4601745Z test_elementary_infeasibility_is_explicit (test_optimize.CertificateTests.test_elementary_infeasibility_is_explicit) ... ok
2026-10-10T06:06:21.4605384Z test_lower_shifted_support_obstruction (test_optimize.CertificateTests.test_lower_shifted_support_obstruction) ... ok
2026-10-10T06:06:21.4615002Z test_support_obstruction_has_independent_cut_certificate (test_optimize.CertificateTests.test_support_obstruction_has_independent_cut_certificate) ... ok
2026-10-10T06:06:21.4626118Z test_tampered_witness_cost_direction_value_and_potentials_fail (test_optimize.CertificateTests.test_tampered_witness_cost_direction_value_and_potentials_fail) ... ok
2026-10-10T06:06:21.4883608Z test_all_two_by_two_small_caps (test_optimize.LinearBoundsTests.test_all_two_by_two_small_caps) ... ok
2026-10-10T06:06:21.4894692Z test_binary_capacities_are_not_expanded_to_units (test_optimize.LinearBoundsTests.test_binary_capacities_are_not_expanded_to_units) ... ok
2026-10-10T06:06:21.4905225Z test_budget_is_shared_and_never_returns_partial_range (test_optimize.LinearBoundsTests.test_budget_is_shared_and_never_returns_partial_range) ... ok
2026-10-10T06:06:21.4918577Z test_clearing_coprime_denominators_preserves_exact_results (test_optimize.LinearBoundsTests.test_clearing_coprime_denominators_preserves_exact_results) ... ok
2026-10-10T06:06:21.4921917Z test_deterministic_input_validation (test_optimize.LinearBoundsTests.test_deterministic_input_validation) ... ok
2026-10-10T06:06:21.4930513Z test_fixed_cells_and_zero_total (test_optimize.LinearBoundsTests.test_fixed_cells_and_zero_total) ... ok
2026-10-10T06:06:21.4948315Z test_row_column_cost_shifts_and_transpose (test_optimize.LinearBoundsTests.test_row_column_cost_shifts_and_transpose) ... ok
2026-10-10T06:06:21.5977467Z test_seeded_bounded_lower_shifted_rectangles (test_optimize.LinearBoundsTests.test_seeded_bounded_lower_shifted_rectangles) ... ok
2026-10-10T06:06:22.6866087Z test_synthetic_commute_range (test_optimize.LinearBoundsTests.test_synthetic_commute_range) ... ok
2026-10-10T06:06:22.6899797Z test_budget_report_contains_no_partial_endpoints (test_optimize.ReportTests.test_budget_report_contains_no_partial_endpoints) ... ok
2026-10-10T06:06:22.6901048Z test_example_rejects_float_and_boolean_coefficients (test_optimize.ReportTests.test_example_rejects_float_and_boolean_coefficients) ... ok
2026-10-10T06:06:22.6917493Z test_serialized_cut_report_and_elementary_failure (test_optimize.ReportTests.test_serialized_cut_report_and_elementary_failure) ... ok
2026-10-10T06:06:22.6956234Z test_serialized_report_has_independently_verifiable_endpoints (test_optimize.ReportTests.test_serialized_report_has_independently_verifiable_endpoints) ... ok
2026-10-10T06:06:22.7648647Z test_direct_counts_and_incidence_degrees (test_padding_barrier.PaddingCountTests.test_direct_counts_and_incidence_degrees) ... ok
2026-10-10T06:06:22.7658677Z test_large_dimension_exact_count_and_bit_budget_certificate (test_padding_barrier.PaddingCountTests.test_large_dimension_exact_count_and_bit_budget_certificate) ... ok
2026-10-10T06:06:22.7660181Z test_necessary_threshold_is_not_sufficient (test_padding_barrier.PaddingCountTests.test_necessary_threshold_is_not_sufficient) ... ok
2026-10-10T06:06:22.7663693Z test_two_by_two_equality_and_half_acceptance_boundary (test_padding_barrier.PaddingCountTests.test_two_by_two_equality_and_half_acceptance_boundary) ... ok
2026-10-10T06:06:22.7667639Z test_budget_rejection_occurs_before_binomial_evaluation (test_padding_barrier.PaddingValidationTests.test_budget_rejection_occurs_before_binomial_evaluation) ... ok
2026-10-10T06:06:22.7669590Z test_reject_malformed_parameters (test_padding_barrier.PaddingValidationTests.test_reject_malformed_parameters) ... ok
2026-10-10T06:06:22.7671189Z test_target_must_belong_to_the_padded_family (test_padding_barrier.PaddingValidationTests.test_target_must_belong_to_the_padded_family) ... ok
2026-10-10T06:06:22.9718079Z test_actual_padded_fibers_for_every_marked_set (test_padding_growth.SequentialPaddingTests.test_actual_padded_fibers_for_every_marked_set) ... ok
2026-10-10T06:06:22.9720233Z test_degenerate_cases_and_validation (test_padding_growth.SequentialPaddingTests.test_degenerate_cases_and_validation) ... ok
2026-10-10T06:06:22.9837733Z test_power_bound_with_exact_independent_powers (test_padding_growth.SequentialPaddingTests.test_power_bound_with_exact_independent_powers) ... ok
2026-10-10T06:06:22.9840745Z test_rational_certificate_and_large_dimensions (test_padding_growth.SequentialPaddingTests.test_rational_certificate_and_large_dimensions) ... ok
2026-10-10T06:06:22.9859017Z test_shape_threshold (test_padding_growth.SequentialPaddingTests.test_shape_threshold) ... ok
2026-10-10T06:06:22.9860229Z test_bad_configuration (test_sampler_benchmarks.Benchmarks.test_bad_configuration) ... ok
2026-10-10T06:06:22.9861511Z test_bad_rng_rank_and_negative_mass (test_sampler_benchmarks.Benchmarks.test_bad_rng_rank_and_negative_mass) ... ok
2026-10-10T06:06:22.9876739Z test_diagnostics (test_sampler_benchmarks.Benchmarks.test_diagnostics) ... ok
2026-10-10T06:06:22.9887179Z test_exact_diagnostic_cap_is_reported (test_sampler_benchmarks.Benchmarks.test_exact_diagnostic_cap_is_reported) ... ok
2026-10-10T06:06:22.9916740Z test_fixed_selection_weights_match_exact_kernel (test_sampler_benchmarks.Benchmarks.test_fixed_selection_weights_match_exact_kernel) ... ok
2026-10-10T06:06:23.1014114Z test_literal_steps_and_direct_censored_draws_are_distinct (test_sampler_benchmarks.Benchmarks.test_literal_steps_and_direct_censored_draws_are_distinct) ... ok
2026-10-10T06:06:23.1022505Z test_preparation_exhaustion_preserves_failed_run_receipt (test_sampler_benchmarks.Benchmarks.test_preparation_exhaustion_preserves_failed_run_receipt) ... ok
2026-10-10T06:06:23.1024147Z test_rational_choice (test_sampler_benchmarks.Benchmarks.test_rational_choice) ... ok
2026-10-10T06:06:23.1088558Z test_reducibility_is_explicit (test_sampler_benchmarks.Benchmarks.test_reducibility_is_explicit) ... ok
2026-10-10T06:06:23.1107112Z test_seed_repetitions_survive_singleton_support (test_sampler_benchmarks.Benchmarks.test_seed_repetitions_survive_singleton_support) ... ok
2026-10-10T06:06:23.1115081Z test_sparse_negative_control (test_sampler_benchmarks.Benchmarks.test_sparse_negative_control) ... ok
2026-10-10T06:06:23.1189286Z test_tiny_end_to_end (test_sampler_benchmarks.Benchmarks.test_tiny_end_to_end) ... ok
2026-10-10T06:06:23.1200184Z test_uniform_full_line (test_sampler_benchmarks.Benchmarks.test_uniform_full_line) ... ok
2026-10-10T06:06:23.1253972Z test_weighted_transition_matches_exact_kernel (test_sampler_benchmarks.Benchmarks.test_weighted_transition_matches_exact_kernel) ... ok
2026-10-10T06:06:23.1368937Z test_worker_panel_uses_its_own_inverse_factorial_law (test_sampler_benchmarks.Benchmarks.test_worker_panel_uses_its_own_inverse_factorial_law) ... ok
2026-10-10T06:06:23.1370821Z test_empty_blocks_and_incompatible_inputs (test_scales.ReferenceAdjustmentTests.test_empty_blocks_and_incompatible_inputs) ... ok
2026-10-10T06:06:23.3909203Z test_every_elementary_margin_family_and_reference_cell (test_scales.ReferenceAdjustmentTests.test_every_elementary_margin_family_and_reference_cell) ... ok
2026-10-10T06:06:23.3911210Z test_parameter_fractions_and_old_unpadding_negative_control (test_scales.ScaleCertificateTests.test_parameter_fractions_and_old_unpadding_negative_control) ... ok
2026-10-10T06:06:23.3940274Z test_shape_aware_threshold_and_deterministic_dimensions (test_scales.ScaleCertificateTests.test_shape_aware_threshold_and_deterministic_dimensions) ... ok
2026-10-10T06:06:23.3945001Z test_sharper_enlarged_margin_certificates (test_scales.ScaleCertificateTests.test_sharper_enlarged_margin_certificates) ... ok
2026-10-10T06:06:23.3949812Z test_universal_integer_polynomial_certificates (test_scales.ScaleCertificateTests.test_universal_integer_polynomial_certificates) ... ok
2026-10-10T06:06:23.8528891Z test_all_small_fiber_probabilities (test_scales.SwitchingTests.test_all_small_fiber_probabilities) ... ok
2026-10-10T06:06:23.8530483Z test_boundary_domain_and_cap_negative_control (test_scales.SwitchingTests.test_boundary_domain_and_cap_negative_control) ... ok
2026-10-10T06:06:23.8726322Z test_minimum_sum_inequality (test_scales.SwitchingTests.test_minimum_sum_inequality) ... ok
2026-10-10T06:06:23.8771552Z test_product_and_mean_bounds_have_exact_composition_witnesses (test_scales.SwitchingTests.test_product_and_mean_bounds_have_exact_composition_witnesses) ... ok
2026-10-10T06:06:23.8776058Z test_refined_bound_is_exact_at_zero_for_balanced_two_by_two (test_scales.SwitchingTests.test_refined_bound_is_exact_at_zero_for_balanced_two_by_two) ... ok
2026-10-10T06:06:24.3686938Z test_switching_labels_determine_source (test_scales.SwitchingTests.test_switching_labels_determine_source) ... ok
2026-10-10T06:06:24.5039739Z test_all_binary_two_by_three_supports_and_attainable_margins (test_tables.CompletionCountTests.test_all_binary_two_by_three_supports_and_attainable_margins) ... ok
2026-10-10T06:06:24.5289072Z test_random_small_lower_and_upper_bound_oracles (test_tables.CompletionCountTests.test_random_small_lower_and_upper_bound_oracles) ... ok
2026-10-10T06:06:24.5291368Z test_rank_validation_and_enumeration_output_cap (test_tables.CompletionCountTests.test_rank_validation_and_enumeration_output_cap) ... ok
2026-10-10T06:06:24.5296834Z test_resource_exhaustion_never_returns_partial_count_or_draw (test_tables.CompletionCountTests.test_resource_exhaustion_never_returns_partial_count_or_draw) ... ok
2026-10-10T06:06:24.5440596Z test_three_row_lower_bounded_oracles (test_tables.CompletionCountTests.test_three_row_lower_bounded_oracles) ... ok
2026-10-10T06:06:24.5442677Z test_constraints_are_copied_and_upper_bounds_tightened (test_tables.TableValidationTests.test_constraints_are_copied_and_upper_bounds_tightened) ... ok
2026-10-10T06:06:24.5444842Z test_empty_fibers_and_structural_zero_lower_conflict (test_tables.TableValidationTests.test_empty_fibers_and_structural_zero_lower_conflict) ... ok
2026-10-10T06:06:24.5447029Z test_feasibility_detects_sparse_hall_obstruction (test_tables.TableValidationTests.test_feasibility_detects_sparse_hall_obstruction) ... ok
2026-10-10T06:06:24.5448495Z test_reject_malformed_data (test_tables.TableValidationTests.test_reject_malformed_data) ... ok
2026-10-10T06:06:24.5450611Z test_zero_margins_and_one_row (test_tables.TableValidationTests.test_zero_margins_and_one_row) ... ok
2026-10-10T06:06:24.5460940Z test_exact_rational_sampling_tree_matches_independent_weight_oracle (test_tables.WeightedLawTests.test_exact_rational_sampling_tree_matches_independent_weight_oracle) ... ok
2026-10-10T06:06:24.5486852Z test_multistage_weighted_rng_tree_and_three_row_partition (test_tables.WeightedLawTests.test_multistage_weighted_rng_tree_and_three_row_partition) ... ok
2026-10-10T06:06:24.5519606Z test_row_and_column_activity_gauge_invariance (test_tables.WeightedLawTests.test_row_and_column_activity_gauge_invariance) ... ok
2026-10-10T06:06:24.5528387Z test_weighted_budgets_and_transpose (test_tables.WeightedLawTests.test_weighted_budgets_and_transpose) ... ok
2026-10-10T06:06:24.5538851Z test_worker_and_table_laws_are_different (test_tables.WeightedLawTests.test_worker_and_table_laws_are_different) ... ok
2026-10-10T06:06:24.5543902Z test_zero_activities_and_empty_target (test_tables.WeightedLawTests.test_zero_activities_and_empty_target) ... ok
2026-10-10T06:06:24.5897728Z test_centered_conditioning_is_sharp (test_transport_bounds.ComparisonTests.test_centered_conditioning_is_sharp) ... ok
2026-10-10T06:06:24.5907896Z test_constants_improve_initial_and_source_bounds (test_transport_bounds.ComparisonTests.test_constants_improve_initial_and_source_bounds) ... ok
2026-10-10T06:06:24.5913390Z test_integer_root_quadratic_maximum (test_transport_bounds.ComparisonTests.test_integer_root_quadratic_maximum) ... ok
2026-10-10T06:06:24.6169687Z test_repair_triangle_with_overlapping_edges (test_transport_bounds.ComparisonTests.test_repair_triangle_with_overlapping_edges) ... ok
2026-10-10T06:06:24.7060689Z test_adaptive_binary_tree_ownership (test_transport_bounds.OwnershipTests.test_adaptive_binary_tree_ownership) ... ok
2026-10-10T06:06:24.8357305Z test_complete_integer_leaf_families (test_transport_bounds.OwnershipTests.test_complete_integer_leaf_families) ... ok
2026-10-10T06:06:24.8358905Z test_fixed_prefix_holes_are_rejected (test_transport_bounds.OwnershipTests.test_fixed_prefix_holes_are_rejected) ... ok
2026-10-10T06:06:25.1469851Z test_cut_bound_for_integer_log_concave_sequences (test_transport_bounds.PathBoundsTests.test_cut_bound_for_integer_log_concave_sequences) ... ok
2026-10-10T06:06:25.1504609Z test_quadratic_order_and_single_edge_sharpness (test_transport_bounds.PathBoundsTests.test_quadratic_order_and_single_edge_sharpness) ... ok
2026-10-10T06:06:25.3195548Z test_rational_scales_and_hard_zero_endpoints (test_transport_bounds.PathBoundsTests.test_rational_scales_and_hard_zero_endpoints) ... ok
2026-10-10T06:06:25.3197973Z test_support_and_log_concavity_negative_controls (test_transport_bounds.PathBoundsTests.test_support_and_log_concavity_negative_controls) ... ok
2026-10-10T06:06:25.3200221Z test_configuration_rejects_excess_output_and_invalid_counts (test_worker_library_benchmarks.WorkerLibraryBenchmarks.test_configuration_rejects_excess_output_and_invalid_counts) ... ok
2026-10-10T06:06:25.3208664Z test_exact_law_distinguishes_uniform_aggregate_tables (test_worker_library_benchmarks.WorkerLibraryBenchmarks.test_exact_law_distinguishes_uniform_aggregate_tables) ... ok
2026-10-10T06:06:25.3213502Z test_last_case_last_repetition_accepts_exact_r_seed_boundary (test_worker_library_benchmarks.WorkerLibraryBenchmarks.test_last_case_last_repetition_accepts_exact_r_seed_boundary) ... skipped 'optional Rscript unavailable'
2026-10-10T06:06:25.3216341Z test_margin_validation_checks_shape_integer_and_totals (test_worker_library_benchmarks.WorkerLibraryBenchmarks.test_margin_validation_checks_shape_integer_and_totals) ... ok
2026-10-10T06:06:25.3221397Z test_measured_phases_are_recorded_separately (test_worker_library_benchmarks.WorkerLibraryBenchmarks.test_measured_phases_are_recorded_separately) ... ok
2026-10-10T06:06:25.3251617Z test_nonseparable_moment_formula_matches_fiber_enumeration (test_worker_library_benchmarks.WorkerLibraryBenchmarks.test_nonseparable_moment_formula_matches_fiber_enumeration) ... ok
2026-10-10T06:06:25.3262940Z test_optional_dependencies_are_skipped_with_reasons (test_worker_library_benchmarks.WorkerLibraryBenchmarks.test_optional_dependencies_are_skipped_with_reasons) ... ok
2026-10-10T06:06:25.3265717Z test_r_real_api_and_small_fiber_readback (test_worker_library_benchmarks.WorkerLibraryBenchmarks.test_r_real_api_and_small_fiber_readback) ... skipped 'optional Rscript unavailable'
2026-10-10T06:06:25.3268689Z test_scipy_all_small_fiber_probabilities (test_worker_library_benchmarks.WorkerLibraryBenchmarks.test_scipy_all_small_fiber_probabilities) ... skipped 'optional SciPy not installed'
2026-10-10T06:06:25.3274367Z test_seed_overflow_rejected_before_dependency_discovery (test_worker_library_benchmarks.WorkerLibraryBenchmarks.test_seed_overflow_rejected_before_dependency_discovery) ... ok
2026-10-10T06:06:25.3277164Z test_work_caps_preserve_skewed_large_total_shortcut (test_worker_library_benchmarks.WorkerLibraryBenchmarks.test_work_caps_preserve_skewed_large_total_shortcut) ... ok
2026-10-10T06:06:25.3481465Z test_every_three_by_two_margin_pair_up_to_four_workers (test_workers.WorkerExactLawTests.test_every_three_by_two_margin_pair_up_to_four_workers) ... ok
2026-10-10T06:06:25.3670960Z test_every_two_by_three_margin_pair_up_to_four_workers (test_workers.WorkerExactLawTests.test_every_two_by_three_margin_pair_up_to_four_workers) ... ok
2026-10-10T06:06:25.3750095Z test_three_by_three_multistage_decision_tree (test_workers.WorkerExactLawTests.test_three_by_three_multistage_decision_tree) ... ok
2026-10-10T06:06:25.3753014Z test_worker_law_is_not_uniform_table_law (test_workers.WorkerExactLawTests.test_worker_law_is_not_uniform_table_law) ... ok
2026-10-10T06:06:25.3755855Z test_additive_row_column_observable_has_zero_variance (test_workers.WorkerMomentTests.test_additive_row_column_observable_has_zero_variance) ... ok
2026-10-10T06:06:25.4030679Z test_general_signed_rational_moments_match_independent_enumeration (test_workers.WorkerMomentTests.test_general_signed_rational_moments_match_independent_enumeration) ... ok
2026-10-10T06:06:25.4032549Z test_huge_binary_margins_need_no_worker_loop (test_workers.WorkerMomentTests.test_huge_binary_margins_need_no_worker_loop) ... ok
2026-10-10T06:06:25.4034292Z test_rejects_incompatible_shape_floats_and_work_budget (test_workers.WorkerMomentTests.test_rejects_incompatible_shape_floats_and_work_budget) ... ok
2026-10-10T06:06:25.4036675Z test_bounds_activities_and_problem_objects_are_not_accepted (test_workers.WorkerValidationTests.test_bounds_activities_and_problem_objects_are_not_accepted) ... ok
2026-10-10T06:06:25.4042846Z test_budget_rejection_precedes_rng_and_dense_output_allocation (test_workers.WorkerValidationTests.test_budget_rejection_precedes_rng_and_dense_output_allocation) ... ok
2026-10-10T06:06:25.4044721Z test_deterministic_large_counts_and_zero_margins (test_workers.WorkerValidationTests.test_deterministic_large_counts_and_zero_margins) ... ok
2026-10-10T06:06:25.4047094Z test_inputs_copied_and_samples_have_no_shared_mutable_state (test_workers.WorkerValidationTests.test_inputs_copied_and_samples_have_no_shared_mutable_state) ... ok
2026-10-10T06:06:25.4057164Z test_invalid_rng_results_raise (test_workers.WorkerValidationTests.test_invalid_rng_results_raise) ... ok
2026-10-10T06:06:25.4058085Z test_largest_row_saved_and_remaining_category_shortcut (test_workers.WorkerValidationTests.test_largest_row_saved_and_remaining_category_shortcut) ... ok
2026-10-10T06:06:25.4059024Z test_malformed_margins_and_budgets (test_workers.WorkerValidationTests.test_malformed_margins_and_budgets) ... ok
2026-10-10T06:06:25.5577441Z test_moderate_count_case_needs_no_completion_dp (test_workers.WorkerValidationTests.test_moderate_count_case_needs_no_completion_dp) ... ok
2026-10-10T06:06:25.5578669Z 
2026-10-10T06:06:25.5579054Z ----------------------------------------------------------------------
2026-10-10T06:06:25.5579881Z Ran 296 tests in 16.035s
2026-10-10T06:06:25.5580237Z 
2026-10-10T06:06:25.5580422Z OK (skipped=3)
2026-10-10T06:06:25.5910724Z ##[group]Run python scripts/claims_ledger.py --check-readme
2026-10-10T06:06:25.5911206Z [36;1mpython scripts/claims_ledger.py --check-readme[0m
2026-10-10T06:06:25.5974912Z shell: /usr/bin/bash -e {0}
2026-10-10T06:06:25.5975152Z env:
2026-10-10T06:06:25.5975414Z   pythonLocation: /opt/hostedtoolcache/Python/3.12.15/x64
2026-10-10T06:06:25.5976127Z   PKG_CONFIG_PATH: /opt/hostedtoolcache/Python/3.12.15/x64/lib/pkgconfig
2026-10-10T06:06:25.5976575Z   Python_ROOT_DIR: /opt/hostedtoolcache/Python/3.12.15/x64
2026-10-10T06:06:25.5976962Z   Python2_ROOT_DIR: /opt/hostedtoolcache/Python/3.12.15/x64
2026-10-10T06:06:25.5977339Z   Python3_ROOT_DIR: /opt/hostedtoolcache/Python/3.12.15/x64
2026-10-10T06:06:25.5977921Z   LD_LIBRARY_PATH: /opt/hostedtoolcache/Python/3.12.15/x64/lib
2026-10-10T06:06:25.5978238Z ##[endgroup]
2026-10-10T06:06:26.2609434Z ##[group]Run python 115/audit115.py --output /tmp/audit115-rerun.json
2026-10-10T06:06:26.2609952Z [36;1mpython 115/audit115.py --output /tmp/audit115-rerun.json[0m
2026-10-10T06:06:26.2673570Z shell: /usr/bin/bash -e {0}
2026-10-10T06:06:26.2673816Z env:
2026-10-10T06:06:26.2674079Z   pythonLocation: /opt/hostedtoolcache/Python/3.12.15/x64
2026-10-10T06:06:26.2674526Z   PKG_CONFIG_PATH: /opt/hostedtoolcache/Python/3.12.15/x64/lib/pkgconfig
2026-10-10T06:06:26.2674969Z   Python_ROOT_DIR: /opt/hostedtoolcache/Python/3.12.15/x64
2026-10-10T06:06:26.2675365Z   Python2_ROOT_DIR: /opt/hostedtoolcache/Python/3.12.15/x64
2026-10-10T06:06:26.2675947Z   Python3_ROOT_DIR: /opt/hostedtoolcache/Python/3.12.15/x64
2026-10-10T06:06:26.2676342Z   LD_LIBRARY_PATH: /opt/hostedtoolcache/Python/3.12.15/x64/lib
2026-10-10T06:06:26.2676672Z ##[endgroup]
2026-10-10T06:06:26.6646366Z {
2026-10-10T06:06:26.6676283Z   "output": "/tmp/audit115-rerun.json",
2026-10-10T06:06:26.6706308Z   "parameter_cases": 100,
2026-10-10T06:06:26.6706767Z   "path_sequences": 896,
2026-10-10T06:06:26.6707184Z   "integer_leaf_edges": 2968,
2026-10-10T06:06:26.6707622Z   "spectral_instances": 5,
2026-10-10T06:06:26.6708053Z   "elapsed_seconds": 0.27006478599997763
2026-10-10T06:06:26.6708500Z }
2026-10-10T06:06:26.6804744Z ##[group]Run python scripts/verify_sources.py --bundle-only
2026-10-10T06:06:26.6805202Z [36;1mpython scripts/verify_sources.py --bundle-only[0m
2026-10-10T06:06:26.6867700Z shell: /usr/bin/bash -e {0}
2026-10-10T06:06:26.6867953Z env:
2026-10-10T06:06:26.6868224Z   pythonLocation: /opt/hostedtoolcache/Python/3.12.15/x64
2026-10-10T06:06:26.6868670Z   PKG_CONFIG_PATH: /opt/hostedtoolcache/Python/3.12.15/x64/lib/pkgconfig
2026-10-10T06:06:26.6869108Z   Python_ROOT_DIR: /opt/hostedtoolcache/Python/3.12.15/x64
2026-10-10T06:06:26.6869500Z   Python2_ROOT_DIR: /opt/hostedtoolcache/Python/3.12.15/x64
2026-10-10T06:06:26.6869919Z   Python3_ROOT_DIR: /opt/hostedtoolcache/Python/3.12.15/x64
2026-10-10T06:06:26.6870309Z   LD_LIBRARY_PATH: /opt/hostedtoolcache/Python/3.12.15/x64/lib
2026-10-10T06:06:26.6870636Z ##[endgroup]
2026-10-10T06:06:26.7466243Z {
2026-10-10T06:06:26.7466859Z   "bundle_sha256_verified": 5
2026-10-10T06:06:26.7467353Z }
2026-10-10T06:06:26.7563886Z ##[group]Run python experiments/independent_crosscheck.py --output /tmp/independent-crosscheck.json
2026-10-10T06:06:26.7564667Z [36;1mpython experiments/independent_crosscheck.py --output /tmp/independent-crosscheck.json[0m
2026-10-10T06:06:26.7623154Z shell: /usr/bin/bash -e {0}
2026-10-10T06:06:26.7623402Z env:
2026-10-10T06:06:26.7623670Z   pythonLocation: /opt/hostedtoolcache/Python/3.12.15/x64
2026-10-10T06:06:26.7624126Z   PKG_CONFIG_PATH: /opt/hostedtoolcache/Python/3.12.15/x64/lib/pkgconfig
2026-10-10T06:06:26.7624573Z   Python_ROOT_DIR: /opt/hostedtoolcache/Python/3.12.15/x64
2026-10-10T06:06:26.7624981Z   Python2_ROOT_DIR: /opt/hostedtoolcache/Python/3.12.15/x64
2026-10-10T06:06:26.7625365Z   Python3_ROOT_DIR: /opt/hostedtoolcache/Python/3.12.15/x64
2026-10-10T06:06:26.7626048Z   LD_LIBRARY_PATH: /opt/hostedtoolcache/Python/3.12.15/x64/lib
2026-10-10T06:06:26.7626444Z ##[endgroup]
2026-10-10T06:06:27.1397362Z {
2026-10-10T06:06:27.1397856Z   "status": "passed",
2026-10-10T06:06:27.1398435Z   "counts": {
2026-10-10T06:06:27.1398894Z     "random_constraint_cases": 160,
2026-10-10T06:06:27.1399452Z     "empty_fibers": 20,
2026-10-10T06:06:27.1399956Z     "verified_infeasibility_cuts": 14,
2026-10-10T06:06:27.1400571Z     "verified_optimal_endpoints": 280,
2026-10-10T06:06:27.1401203Z     "altered_bound_certificates_rejected": 280,
2026-10-10T06:06:27.1401734Z     "exact_weighted_kernels": 67,
2026-10-10T06:06:27.1402096Z     "zero_mass_targets": 73,
2026-10-10T06:06:27.1402460Z     "exhaustive_3x3_support_catalogs": 512,
2026-10-10T06:06:27.1402853Z     "complete_4x4_cycles": 204
2026-10-10T06:06:27.1403477Z   }
2026-10-10T06:06:27.1403710Z }
2026-10-10T06:06:27.1521646Z ##[group]Run PYTHONPATH=src python -S experiments/cycle_mixtures.py --replay reports/cycle-mixtures.json
2026-10-10T06:06:27.1522392Z [36;1mPYTHONPATH=src python -S experiments/cycle_mixtures.py --replay reports/cycle-mixtures.json[0m
2026-10-10T06:06:27.1584907Z shell: /usr/bin/bash -e {0}
2026-10-10T06:06:27.1585155Z env:
2026-10-10T06:06:27.1585428Z   pythonLocation: /opt/hostedtoolcache/Python/3.12.15/x64
2026-10-10T06:06:27.1586203Z   PKG_CONFIG_PATH: /opt/hostedtoolcache/Python/3.12.15/x64/lib/pkgconfig
2026-10-10T06:06:27.1586656Z   Python_ROOT_DIR: /opt/hostedtoolcache/Python/3.12.15/x64
2026-10-10T06:06:27.1587035Z   Python2_ROOT_DIR: /opt/hostedtoolcache/Python/3.12.15/x64
2026-10-10T06:06:27.1587435Z   Python3_ROOT_DIR: /opt/hostedtoolcache/Python/3.12.15/x64
2026-10-10T06:06:27.1587824Z   LD_LIBRARY_PATH: /opt/hostedtoolcache/Python/3.12.15/x64/lib
2026-10-10T06:06:27.1588142Z ##[endgroup]
2026-10-10T06:06:32.1614215Z {
2026-10-10T06:06:32.1614905Z   "verified_gap_intervals": 8,
2026-10-10T06:06:32.1615320Z   "verified_family_upper_bounds": 4,
2026-10-10T06:06:32.1615712Z   "verified_strict_improvements": 6,
2026-10-10T06:06:32.1616636Z   "intervals": {
2026-10-10T06:06:32.1617074Z     "uniform_tables": {
2026-10-10T06:06:32.1617495Z       "equal_rectangles": {
2026-10-10T06:06:32.1617990Z         "lower_float64_display": 0.103869,
2026-10-10T06:06:32.1618578Z         "upper_float64_display": 0.10387023209121576
2026-10-10T06:06:32.1619119Z       },
2026-10-10T06:06:32.1619491Z       "tuned_rectangles": {
2026-10-10T06:06:32.1619960Z         "lower_float64_display": 0.164036,
2026-10-10T06:06:32.1620472Z         "upper_float64_display": 0.16403716288355116,
2026-10-10T06:06:32.1620906Z         "all_allowed_mixtures_upper_float64_display": 0.164046117414259
2026-10-10T06:06:32.1621283Z       },
2026-10-10T06:06:32.1621503Z       "equal_simple_cycles": {
2026-10-10T06:06:32.1621783Z         "lower_float64_display": 0.097826,
2026-10-10T06:06:32.1622127Z         "upper_float64_display": 0.0978275415725478
2026-10-10T06:06:32.1622430Z       },
2026-10-10T06:06:32.1622638Z       "tuned_simple_cycles": {
2026-10-10T06:06:32.1622909Z         "lower_float64_display": 0.169974,
2026-10-10T06:06:32.1623242Z         "upper_float64_display": 0.16997546269570155,
2026-10-10T06:06:32.1623661Z         "all_allowed_mixtures_upper_float64_display": 0.16997812992983594
2026-10-10T06:06:32.1624049Z       }
2026-10-10T06:06:32.1624241Z     },
2026-10-10T06:06:32.1624456Z     "conditional_poisson": {
2026-10-10T06:06:32.1624725Z       "equal_rectangles": {
2026-10-10T06:06:32.1624992Z         "lower_float64_display": 0.111515,
2026-10-10T06:06:32.1625316Z         "upper_float64_display": 0.11151639753948363
2026-10-10T06:06:32.1625617Z       },
2026-10-10T06:06:32.1625991Z       "tuned_rectangles": {
2026-10-10T06:06:32.1626258Z         "lower_float64_display": 0.176501,
2026-10-10T06:06:32.1626584Z         "upper_float64_display": 0.17650211810357713,
2026-10-10T06:06:32.1627000Z         "all_allowed_mixtures_upper_float64_display": 0.17650653395062768
2026-10-10T06:06:32.1627376Z       },
2026-10-10T06:06:32.1627581Z       "equal_simple_cycles": {
2026-10-10T06:06:32.1627853Z         "lower_float64_display": 0.104207,
2026-10-10T06:06:32.1628168Z         "upper_float64_display": 0.10420836153286263
2026-10-10T06:06:32.1628472Z       },
2026-10-10T06:06:32.1628677Z       "tuned_simple_cycles": {
2026-10-10T06:06:32.1628951Z         "lower_float64_display": 0.18358,
2026-10-10T06:06:32.1629270Z         "upper_float64_display": 0.18358187818894106,
2026-10-10T06:06:32.1629680Z         "all_allowed_mixtures_upper_float64_display": 0.18358337881682502
2026-10-10T06:06:32.1630057Z       }
2026-10-10T06:06:32.1630246Z     }
2026-10-10T06:06:32.1630435Z   }
2026-10-10T06:06:32.1630607Z }
2026-10-10T06:06:32.1775061Z ##[group]Run python examples/sparse_commute.py --output /tmp/sparse-commute.json
2026-10-10T06:06:32.1775658Z [36;1mpython examples/sparse_commute.py --output /tmp/sparse-commute.json[0m
2026-10-10T06:06:32.1840687Z shell: /usr/bin/bash -e {0}
2026-10-10T06:06:32.1841111Z env:
2026-10-10T06:06:32.1841579Z   pythonLocation: /opt/hostedtoolcache/Python/3.12.15/x64
2026-10-10T06:06:32.1842386Z   PKG_CONFIG_PATH: /opt/hostedtoolcache/Python/3.12.15/x64/lib/pkgconfig
2026-10-10T06:06:32.1843174Z   Python_ROOT_DIR: /opt/hostedtoolcache/Python/3.12.15/x64
2026-10-10T06:06:32.1843582Z   Python2_ROOT_DIR: /opt/hostedtoolcache/Python/3.12.15/x64
2026-10-10T06:06:32.1843969Z   Python3_ROOT_DIR: /opt/hostedtoolcache/Python/3.12.15/x64
2026-10-10T06:06:32.1844353Z   LD_LIBRARY_PATH: /opt/hostedtoolcache/Python/3.12.15/x64/lib
2026-10-10T06:06:32.1844676Z ##[endgroup]
2026-10-10T06:06:32.5310121Z {
2026-10-10T06:06:32.5310788Z   "output": "/tmp/sparse-commute.json",
2026-10-10T06:06:32.5311340Z   "feasible_table_count": 42,
2026-10-10T06:06:32.5311770Z   "conditional_poisson_normalizer": "582288",
2026-10-10T06:06:32.5312216Z   "uniform_metric_mean": "18700",
2026-10-10T06:06:32.5312706Z   "conditional_poisson_metric_mean": "196016150/12131",
2026-10-10T06:06:32.5313201Z   "minimum_metric": "9460",
2026-10-10T06:06:32.5313570Z   "maximum_metric": "25080"
2026-10-10T06:06:32.5313936Z }
2026-10-10T06:06:32.5423709Z ##[group]Run python examples/linear_metric_bounds.py --output /tmp/linear-bounds.json
2026-10-10T06:06:32.5424348Z [36;1mpython examples/linear_metric_bounds.py --output /tmp/linear-bounds.json[0m
2026-10-10T06:06:32.5486512Z shell: /usr/bin/bash -e {0}
2026-10-10T06:06:32.5486761Z env:
2026-10-10T06:06:32.5487027Z   pythonLocation: /opt/hostedtoolcache/Python/3.12.15/x64
2026-10-10T06:06:32.5487475Z   PKG_CONFIG_PATH: /opt/hostedtoolcache/Python/3.12.15/x64/lib/pkgconfig
2026-10-10T06:06:32.5487907Z   Python_ROOT_DIR: /opt/hostedtoolcache/Python/3.12.15/x64
2026-10-10T06:06:32.5488284Z   Python2_ROOT_DIR: /opt/hostedtoolcache/Python/3.12.15/x64
2026-10-10T06:06:32.5488666Z   Python3_ROOT_DIR: /opt/hostedtoolcache/Python/3.12.15/x64
2026-10-10T06:06:32.5489056Z   LD_LIBRARY_PATH: /opt/hostedtoolcache/Python/3.12.15/x64/lib
2026-10-10T06:06:32.5489371Z ##[endgroup]
2026-10-10T06:06:32.6181536Z Certified range: 9460 .. 25080 vehicle_miles_per_year
2026-10-10T06:06:32.6182372Z Report: /tmp/linear-bounds.json
2026-10-10T06:06:32.6363329Z Post job cleanup.
2026-10-10T06:06:32.7557332Z (node:2421) [DEP0040] DeprecationWarning: The `punycode` module is deprecated. Please use a userland alternative instead.
2026-10-10T06:06:32.7558848Z (Use `node --trace-deprecation ...` to show where the warning was created)
2026-10-10T06:06:32.7744110Z Post job cleanup.
2026-10-10T06:06:32.8639057Z [command]/usr/bin/git version
2026-10-10T06:06:32.8681563Z git version 2.55.0
2026-10-10T06:06:32.8729014Z Temporarily overriding HOME='/home/runner/work/_temp/f37dc1c9-6d77-4cf5-a225-95e91205f726' before making global git config changes
2026-10-10T06:06:32.8730313Z Adding repository directory to the temporary git global config as a safe directory
2026-10-10T06:06:32.8731224Z [command]/usr/bin/git config --global --add safe.directory /home/runner/work/contingency-tables/contingency-tables
2026-10-10T06:06:32.8767696Z [command]/usr/bin/git config --local --name-only --get-regexp core\.sshCommand
2026-10-10T06:06:32.8804287Z [command]/usr/bin/git submodule foreach --recursive sh -c "git config --local --name-only --get-regexp 'core\.sshCommand' && git config --local --unset-all 'core.sshCommand' || :"
2026-10-10T06:06:32.9059824Z [command]/usr/bin/git config --local --name-only --get-regexp http\.https\:\/\/github\.com\/\.extraheader
2026-10-10T06:06:32.9089544Z http.https://github.com/.extraheader
2026-10-10T06:06:32.9101986Z [command]/usr/bin/git config --local --unset-all http.https://github.com/.extraheader
2026-10-10T06:06:32.9145032Z [command]/usr/bin/git submodule foreach --recursive sh -c "git config --local --name-only --get-regexp 'http\.https\:\/\/github\.com\/\.extraheader' && git config --local --unset-all 'http.https://github.com/.extraheader' || :"
2026-10-10T06:06:32.9401143Z [command]/usr/bin/git config --local --name-only --get-regexp ^includeIf\.gitdir:
2026-10-10T06:06:32.9440861Z [command]/usr/bin/git submodule foreach --recursive git config --local --show-origin --name-only --get-regexp remote.origin.url
2026-10-10T06:06:32.9839871Z Cleaning up orphan processes
2026-10-10T06:06:33.0135561Z ##[warning]Node.js 20 is deprecated. The following actions target Node.js 20 but are being forced to run on Node.js 24: actions/checkout@v4, actions/setup-python@v5. For more information see: https://github.blog/changelog/2025-09-19-deprecation-of-node-20-on-github-actions-runners/

