Verification started: 2026-10-08T18:42:37Z
Lean (version 4.34.1, arm64-apple-darwin24.6.0, commit 5045d0056413266e57c625dcd7c365b10e377c52, Release)
✔ [8924/8948] Built OAI.Combinatorics.ContingencyTables.Transport.QuadraticTransport (10s)
✔ [8925/8948] Built OAI.Combinatorics.ContingencyTables.Transport.SignedTransport (2.5s)
✔ [8926/8948] Built OAI.Combinatorics.ContingencyTables.Transport.BalancedSummation (2.8s)
✔ [8927/8948] Built OAI.Combinatorics.MatroidCounting.CommonBases (262s)
✔ [8928/8948] Built OAI.Combinatorics.ContingencyTables.Machines.BinaryContraction (91s)
✔ [8929/8948] Built OAI.Combinatorics.ContingencyTables.Transport.FactorialSignatures (97s)
✔ [8930/8948] Built OAI.Combinatorics.ContingencyTables.Transport.IntegerMarginal (92s)
✔ [8931/8948] Built OAI.Combinatorics.ContingencyTables.Transport.BalancedBox (109s)
✔ [8932/8948] Built OAI.Combinatorics.ContingencyTables.Transport.IntegerReflection (109s)
✔ [8933/8948] Built OAI.Combinatorics.ContingencyTables.Transport.IntegerWeightedTransport (109s)
✔ [8934/8948] Built OAI.Combinatorics.ContingencyTables.Transport.BalancedFamily (101s)
✔ [8935/8948] Built OAI.Combinatorics.ContingencyTables.Transport.IntegerSliceReindex (101s)
✔ [8936/8948] Built OAI.Combinatorics.ContingencyTables.Transport.IntegerFutureSquare (129s)
✔ [8937/8948] Built OAI.Combinatorics.ContingencyTables.Transport.BalancedEnumeration (40s)
✔ [8938/8948] Built OAI.Combinatorics.ContingencyTables.Transport.IntegerFutureKernel (37s)
✔ [8939/8948] Built OAI.Combinatorics.ContingencyTables.Transport.IntegerPairRecursion (37s)
✔ [8940/8948] Built OAI.Combinatorics.ContingencyTables.Transport.IntegerExposure (33s)
✔ [8941/8948] Built OAI.Combinatorics.ContingencyTables.Transport.IntegerLeafTransport (33s)
✔ [8942/8948] Built OAI.Combinatorics.ContingencyTables.Transport.IntegerTransportLevels (33s)
✔ [8943/8948] Built OAI.Combinatorics.ContingencyTables.Transport.IntegerRootEstimate (40s)
✔ [8944/8948] Built OAI.Combinatorics.ContingencyTables.Transport.IntegerRecursiveFlow (40s)
✔ [8945/8948] Built OAI.Combinatorics.ContingencyTables.Transport.IntegerCorrectionKernel (68s)
✔ [8946/8948] Built OAI.Combinatorics.ContingencyTables.Transport.IntegerLeafEnergy (68s)
✔ [8947/8948] Built OAI.Combinatorics.ContingencyTables.Transport.IntegerRecursivePotential (62s)
✔ [8948/8948] Built OAI.Combinatorics.ContingencyTables.Transport.IntegerRootTransport (31s)
Build completed successfully (8948 jobs).
