'Math115.ListedLatticeCompletion.tailCount' depends on axioms: [propext]
'Math115.ListedLatticeCompletion.tailCount_eq_referenceFree' depends on axioms: [propext, Classical.choice, Quot.sound]
'Math115.ListedLatticeCompletion.fullCount_card' depends on axioms: [propext, Classical.choice, Quot.sound]
'Math115.ListedLatticeCompletion.coarseRows' depends on axioms: [propext, Classical.choice, Quot.sound]
'Math115.ListedLatticeCompletion.coarseColumns' depends on axioms: [propext, Classical.choice, Quot.sound]
'Math115.ListedLatticeCompletion.coarse_totals' depends on axioms: [propext, Classical.choice, Quot.sound]
'Math115.ListedLatticeCompletion.parameters_listed' depends on axioms: [propext, Classical.choice, Quot.sound]
'Math115.ListedLatticeCompletion.coarseRows_code' depends on axioms: [propext, Classical.choice, Quot.sound]
'Math115.ListedLatticeCompletion.coarseColumns_code' depends on axioms: [propext, Classical.choice, Quot.sound]
'Math115.ListedLatticeCompletion.dimensions' depends on axioms: [propext, Classical.choice, Quot.sound]
'Math115.ListedLatticeCompletion.free_dimension' depends on axioms: [propext, Classical.choice, Quot.sound]
'Math115.ListedLatticeCompletion.dimension_fourteen' depends on axioms: [propext, Classical.choice, Quot.sound]
'Math115.ListedLatticeCompletion.coarse_row_lower' depends on axioms: [propext, Classical.choice, Quot.sound]
'Math115.ListedLatticeCompletion.coarse_column_lower' depends on axioms: [propext, Classical.choice, Quot.sound]
'Math115.ListedLatticeCompletion.coarse_row_upper' depends on axioms: [propext, Classical.choice, Quot.sound]
'Math115.ListedLatticeCompletion.dense_row_upper' depends on axioms: [propext, Classical.choice, Quot.sound]
'Math115.ListedLatticeCompletion.fineBits_le_reserved' depends on axioms: [propext, Classical.choice, Quot.sound]
'Math115.ListedLatticeCompletion.completionBits_le_reserved' depends on axioms: [propext, Classical.choice, Quot.sound]
'Math115.ListedLatticeCompletion.finiteFibreEquiv' depends on axioms: [propext, Classical.choice, Quot.sound]
'Math115.ListedLatticeCompletion.finiteFibreEquiv_entry' depends on axioms: [propext, Classical.choice, Quot.sound]
'Math115.ListedLatticeCompletion.programTable' depends on axioms: [propext, Classical.choice, Quot.sound]
'Math115.ListedLatticeCompletion.programTable_code' depends on axioms: [propext, Classical.choice, Quot.sound]
'Math115.ListedLatticeCompletion.programTable_accuracy' depends on axioms: [propext, Classical.choice, Quot.sound]
'Math115.ListedLatticeCompletion.completionDraw' depends on axioms: [propext, Classical.choice, Quot.sound]
'Math115.ListedLatticeCompletion.completionLaw' depends on axioms: [propext, Classical.choice, Quot.sound]
'Math115.ListedLatticeCompletion.completionLaw_accuracy' depends on axioms: [propext, Classical.choice, Quot.sound]
'Math115.ListedLatticeCompletion.oracleFamily' depends on axioms: [propext, Classical.choice, Quot.sound]
'Math115.ListedLatticeCompletion.oracleFamily_accuracy' depends on axioms: [propext, Classical.choice, Quot.sound]
'Math115.ListedLatticeCompletion.referenceDraw' depends on axioms: [propext, Classical.choice, Quot.sound]
'Math115.ListedLatticeCompletion.referenceDraw_law' depends on axioms: [propext, Classical.choice, Quot.sound]
'Math115.ListedLatticeCompletion.outerLaw' depends on axioms: [propext, Classical.choice, Quot.sound]
'Math115.ListedLatticeCompletion.outerLaw_variation' depends on axioms: [propext, Classical.choice, Quot.sound]
