'Math115.PrefixFloorCover.floorPrefix' depends on axioms: [propext, Classical.choice, Quot.sound]
'Math115.PrefixFloorCover.floorGrid' depends on axioms: [propext, Classical.choice, Quot.sound]
'Math115.PrefixFloorCover.floorPrefix_zero_axes' depends on axioms: [propext, Classical.choice, Quot.sound]
'Math115.PrefixFloorCover.floorGrid_entry_error' depends on axioms: [propext, Classical.choice, Quot.sound]
'Math115.PrefixFloorCover.floorGrid_nonnegative' depends on axioms: [propext, Classical.choice, Quot.sound]
'Math115.PrefixFloorCover.marginPrefix' depends on axioms: [propext, Classical.choice, Quot.sound]
'Math115.PrefixFloorCover.prefix_full_columns' depends on axioms: [propext, Classical.choice, Quot.sound]
'Math115.PrefixFloorCover.prefix_full_rows' depends on axioms: [propext, Classical.choice, Quot.sound]
'Math115.PrefixFloorCover.marginPrefix_succ' depends on axioms: [propext, Classical.choice, Quot.sound]
'Math115.PrefixFloorCover.floorGrid_rows' depends on axioms: [propext, Classical.choice, Quot.sound]
'Math115.PrefixFloorCover.floorGrid_columns' depends on axioms: [propext, Classical.choice, Quot.sound]
'Math115.PrefixFloorCover.roundedTable' depends on axioms: [propext, Classical.choice, Quot.sound]
'Math115.PrefixFloorCover.tableAnchor' depends on axioms: [propext, Classical.choice, Quot.sound]
'Math115.PrefixFloorCover.tableReal' depends on axioms: [propext, Classical.choice, Quot.sound]
'Math115.PrefixFloorCover.tableAnchor_cast' depends on axioms: [propext, Classical.choice, Quot.sound]
'Math115.PrefixFloorCover.tableReal_feasible' depends on axioms: [propext, Classical.choice, Quot.sound]
'Math115.PrefixFloorCover.tableAnchor_injective' depends on axioms: [propext, Classical.choice, Quot.sound]
'Math115.PrefixFloorCover.floorGrid_prefix' depends on axioms: [propext, Classical.choice, Quot.sound]
'Math115.PrefixFloorCover.roundedTable_anchor' depends on axioms: [propext, Classical.choice, Quot.sound]
'Math115.PrefixFloorCover.interiorPrefix_mem_rounded_cell' depends on axioms: [propext, Classical.choice, Quot.sound]
'Math115.PrefixFloorCover.lower_floor_cover' depends on axioms: [propext, Classical.choice, Quot.sound]
'Math115.PrefixFloorCover.lower_volume_le_card' depends on axioms: [propext, Classical.choice, Quot.sound]
