Math115/PhysicalFiniteWalk.lean:31:0: warning: automatically included section variable(s) unused in theorem `Math115.PhysicalFiniteWalk.massAllowance_positive`:
  [LinearOrder I]
  [LinearOrder J]
consider restructuring your `variable` declarations so that the variables are not in scope or explicitly omit them:
  omit [LinearOrder I] [LinearOrder J] in theorem ...

Note: This linter can be disabled with `set_option linter.unusedSectionVars false`
Math115/PhysicalFiniteWalk.lean:35:0: warning: automatically included section variable(s) unused in theorem `Math115.PhysicalFiniteWalk.capacity_le_bound`:
  [LinearOrder I]
  [LinearOrder J]
consider restructuring your `variable` declarations so that the variables are not in scope or explicitly omit them:
  omit [LinearOrder I] [LinearOrder J] in theorem ...

Note: This linter can be disabled with `set_option linter.unusedSectionVars false`
Math115/PhysicalFiniteWalk.lean:156:0: warning: automatically included section variable(s) unused in theorem `Math115.PhysicalFiniteWalk.successAllowance_positive`:
  [LinearOrder I]
  [LinearOrder J]
consider restructuring your `variable` declarations so that the variables are not in scope or explicitly omit them:
  omit [LinearOrder I] [LinearOrder J] in theorem ...

Note: This linter can be disabled with `set_option linter.unusedSectionVars false`
Math115/PhysicalFiniteWalk.lean:179:2: warning: Try this: 
  letI̵

The goal is a proposition, so `let` is preferred over `letI`.
The difference between `let` and `letI` is that `letI` inlines the value.
But this is not relevant for proofs because of proof irrelevance.

Note: This linter can be disabled with `set_option linter.style.haveILetI false`
Math115/PhysicalFiniteWalk.lean:180:2: warning: Try this: 
  letI̵

The goal is a proposition, so `let` is preferred over `letI`.
The difference between `let` and `letI` is that `letI` inlines the value.
But this is not relevant for proofs because of proof irrelevance.

Note: This linter can be disabled with `set_option linter.style.haveILetI false`
Math115/PhysicalFiniteWalk.lean:223:2: warning: Try this: 
  letI̵

The goal is a proposition, so `let` is preferred over `letI`.
The difference between `let` and `letI` is that `letI` inlines the value.
But this is not relevant for proofs because of proof irrelevance.

Note: This linter can be disabled with `set_option linter.style.haveILetI false`
Math115/PhysicalFiniteWalk.lean:236:8: warning: this tactic is never executed

Note: This linter can be disabled with `set_option linter.unreachableTactic false`
Math115/PhysicalFiniteWalk.lean:231:23: warning: Used `tac1 <;> tac2` where `(tac1; tac2)` would suffice

Note: This linter can be disabled with `set_option linter.unnecessarySeqFocus false`
Math115/PhysicalFiniteWalk.lean:236:8: warning: Unused tactic linter: `ring` does nothing

Note: This linter can be disabled with `set_option linter.unusedTactic false`
