'Math115.CompletionSamplerProgram.Parameters' does not depend on any axioms
'Math115.CompletionSamplerProgram.InnerParameters' does not depend on any axioms
'Math115.CompletionSamplerProgram.retriesRealizer' depends on axioms: [propext, Classical.choice, Quot.sound]
'Math115.CompletionSamplerProgram.polynomial_retries' depends on axioms: [propext, Classical.choice, Quot.sound]
'Math115.CompletionSamplerProgram.precisionRealizer' depends on axioms: [propext, Classical.choice, Quot.sound]
'Math115.CompletionSamplerProgram.polynomial_precision' depends on axioms: [propext, Classical.choice, Quot.sound]
'Math115.CompletionSamplerProgram.powerTwelveRealizer' depends on axioms: [propext, Classical.choice, Quot.sound]
'Math115.CompletionSamplerProgram.polynomial_powerTwelve' depends on axioms: [propext, Classical.choice, Quot.sound]
'Math115.CompletionSamplerProgram.dilateEntry' does not depend on any axioms
'Math115.CompletionSamplerProgram.dilateEntryRealizer' depends on axioms: [propext, Classical.choice, Quot.sound]
'Math115.CompletionSamplerProgram.polynomial_dilateEntry' depends on axioms: [propext, Classical.choice, Quot.sound]
'Math115.CompletionSamplerProgram.dilateList' does not depend on any axioms
'Math115.CompletionSamplerProgram.dilateListRealizer' depends on axioms: [propext, Classical.choice, Quot.sound]
'Math115.CompletionSamplerProgram.polynomial_dilateList' depends on axioms: [propext, Classical.choice, Quot.sound]
'Math115.CompletionSamplerProgram.prepare' depends on axioms: [propext]
'Math115.CompletionSamplerProgram.prepareRealizer' depends on axioms: [propext, Classical.choice, Quot.sound]
'Math115.CompletionSamplerProgram.polynomial_prepare' depends on axioms: [propext, Classical.choice, Quot.sound]
'Math115.CompletionSamplerProgram.trial' depends on axioms: [propext]
'Math115.CompletionSamplerProgram.trialRealizer' depends on axioms: [propext, Classical.choice, Quot.sound]
'Math115.CompletionSamplerProgram.polynomial_trial' depends on axioms: [propext, Classical.choice, Quot.sound]
'Math115.CompletionSamplerProgram.wordWidth' depends on axioms: [propext]
'Math115.CompletionSamplerProgram.wordWidthRealizer' depends on axioms: [propext, Classical.choice, Quot.sound]
'Math115.CompletionSamplerProgram.polynomial_wordWidth' depends on axioms: [propext, Classical.choice, Quot.sound]
'Math115.CompletionSamplerProgram.bitCount' depends on axioms: [propext]
'Math115.CompletionSamplerProgram.bitCountRealizer' depends on axioms: [propext, Classical.choice, Quot.sound]
'Math115.CompletionSamplerProgram.polynomial_bitCount' depends on axioms: [propext, Classical.choice, Quot.sound]
'Math115.CompletionSamplerProgram.reservedWords' depends on axioms: [propext]
'Math115.CompletionSamplerProgram.reservedWordsRealizer' depends on axioms: [propext, Classical.choice, Quot.sound]
'Math115.CompletionSamplerProgram.polynomial_reservedWords' depends on axioms: [propext, Classical.choice, Quot.sound]
'Math115.CompletionSamplerProgram.draw' depends on axioms: [propext]
'Math115.CompletionSamplerProgram.drawRealizer' depends on axioms: [propext, Classical.choice, Quot.sound]
'Math115.CompletionSamplerProgram.polynomial_draw' depends on axioms: [propext, Classical.choice, Quot.sound]
