'Math115.CompletionBooleanRetry.retryWords' depends on axioms: [propext]
'Math115.CompletionBooleanRetry.wordBankEquiv' depends on axioms: [propext, Classical.choice, Quot.sound]
'Math115.CompletionBooleanRetry.flatRetry' depends on axioms: [propext, Classical.choice, Quot.sound]
'Math115.CompletionBooleanRetry.zeroExtend' does not depend on any axioms
'Math115.CompletionBooleanRetry.prefixInt' depends on axioms: [propext, Classical.choice, Quot.sound]
'Math115.CompletionBooleanRetry.decodeCells' depends on axioms: [propext, Classical.choice, Quot.sound]
'Math115.CompletionBooleanRetry.acceptedCells' depends on axioms: [propext, Classical.choice, Quot.sound]
'Math115.CompletionBooleanRetry.acceptedCells_decidable' depends on axioms: [propext, Classical.choice, Quot.sound]
'Math115.CompletionBooleanRetry.rawTrial' depends on axioms: [propext, Classical.choice, Quot.sound]
'Math115.CompletionBooleanRetry.prefixInt_eq_bounded_prefix' depends on axioms: [propext, Classical.choice, Quot.sound]
'Math115.CompletionBooleanRetry.decodeCells_eq' depends on axioms: [propext, Classical.choice, Quot.sound]
'Math115.CompletionBooleanRetry.acceptedCells_iff' depends on axioms: [propext, Classical.choice, Quot.sound]
'Math115.CompletionBooleanRetry.tableTrial' depends on axioms: [propext, Classical.choice, Quot.sound]
'Math115.CompletionBooleanRetry.digitOffset' depends on axioms: [propext, Quot.sound]
'Math115.CompletionBooleanRetry.signedEncodeCells' depends on axioms: [propext, Quot.sound]
'Math115.CompletionBooleanRetry.encodeCells' depends on axioms: [propext, Quot.sound]
'Math115.CompletionBooleanRetry.digitOffset_eq' depends on axioms: [propext, Quot.sound]
'Math115.CompletionBooleanRetry.signedEncodeCells_eq' depends on axioms: [propext, Quot.sound]
'Math115.CompletionBooleanRetry.encodeCells_eq_encodeTable_value' depends on axioms: [propext,
 Classical.choice,
 Quot.sound]
'Math115.CompletionBooleanRetry.tableTrial_eq' depends on axioms: [propext, Classical.choice, Quot.sound]
'Math115.CompletionBooleanRetry.rawTrial_eq_tableTrial_value' depends on axioms: [propext, Classical.choice, Quot.sound]
'Math115.CompletionBooleanRetry.retryWords_eq_wordRetry' depends on axioms: [propext]
'Math115.CompletionBooleanRetry.retryWords_law' depends on axioms: [propext, Classical.choice, Quot.sound]
'Math115.CompletionBooleanRetry.flatRetry_law' depends on axioms: [propext, Classical.choice, Quot.sound]
'Math115.CompletionBooleanRetry.completion_flat_law' depends on axioms: [propext, Classical.choice, Quot.sound]
