'Math115.LatticeCompletionProgram.rowPrefix' depends on axioms: [propext]
'Math115.LatticeCompletionProgram.rowPrefixRealizer' depends on axioms: [propext, Classical.choice, Quot.sound]
'Math115.LatticeCompletionProgram.polynomial_rowPrefix' depends on axioms: [propext, Classical.choice, Quot.sound]
'Math115.LatticeCompletionProgram.prefixNat' depends on axioms: [propext]
'Math115.LatticeCompletionProgram.prefixRealizer' depends on axioms: [propext, Classical.choice, Quot.sound]
'Math115.LatticeCompletionProgram.polynomial_prefix' depends on axioms: [propext, Classical.choice, Quot.sound]
'Math115.LatticeCompletionProgram.CellInput' does not depend on any axioms
'Math115.LatticeCompletionProgram.floorPrefix' depends on axioms: [propext]
'Math115.LatticeCompletionProgram.floorPrefixRealizer' depends on axioms: [propext, Classical.choice, Quot.sound]
'Math115.LatticeCompletionProgram.polynomial_floorPrefix' depends on axioms: [propext, Classical.choice, Quot.sound]
'Math115.LatticeCompletionProgram.cellTotals' depends on axioms: [propext]
'Math115.LatticeCompletionProgram.cellTotalsRealizer' depends on axioms: [propext, Classical.choice, Quot.sound]
'Math115.LatticeCompletionProgram.polynomial_cellTotals' depends on axioms: [propext, Classical.choice, Quot.sound]
'Math115.LatticeCompletionProgram.cell' depends on axioms: [propext]
'Math115.LatticeCompletionProgram.cellRealizer' depends on axioms: [propext, Classical.choice, Quot.sound]
'Math115.LatticeCompletionProgram.polynomial_cell' depends on axioms: [propext, Classical.choice, Quot.sound]
'Math115.LatticeCompletionProgram.indices' does not depend on any axioms
'Math115.LatticeCompletionProgram.indicesRealizer' depends on axioms: [propext, Classical.choice, Quot.sound]
'Math115.LatticeCompletionProgram.polynomial_indices' depends on axioms: [propext, Classical.choice, Quot.sound]
'Math115.LatticeCompletionProgram.rowCells' depends on axioms: [propext]
'Math115.LatticeCompletionProgram.rowCellsRealizer' depends on axioms: [propext, Classical.choice, Quot.sound]
'Math115.LatticeCompletionProgram.polynomial_rowCells' depends on axioms: [propext, Classical.choice, Quot.sound]
'Math115.LatticeCompletionProgram.cells' depends on axioms: [propext]
'Math115.LatticeCompletionProgram.cellsRealizer' depends on axioms: [propext, Classical.choice, Quot.sound]
'Math115.LatticeCompletionProgram.polynomial_cells' depends on axioms: [propext, Classical.choice, Quot.sound]
'Math115.LatticeCompletionProgram.accepted' does not depend on any axioms
'Math115.LatticeCompletionProgram.acceptedRealizer' depends on axioms: [propext, Classical.choice, Quot.sound]
'Math115.LatticeCompletionProgram.polynomial_accepted' depends on axioms: [propext, Classical.choice, Quot.sound]
'Math115.LatticeCompletionProgram.values' does not depend on any axioms
'Math115.LatticeCompletionProgram.valuesRealizer' depends on axioms: [propext, Classical.choice, Quot.sound]
'Math115.LatticeCompletionProgram.polynomial_values' depends on axioms: [propext, Classical.choice, Quot.sound]
'Math115.LatticeCompletionProgram.finish' does not depend on any axioms
'Math115.LatticeCompletionProgram.finishRealizer' depends on axioms: [propext, Classical.choice, Quot.sound]
'Math115.LatticeCompletionProgram.polynomial_finish' depends on axioms: [propext, Classical.choice, Quot.sound]
'Math115.LatticeCompletionProgram.decode' depends on axioms: [propext]
'Math115.LatticeCompletionProgram.decodeRealizer' depends on axioms: [propext, Classical.choice, Quot.sound]
'Math115.LatticeCompletionProgram.polynomial_decode' depends on axioms: [propext, Classical.choice, Quot.sound]
'Math115.LatticeCompletionProgram.sum_take_getD' depends on axioms: [propext, Classical.choice, Quot.sound]
'Math115.LatticeCompletionProgram.prefix_range' depends on axioms: [propext, Classical.choice, Quot.sound]
'Math115.LatticeCompletionProgram.matrixEntry_code_zero' depends on axioms: [propext]
'Math115.LatticeCompletionProgram.prefix_code' depends on axioms: [propext, Classical.choice, Quot.sound]
'Math115.LatticeCompletionProgram.floorPrefix_code' depends on axioms: [propext, Classical.choice, Quot.sound]
'Math115.LatticeCompletionProgram.cellTotals_code' depends on axioms: [propext, Classical.choice, Quot.sound]
'Math115.LatticeCompletionProgram.cell_code' depends on axioms: [propext, Classical.choice, Quot.sound]
'Math115.LatticeCompletionProgram.map_range_ofFn' depends on axioms: [propext, Quot.sound]
'Math115.LatticeCompletionProgram.rowCells_code' depends on axioms: [propext, Classical.choice, Quot.sound]
'Math115.LatticeCompletionProgram.cells_code' depends on axioms: [propext, Classical.choice, Quot.sound]
'Math115.LatticeCompletionProgram.all_ofFn' depends on axioms: [propext, Quot.sound]
'Math115.LatticeCompletionProgram.accepted_code' depends on axioms: [propext, Classical.choice, Quot.sound]
'Math115.LatticeCompletionProgram.values_code' depends on axioms: [propext, Classical.choice, Quot.sound]
'Math115.LatticeCompletionProgram.decode_code' depends on axioms: [propext, Classical.choice, Quot.sound]
'Math115.LatticeCompletionProgram.decode_fineTable' depends on axioms: [propext, Classical.choice, Quot.sound]
