'Math115.DenseLatticeCompletion.dilation_positive' depends on axioms: [propext, Quot.sound]
'Math115.DenseLatticeCompletion.denseRows' depends on axioms: [propext, Classical.choice, Quot.sound]
'Math115.DenseLatticeCompletion.denseColumns' depends on axioms: [propext, Classical.choice, Quot.sound]
'Math115.DenseLatticeCompletion.fineOptionEquiv' depends on axioms: [propext, Classical.choice, Quot.sound]
'Math115.DenseLatticeCompletion.optionMargin_code' depends on axioms: [propext, Classical.choice, Quot.sound]
'Math115.DenseLatticeCompletion.fineOption_tableOutput' depends on axioms: [propext, Classical.choice, Quot.sound]
'Math115.DenseLatticeCompletion.denseRows_minimum' depends on axioms: [propext, Classical.choice, Quot.sound]
'Math115.DenseLatticeCompletion.denseColumns_minimum' depends on axioms: [propext, Classical.choice, Quot.sound]
'Math115.DenseLatticeCompletion.dense_totals' depends on axioms: [propext, Classical.choice, Quot.sound]
'Math115.DenseLatticeCompletion.fineBits' depends on axioms: [propext, Classical.choice, Quot.sound]
'Math115.DenseLatticeCompletion.fineBits_pos' depends on axioms: [propext, Classical.choice, Quot.sound]
'Math115.DenseLatticeCompletion.fineDraw' depends on axioms: [propext, Classical.choice, Quot.sound]
'Math115.DenseLatticeCompletion.fineDraw_canonicalCode' depends on axioms: [propext, Classical.choice, Quot.sound]
'Math115.DenseLatticeCompletion.fineDraw_matrixCode' depends on axioms: [propext, Classical.choice, Quot.sound]
'Math115.DenseLatticeCompletion.fineLaw' depends on axioms: [propext, Classical.choice, Quot.sound]
'Math115.DenseLatticeCompletion.dyadic_cast' depends on axioms: [propext, Classical.choice, Quot.sound]
'Math115.DenseLatticeCompletion.fineLaw_variation' depends on axioms: [propext, Classical.choice, Quot.sound]
'Math115.DenseLatticeCompletion.fineBits_polynomial' depends on axioms: [propext, Classical.choice, Quot.sound]
'Math115.DenseLatticeCompletion.completionLaw' depends on axioms: [propext, Classical.choice, Quot.sound]
'Math115.DenseLatticeCompletion.completionLaw_variation' depends on axioms: [propext, Classical.choice, Quot.sound]
'Math115.DenseLatticeCompletion.completionBits' depends on axioms: [propext, Classical.choice, Quot.sound]
'Math115.DenseLatticeCompletion.completionBits_bound' depends on axioms: [propext, Classical.choice, Quot.sound]
'Math115.DenseLatticeCompletion.completionDraw' depends on axioms: [propext, Classical.choice, Quot.sound]
'Math115.DenseLatticeCompletion.completionDraw_law' depends on axioms: [propext, Classical.choice, Quot.sound]
'Math115.DenseLatticeCompletion.completionDraw_variation' depends on axioms: [propext, Classical.choice, Quot.sound]
