'Math115.PhysicalLatticeCompletion.RowTail' does not depend on any axioms
'Math115.PhysicalLatticeCompletion.ColumnTail' does not depend on any axioms
'Math115.PhysicalLatticeCompletion.rowFree' depends on axioms: [propext, Classical.choice, Quot.sound]
'Math115.PhysicalLatticeCompletion.columnFree' depends on axioms: [propext, Classical.choice, Quot.sound]
'Math115.PhysicalLatticeCompletion.rowIndex' depends on axioms: [propext, Classical.choice, Quot.sound]
'Math115.PhysicalLatticeCompletion.columnIndex' depends on axioms: [propext, Classical.choice, Quot.sound]
'Math115.PhysicalLatticeCompletion.finiteRows' depends on axioms: [propext, Classical.choice, Quot.sound]
'Math115.PhysicalLatticeCompletion.finiteColumns' depends on axioms: [propext, Classical.choice, Quot.sound]
'Math115.PhysicalLatticeCompletion.finiteReferenceEquiv' depends on axioms: [propext, Classical.choice, Quot.sound]
'Math115.PhysicalLatticeCompletion.finite_totals' depends on axioms: [propext, Classical.choice, Quot.sound]
'Math115.PhysicalLatticeCompletion.row_count_eq' depends on axioms: [propext, Classical.choice, Quot.sound]
'Math115.PhysicalLatticeCompletion.column_count_eq' depends on axioms: [propext, Classical.choice, Quot.sound]
'Math115.PhysicalLatticeCompletion.finite_row_lower' depends on axioms: [propext, Classical.choice, Quot.sound]
'Math115.PhysicalLatticeCompletion.finite_column_lower' depends on axioms: [propext, Classical.choice, Quot.sound]
'Math115.PhysicalLatticeCompletion.finite_dimensions' depends on axioms: [propext, Classical.choice, Quot.sound]
'Math115.PhysicalLatticeCompletion.finite_free_dimension' depends on axioms: [propext, Classical.choice, Quot.sound]
'Math115.PhysicalLatticeCompletion.dimension_fourteen' depends on axioms: [propext, Classical.choice, Quot.sound]
'Math115.PhysicalLatticeCompletion.finite_row_upper' depends on axioms: [propext, Classical.choice, Quot.sound]
'Math115.PhysicalLatticeCompletion.finiteFallback' depends on axioms: [propext, Classical.choice, Quot.sound]
'Math115.PhysicalLatticeCompletion.FineOracleFamily' depends on axioms: [propext, Classical.choice, Quot.sound]
'Math115.PhysicalLatticeCompletion.latticeOracle' depends on axioms: [propext, Classical.choice, Quot.sound]
'Math115.PhysicalLatticeCompletion.latticeOracle_accuracy' depends on axioms: [propext, Classical.choice, Quot.sound]
'Math115.PhysicalLatticeCompletion.lattice_selected_step_accuracy' depends on axioms: [propext,
 Classical.choice,
 Quot.sound]
'Math115.PhysicalLatticeCompletion.lattice_selected_terminal_accuracy' depends on axioms: [propext,
 Classical.choice,
 Quot.sound]
'Math115.PhysicalLatticeCompletion.denseFineOracle' depends on axioms: [propext, Classical.choice, Quot.sound]
'Math115.PhysicalLatticeCompletion.denseOracle' depends on axioms: [propext, Classical.choice, Quot.sound]
'Math115.PhysicalLatticeCompletion.denseOracle_accuracy' depends on axioms: [propext, Classical.choice, Quot.sound]
'Math115.PhysicalLatticeCompletion.dense_selected_step_accuracy' depends on axioms: [propext,
 Classical.choice,
 Quot.sound]
'Math115.PhysicalLatticeCompletion.dense_selected_terminal_accuracy' depends on axioms: [propext,
 Classical.choice,
 Quot.sound]
'Math115.PhysicalLatticeCompletion.denseOuterLaw' depends on axioms: [propext, Classical.choice, Quot.sound]
'Math115.PhysicalLatticeCompletion.denseOuterLaw_variation' depends on axioms: [propext, Classical.choice, Quot.sound]
'Math115.PhysicalLatticeCompletion.fineRowBound' depends on axioms: [propext, Classical.choice, Quot.sound]
'Math115.PhysicalLatticeCompletion.fineBinaryLength' depends on axioms: [propext, Classical.choice, Quot.sound]
'Math115.PhysicalLatticeCompletion.reservedFineBits' depends on axioms: [propext, Classical.choice, Quot.sound]
'Math115.PhysicalLatticeCompletion.reservedCompletionBits' depends on axioms: [propext, Classical.choice, Quot.sound]
'Math115.PhysicalLatticeCompletion.dense_fine_row_upper' depends on axioms: [propext, Classical.choice, Quot.sound]
'Math115.PhysicalLatticeCompletion.fineBits_le_reserved' depends on axioms: [propext, Classical.choice, Quot.sound]
'Math115.PhysicalLatticeCompletion.completionBits_le_reserved' depends on axioms: [propext,
 Classical.choice,
 Quot.sound]
