'Math115.CompletionOuterSchedule.successFactor' depends on axioms: [propext]
'Math115.CompletionOuterSchedule.gapFactor' depends on axioms: [propext]
'Math115.CompletionOuterSchedule.restartCount' depends on axioms: [propext]
'Math115.CompletionOuterSchedule.mixExponent' depends on axioms: [propext]
'Math115.CompletionOuterSchedule.walkCount' depends on axioms: [propext]
'Math115.CompletionOuterSchedule.terminalPrecision' depends on axioms: [propext]
'Math115.CompletionOuterSchedule.stepPrecision' depends on axioms: [propext]
'Math115.CompletionOuterSchedule.successFactor_positive' depends on axioms: [propext, Classical.choice, Quot.sound]
'Math115.CompletionOuterSchedule.restartCount_positive' depends on axioms: [propext, Classical.choice, Quot.sound]
'Math115.CompletionOuterSchedule.gapFactor_positive' depends on axioms: [propext, Quot.sound]
'Math115.CompletionOuterSchedule.walkCount_positive' depends on axioms: [propext, Quot.sound]
'Math115.CompletionOuterSchedule.dyadic_real' depends on axioms: [propext, Classical.choice, Quot.sound]
'Math115.CompletionOuterSchedule.exp_neg_nat_le_dyadic' depends on axioms: [propext, Classical.choice, Quot.sound]
'Math115.CompletionOuterSchedule.dyadic_charge' depends on axioms: [propext, Classical.choice, Quot.sound]
'Math115.CompletionOuterSchedule.natural_charge_bound' depends on axioms: [propext, Classical.choice, Quot.sound]
'Math115.CompletionOuterSchedule.mass_charge_bound' depends on axioms: [propext, Classical.choice, Quot.sound]
'Math115.CompletionOuterSchedule.restart_error_bound' depends on axioms: [propext, Classical.choice, Quot.sound]
'Math115.CompletionOuterSchedule.walk_error_bound' depends on axioms: [propext, Classical.choice, Quot.sound]
'Math115.CompletionOuterSchedule.terminal_error_bound' depends on axioms: [propext, Classical.choice, Quot.sound]
'Math115.CompletionOuterSchedule.step_error_bound' depends on axioms: [propext, Classical.choice, Quot.sound]
'Math115.CompletionOuterSchedule.arithmetic_schedule_half' depends on axioms: [propext, Classical.choice, Quot.sound]
'Math115.CompletionOuterSchedule.arithmetic_schedule' depends on axioms: [propext, Classical.choice, Quot.sound]
'Math115.CompletionOuterSchedule.physicalSmallCount' depends on axioms: [propext, Classical.choice, Quot.sound]
'Math115.CompletionOuterSchedule.physicalMassBase' depends on axioms: [propext, Classical.choice, Quot.sound]
