'Math115.LatticeScheduleProgram.Margins' does not depend on any axioms
'Math115.LatticeScheduleProgram.ScheduleInput' does not depend on any axioms
'Math115.LatticeScheduleProgram.ScheduleOutput' does not depend on any axioms
'Math115.LatticeScheduleProgram.fixedPowerRealizer' depends on axioms: [propext, Classical.choice, Quot.sound]
'Math115.LatticeScheduleProgram.polynomial_fixedPower' depends on axioms: [propext, Classical.choice, Quot.sound]
'Math115.LatticeScheduleProgram.addGet' depends on axioms: [propext, Classical.choice, Quot.sound]
'Math115.LatticeScheduleProgram.polynomial_addGet' depends on axioms: [propext, Classical.choice, Quot.sound]
'Math115.LatticeScheduleProgram.mulGet' depends on axioms: [propext, Classical.choice, Quot.sound]
'Math115.LatticeScheduleProgram.polynomial_mulGet' depends on axioms: [propext, Classical.choice, Quot.sound]
'Math115.LatticeScheduleProgram.powerGet' depends on axioms: [propext, Classical.choice, Quot.sound]
'Math115.LatticeScheduleProgram.polynomial_powerGet' depends on axioms: [propext, Classical.choice, Quot.sound]
'Math115.LatticeScheduleProgram.logGet' depends on axioms: [propext, Classical.choice, Quot.sound]
'Math115.LatticeScheduleProgram.polynomial_logGet' depends on axioms: [propext, Classical.choice, Quot.sound]
'Math115.LatticeScheduleProgram.target' does not depend on any axioms
'Math115.LatticeScheduleProgram.targetRealizer' depends on axioms: [propext, Classical.choice, Quot.sound]
'Math115.LatticeScheduleProgram.polynomial_target' depends on axioms: [propext, Classical.choice, Quot.sound]
'Math115.LatticeScheduleProgram.dimension' does not depend on any axioms
'Math115.LatticeScheduleProgram.dimensionRealizer' depends on axioms: [propext, Classical.choice, Quot.sound]
'Math115.LatticeScheduleProgram.polynomial_dimension' depends on axioms: [propext, Classical.choice, Quot.sound]
'Math115.LatticeScheduleProgram.cutoff' depends on axioms: [propext]
'Math115.LatticeScheduleProgram.cutoffRealizer' depends on axioms: [propext, Classical.choice, Quot.sound]
'Math115.LatticeScheduleProgram.polynomial_cutoff' depends on axioms: [propext, Classical.choice, Quot.sound]
'Math115.LatticeScheduleProgram.smallCount' depends on axioms: [propext]
'Math115.LatticeScheduleProgram.smallCountRealizer' depends on axioms: [propext, Classical.choice, Quot.sound]
'Math115.LatticeScheduleProgram.polynomial_smallCount' depends on axioms: [propext, Classical.choice, Quot.sound]
'Math115.LatticeScheduleProgram.massTotal' depends on axioms: [propext]
'Math115.LatticeScheduleProgram.massTotalRealizer' depends on axioms: [propext, Classical.choice, Quot.sound]
'Math115.LatticeScheduleProgram.polynomial_massTotal' depends on axioms: [propext, Classical.choice, Quot.sound]
'Math115.LatticeScheduleProgram.padding' does not depend on any axioms
'Math115.LatticeScheduleProgram.paddingRealizer' depends on axioms: [propext, Classical.choice, Quot.sound]
'Math115.LatticeScheduleProgram.polynomial_padding' depends on axioms: [propext, Classical.choice, Quot.sound]
'Math115.LatticeScheduleProgram.massBase' depends on axioms: [propext]
'Math115.LatticeScheduleProgram.massBaseRealizer' depends on axioms: [propext, Classical.choice, Quot.sound]
'Math115.LatticeScheduleProgram.polynomial_massBase' depends on axioms: [propext, Classical.choice, Quot.sound]
'Math115.LatticeScheduleProgram.restarts' depends on axioms: [propext]
'Math115.LatticeScheduleProgram.restartsRealizer' depends on axioms: [propext, Classical.choice, Quot.sound]
'Math115.LatticeScheduleProgram.polynomial_restarts' depends on axioms: [propext, Classical.choice, Quot.sound]
'Math115.LatticeScheduleProgram.mixBudget' depends on axioms: [propext]
'Math115.LatticeScheduleProgram.mixBudgetRealizer' depends on axioms: [propext, Classical.choice, Quot.sound]
'Math115.LatticeScheduleProgram.polynomial_mixBudget' depends on axioms: [propext, Classical.choice, Quot.sound]
'Math115.LatticeScheduleProgram.walkSteps' depends on axioms: [propext]
'Math115.LatticeScheduleProgram.walkStepsRealizer' depends on axioms: [propext, Classical.choice, Quot.sound]
'Math115.LatticeScheduleProgram.polynomial_walkSteps' depends on axioms: [propext, Classical.choice, Quot.sound]
'Math115.LatticeScheduleProgram.terminalPrecision' depends on axioms: [propext]
'Math115.LatticeScheduleProgram.terminalPrecisionRealizer' depends on axioms: [propext, Classical.choice, Quot.sound]
'Math115.LatticeScheduleProgram.polynomial_terminalPrecision' depends on axioms: [propext, Classical.choice, Quot.sound]
'Math115.LatticeScheduleProgram.stepPrecision' depends on axioms: [propext]
'Math115.LatticeScheduleProgram.stepPrecisionRealizer' depends on axioms: [propext, Classical.choice, Quot.sound]
'Math115.LatticeScheduleProgram.polynomial_stepPrecision' depends on axioms: [propext, Classical.choice, Quot.sound]
'Math115.LatticeScheduleProgram.proposalBits' depends on axioms: [propext]
'Math115.LatticeScheduleProgram.proposalBitsRealizer' depends on axioms: [propext, Classical.choice, Quot.sound]
'Math115.LatticeScheduleProgram.polynomial_proposalBits' depends on axioms: [propext, Classical.choice, Quot.sound]
'Math115.LatticeScheduleProgram.fineMarginMax' depends on axioms: [propext]
'Math115.LatticeScheduleProgram.fineMarginMaxRealizer' depends on axioms: [propext, Classical.choice, Quot.sound]
'Math115.LatticeScheduleProgram.polynomial_fineMarginMax' depends on axioms: [propext, Classical.choice, Quot.sound]
'Math115.LatticeScheduleProgram.fineBinaryBits' depends on axioms: [propext]
'Math115.LatticeScheduleProgram.fineBinaryBitsRealizer' depends on axioms: [propext, Classical.choice, Quot.sound]
'Math115.LatticeScheduleProgram.polynomial_fineBinaryBits' depends on axioms: [propext, Classical.choice, Quot.sound]
'Math115.LatticeScheduleProgram.finePrecisionGet' depends on axioms: [propext, Classical.choice, Quot.sound]
'Math115.LatticeScheduleProgram.polynomial_finePrecisionGet' depends on axioms: [propext, Classical.choice, Quot.sound]
'Math115.LatticeScheduleProgram.completionBitsFor' depends on axioms: [propext]
'Math115.LatticeScheduleProgram.completionBitsForRealizer' depends on axioms: [propext, Classical.choice, Quot.sound]
'Math115.LatticeScheduleProgram.polynomial_completionBitsFor' depends on axioms: [propext, Classical.choice, Quot.sound]
'Math115.LatticeScheduleProgram.stepCompletionBits' depends on axioms: [propext]
'Math115.LatticeScheduleProgram.stepCompletionBitsRealizer' depends on axioms: [propext, Classical.choice, Quot.sound]
'Math115.LatticeScheduleProgram.polynomial_stepCompletionBits' depends on axioms: [propext,
 Classical.choice,
 Quot.sound]
'Math115.LatticeScheduleProgram.terminalCompletionBits' depends on axioms: [propext]
'Math115.LatticeScheduleProgram.terminalCompletionBitsRealizer' depends on axioms: [propext,
 Classical.choice,
 Quot.sound]
'Math115.LatticeScheduleProgram.polynomial_terminalCompletionBits' depends on axioms: [propext,
 Classical.choice,
 Quot.sound]
'Math115.LatticeScheduleProgram.stepSchedule' depends on axioms: [propext]
'Math115.LatticeScheduleProgram.stepScheduleRealizer' depends on axioms: [propext, Classical.choice, Quot.sound]
'Math115.LatticeScheduleProgram.polynomial_stepSchedule' depends on axioms: [propext, Classical.choice, Quot.sound]
'Math115.LatticeScheduleProgram.terminalSchedule' depends on axioms: [propext]
'Math115.LatticeScheduleProgram.terminalScheduleRealizer' depends on axioms: [propext, Classical.choice, Quot.sound]
'Math115.LatticeScheduleProgram.polynomial_terminalSchedule' depends on axioms: [propext, Classical.choice, Quot.sound]
'Math115.LatticeScheduleProgram.schedule' depends on axioms: [propext]
'Math115.LatticeScheduleProgram.scheduleRealizer' depends on axioms: [propext, Classical.choice, Quot.sound]
'Math115.LatticeScheduleProgram.polynomial_schedule' depends on axioms: [propext, Classical.choice, Quot.sound]
'Math115.LatticeScheduleProgram.attemptBits' depends on axioms: [propext]
'Math115.LatticeScheduleProgram.attemptBitsRealizer' depends on axioms: [propext, Classical.choice, Quot.sound]
'Math115.LatticeScheduleProgram.polynomial_attemptBits' depends on axioms: [propext, Classical.choice, Quot.sound]
'Math115.LatticeScheduleProgram.totalBits' depends on axioms: [propext]
'Math115.LatticeScheduleProgram.totalBitsRealizer' depends on axioms: [propext, Classical.choice, Quot.sound]
'Math115.LatticeScheduleProgram.polynomial_totalBits' depends on axioms: [propext, Classical.choice, Quot.sound]
'Math115.LatticeScheduleProgram.totalBits_eq_totalReservedBits' depends on axioms: [propext]
'Math115.LatticeScheduleProgram.dimension_ofFn' depends on axioms: [propext, Classical.choice, Quot.sound]
'Math115.LatticeScheduleProgram.cutoff_ofFn' depends on axioms: [propext, Classical.choice, Quot.sound]
'Math115.LatticeScheduleProgram.padding_ofFn' depends on axioms: [propext, Classical.choice, Quot.sound]
'Math115.LatticeScheduleProgram.massTotal_ofFn' depends on axioms: [propext, Classical.choice, Quot.sound]
'Math115.LatticeScheduleProgram.smallCount_ofFn' depends on axioms: [propext, Classical.choice, Quot.sound]
'Math115.LatticeScheduleProgram.massBase_ofFn' depends on axioms: [propext, Classical.choice, Quot.sound]
'Math115.LatticeScheduleProgram.restarts_ofFn' depends on axioms: [propext, Classical.choice, Quot.sound]
'Math115.LatticeScheduleProgram.mixBudget_ofFn' depends on axioms: [propext, Classical.choice, Quot.sound]
'Math115.LatticeScheduleProgram.walkSteps_ofFn' depends on axioms: [propext, Classical.choice, Quot.sound]
'Math115.LatticeScheduleProgram.terminalPrecision_ofFn' depends on axioms: [propext, Classical.choice, Quot.sound]
'Math115.LatticeScheduleProgram.stepPrecision_ofFn' depends on axioms: [propext, Classical.choice, Quot.sound]
'Math115.LatticeScheduleProgram.proposalBits_ofFn' depends on axioms: [propext, Classical.choice, Quot.sound]
'Math115.LatticeScheduleProgram.stepCompletionBits_ofFn' depends on axioms: [propext, Classical.choice, Quot.sound]
'Math115.LatticeScheduleProgram.terminalCompletionBits_ofFn' depends on axioms: [propext, Classical.choice, Quot.sound]
'Math115.LatticeScheduleProgram.stepSchedule_ofFn' depends on axioms: [propext, Classical.choice, Quot.sound]
'Math115.LatticeScheduleProgram.terminalSchedule_ofFn' depends on axioms: [propext, Classical.choice, Quot.sound]
'Math115.LatticeScheduleProgram.schedule_ofFn' depends on axioms: [propext, Classical.choice, Quot.sound]
'Math115.LatticeScheduleProgram.attemptBits_ofFn' depends on axioms: [propext, Classical.choice, Quot.sound]
'Math115.LatticeScheduleProgram.totalBits_ofFn' depends on axioms: [propext, Classical.choice, Quot.sound]
'Math115.LatticeScheduleProgram.totalBits_ofFn_budget' depends on axioms: [propext, Classical.choice, Quot.sound]
