'Math115.PrefixTransportation.Array' depends on axioms: [propext, Classical.choice, Quot.sound]
'Math115.PrefixTransportation.Matrix' depends on axioms: [propext, Classical.choice, Quot.sound]
'Math115.PrefixTransportation.Interior' does not depend on any axioms
'Math115.PrefixTransportation.difference' depends on axioms: [propext, Classical.choice, Quot.sound]
'Math115.PrefixTransportation.prefixSum' depends on axioms: [propext, Classical.choice, Quot.sound]
'Math115.PrefixTransportation.ZeroAxes' depends on axioms: [propext, Classical.choice, Quot.sound]
'Math115.PrefixTransportation.ZeroBoundary' depends on axioms: [propext, Classical.choice, Quot.sound]
'Math115.PrefixTransportation.difference_row_sum' depends on axioms: [propext, Classical.choice, Quot.sound]
'Math115.PrefixTransportation.difference_column_sum' depends on axioms: [propext, Classical.choice, Quot.sound]
'Math115.PrefixTransportation.difference_row_sum_zero' depends on axioms: [propext, Classical.choice, Quot.sound]
'Math115.PrefixTransportation.difference_column_sum_zero' depends on axioms: [propext, Classical.choice, Quot.sound]
'Math115.PrefixTransportation.prefix_zero_axes' depends on axioms: [propext, Classical.choice, Quot.sound]
'Math115.PrefixTransportation.prefix_difference' depends on axioms: [propext, Classical.choice, Quot.sound]
'Math115.PrefixTransportation.difference_prefix' depends on axioms: [propext, Classical.choice, Quot.sound]
'Math115.PrefixTransportation.extend' depends on axioms: [propext, Classical.choice, Quot.sound]
'Math115.PrefixTransportation.restrict' depends on axioms: [propext, Classical.choice, Quot.sound]
'Math115.PrefixTransportation.extend_inside' depends on axioms: [propext, Classical.choice, Quot.sound]
'Math115.PrefixTransportation.extend_outside' depends on axioms: [propext, Classical.choice, Quot.sound]
'Math115.PrefixTransportation.range_sum_extend_row' depends on axioms: [propext, Classical.choice, Quot.sound]
'Math115.PrefixTransportation.range_sum_extend_column' depends on axioms: [propext, Classical.choice, Quot.sound]
'Math115.PrefixTransportation.interiorPrefix' depends on axioms: [propext, Classical.choice, Quot.sound]
'Math115.PrefixTransportation.interiorPrefix_add' depends on axioms: [propext, Classical.choice, Quot.sound]
'Math115.PrefixTransportation.interiorPrefix_smul' depends on axioms: [propext, Classical.choice, Quot.sound]
'Math115.PrefixTransportation.interiorPrefix_injective_of_margins' depends on axioms: [propext,
 Classical.choice,
 Quot.sound]
'Math115.PrefixTransportation.offsets' depends on axioms: [propext, Classical.choice, Quot.sound]
'Math115.PrefixTransportation.offsets_zero_boundary' depends on axioms: [propext, Classical.choice, Quot.sound]
'Math115.PrefixTransportation.offsets_apply' depends on axioms: [propext, Classical.choice, Quot.sound]
'Math115.PrefixTransportation.offsets_difference_outside' depends on axioms: [propext, Classical.choice, Quot.sound]
'Math115.PrefixTransportation.perturbation' depends on axioms: [propext, Classical.choice, Quot.sound]
'Math115.PrefixTransportation.extend_perturbation' depends on axioms: [propext, Classical.choice, Quot.sound]
'Math115.PrefixTransportation.perturbation_rows_zero' depends on axioms: [propext, Classical.choice, Quot.sound]
'Math115.PrefixTransportation.perturbation_columns_zero' depends on axioms: [propext, Classical.choice, Quot.sound]
'Math115.PrefixTransportation.interiorPrefix_perturbation' depends on axioms: [propext, Classical.choice, Quot.sound]
'Math115.PrefixTransportation.offsets_error' depends on axioms: [propext, Classical.choice, Quot.sound]
'Math115.PrefixTransportation.perturbation_error' depends on axioms: [propext, Classical.choice, Quot.sound]
'Math115.PrefixTransportation.Feasible' depends on axioms: [propext, Classical.choice, Quot.sound]
'Math115.PrefixTransportation.PrefixRegion' depends on axioms: [propext, Classical.choice, Quot.sound]
'Math115.PrefixTransportation.feasible_add' depends on axioms: [propext, Classical.choice, Quot.sound]
'Math115.PrefixTransportation.feasible_smul' depends on axioms: [propext, Classical.choice, Quot.sound]
'Math115.PrefixTransportation.feasible_const' depends on axioms: [propext, Classical.choice, Quot.sound]
'Math115.PrefixTransportation.prefixRegion_translate_subset' depends on axioms: [propext, Classical.choice, Quot.sound]
'Math115.PrefixTransportation.prefixRegion_volume_mono_of_difference_table' depends on axioms: [propext,
 Classical.choice,
 Quot.sound]
'Math115.PrefixTransportation.prefixRegion_constant_translate_subset' depends on axioms: [propext,
 Classical.choice,
 Quot.sound]
'Math115.PrefixTransportation.exists_feasible_of_nonnegative_equal_total' depends on axioms: [propext,
 Classical.choice,
 Quot.sound]
'Math115.PrefixTransportation.prefixRegion_volume_mono' depends on axioms: [propext, Classical.choice, Quot.sound]
'Math115.PrefixTransportation.prefixRegion_scale_eq' depends on axioms: [propext, Classical.choice, Quot.sound]
'Math115.PrefixTransportation.prefixRegion_volume_scale' depends on axioms: [propext, Classical.choice, Quot.sound]
'Math115.PrefixTransportation.prefix_error_upper_containment' depends on axioms: [propext, Classical.choice, Quot.sound]
