Verification started: 2026-10-09T05:50:46Z
Verification scope: focused; build mode: parallel
Lean (version 4.34.1, x86_64-unknown-linux-gnu, commit 5045d0056413266e57c625dcd7c365b10e377c52, Release)
✔ [6503/6786] Built OAI.Combinatorics.ContingencyTables.Transport.QuadraticTransport (2.1s)
✔ [8925/8948] Built OAI.Combinatorics.ContingencyTables.Transport.BalancedSummation (2.4s)
✔ [8926/8948] Built OAI.Combinatorics.ContingencyTables.Transport.SignedTransport (1.9s)
✔ [8927/8948] Built OAI.Combinatorics.MatroidCounting.CommonBases (134s)
✔ [8928/8948] Built OAI.Combinatorics.ContingencyTables.Machines.BinaryContraction (5.1s)
✔ [8929/8948] Built OAI.Combinatorics.ContingencyTables.Transport.FactorialSignatures (5.5s)
✔ [8930/8948] Built OAI.Combinatorics.ContingencyTables.Transport.IntegerMarginal (4.1s)
✔ [8931/8948] Built OAI.Combinatorics.ContingencyTables.Transport.BalancedBox (3.6s)
✔ [8932/8948] Built OAI.Combinatorics.ContingencyTables.Transport.IntegerReflection (4.5s)
✔ [8933/8948] Built OAI.Combinatorics.ContingencyTables.Transport.IntegerWeightedTransport (4.7s)
✔ [8934/8948] Built OAI.Combinatorics.ContingencyTables.Transport.IntegerSliceReindex (4.5s)
✔ [8935/8948] Built OAI.Combinatorics.ContingencyTables.Transport.BalancedFamily (3.7s)
✔ [8936/8948] Built OAI.Combinatorics.ContingencyTables.Transport.IntegerFutureSquare (6.4s)
✔ [8937/8948] Built OAI.Combinatorics.ContingencyTables.Transport.BalancedEnumeration (3.6s)
✔ [8938/8948] Built OAI.Combinatorics.ContingencyTables.Transport.IntegerFutureKernel (3.7s)
✔ [8939/8948] Built OAI.Combinatorics.ContingencyTables.Transport.IntegerPairRecursion (4.0s)
✔ [8940/8948] Built OAI.Combinatorics.ContingencyTables.Transport.IntegerExposure (3.7s)
✔ [8941/8948] Built OAI.Combinatorics.ContingencyTables.Transport.IntegerTransportLevels (4.2s)
✔ [8942/8948] Built OAI.Combinatorics.ContingencyTables.Transport.IntegerLeafTransport (4.3s)
✔ [8943/8948] Built OAI.Combinatorics.ContingencyTables.Transport.IntegerRecursiveFlow (3.6s)
✔ [8944/8948] Built OAI.Combinatorics.ContingencyTables.Transport.IntegerRootEstimate (3.9s)
✔ [8945/8948] Built OAI.Combinatorics.ContingencyTables.Transport.IntegerCorrectionKernel (3.4s)
✔ [8946/8948] Built OAI.Combinatorics.ContingencyTables.Transport.IntegerLeafEnergy (3.6s)
✔ [8947/8948] Built OAI.Combinatorics.ContingencyTables.Transport.IntegerRecursivePotential (3.6s)
✔ [8948/8948] Built OAI.Combinatorics.ContingencyTables.Transport.IntegerRootTransport (3.3s)
Build completed successfully (8948 jobs).
✔ [8925/8963] Built Math115.QuadraticCoefficient (2.3s)
✔ [8937/8963] Built OAI.Combinatorics.ContingencyTables.Model (1.6s)
✔ [8941/8963] Built Math115.GlobalDisplayOwnership (2.3s)
✔ [8942/8963] Built Math115.SwitchingFiniteSums (2.5s)
✔ [8944/8963] Built Math115.SurvivalAlgebra (2.7s)
✔ [8953/8963] Built Math115.RepairCoefficient (3.2s)
✔ [8954/8965] Built OAI.Combinatorics.ContingencyTables.Sampling.SmallEntries (3.8s)
✔ [8955/8965] Built Math115.ScaleCertificate (4.6s)
✔ [8956/8965] Built Math115.UpstreamOwnershipBridge (5.4s)
✔ [8957/8970] Built OAI.Combinatorics.ContingencyTables.Sampling.Padding (2.0s)
✔ [8958/8971] Built Math115.TransportRefinement (5.0s)
✔ [8959/8973] Built Math115.SmallEntrySwitching (3.1s)
✔ [8960/8973] Built OAI.Combinatorics.ContingencyTables.Transport.LaminarSignature (3.0s)
✔ [8961/8973] Built OAI.Combinatorics.ContingencyTables.Rooted.LargePairEnumeration (5.6s)
✔ [8962/8973] Built OAI.Combinatorics.ContingencyTables.Transport.LineUnarySignature (2.0s)
✔ [8963/8980] Built Math115.SmallEntryTail (4.6s)
✔ [8964/8980] Built Math115.WidthWeightedTransport (5.1s)
✔ [8965/8980] Built OAI.Combinatorics.ContingencyTables.Transport.LabelledFactorial (5.8s)
✔ [8966/8980] Built OAI.Combinatorics.ContingencyTables.Sampling.PhysicalLargeProfiles (5.2s)
✔ [8967/8993] Built Math115.PaddedMarginBridge (2.9s)
✔ [8968/8993] Built OAI.Combinatorics.ContingencyTables.Sampling.Repair (1.8s)
✔ [8969/8997] Built OAI.Combinatorics.ContingencyTables.Transport.ProductIntegerSignature (5.5s)
✔ [8970/8997] Built OAI.Combinatorics.ContingencyTables.Sampling.RepairPrefixes (1.8s)
✔ [8971/8997] Built OAI.Combinatorics.ContingencyTables.Transport.SliceFactorial (5.6s)
✔ [8972/8997] Built OAI.Combinatorics.ContingencyTables.Transport.IntegerBoxTruncation (4.9s)
✔ [8973/8997] Built OAI.Combinatorics.ContingencyTables.Transport.RecursiveSignedTransport (9.6s)
✔ [8974/9000] Built OAI.Combinatorics.ContingencyTables.Transport.ScalarPenalty (5.2s)
✔ [8975/9002] Built OAI.Combinatorics.ContingencyTables.Transport.NestedProductSignature (6.6s)
✔ [8976/9002] Built OAI.Combinatorics.ContingencyTables.Transport.IntegerSliceRestriction (5.3s)
✔ [8977/9002] Built OAI.Combinatorics.ContingencyTables.Transport.IntegerTransportLimit (5.1s)
✔ [8978/9007] Built OAI.Combinatorics.ContingencyTables.Transport.HardZeroTransport (5.6s)
✔ [8979/9007] Built OAI.Combinatorics.ContingencyTables.Transport.PositiveSequenceMinimum (1.6s)
✔ [8980/9007] Built OAI.Combinatorics.ContingencyTables.Transport.EqualitySoftening (5.5s)
✔ [8981/9007] Built OAI.Combinatorics.ContingencyTables.Transport.IntegerContextSlices (4.9s)
✔ [8982/9014] Built OAI.Combinatorics.ContingencyTables.Transport.IntegerChildLogConcavity (5.6s)
✔ [8983/9014] Built OAI.Combinatorics.ContingencyTables.Transport.IntegerTruncatedTransport (5.5s)
✔ [8984/9014] Built OAI.Combinatorics.ContingencyTables.Transport.NestedPenaltyApplication (5.4s)
✔ [8985/9023] Built OAI.Combinatorics.ContingencyTables.Transport.ReflectedSlices (5.2s)
✔ [8986/9025] Built OAI.Combinatorics.ContingencyTables.Transport.IntegerGraphTruncation (4.8s)
✔ [8987/9025] Built OAI.Combinatorics.ContingencyTables.Transport.IntegerAuxiliaryEnumeration (5.2s)
✔ [8988/9025] Built OAI.Combinatorics.ContingencyTables.Transport.IntegerTransportCoefficient (5.2s)
✔ [8989/9025] Built OAI.Combinatorics.ContingencyTables.Transport.RowColumnPenalties (6.4s)
✔ [8990/9025] Built OAI.Combinatorics.ContingencyTables.Transport.ReflectedNested (5.3s)
✔ [8991/9025] Built OAI.Combinatorics.ContingencyTables.Transport.EqualityReindex (5.2s)
✔ [8992/9026] Built Math115.PathDistanceSum (2.5s)
✔ [8993/9029] Built OAI.Combinatorics.ContingencyTables.Transport.IntegerChildVariance (6.0s)
✔ [8994/9042] Built OAI.Combinatorics.ContingencyTables.Transport.ExcessPairCoordinates (4.0s)
✔ [8995/9045] Built OAI.Combinatorics.ContingencyTables.Sampling.PaddedCompletions (5.2s)
✔ [8996/9055] Built OAI.Combinatorics.ContingencyTables.Transport.NestedReindex (5.0s)
✔ [8997/9055] Built OAI.Combinatorics.ContingencyTables.Transport.FiniteExposureVariance (4.0s)
✔ [8998/9055] Built OAI.Combinatorics.ContingencyTables.Transport.FiniteSymmetricEnergy (4.9s)
✔ [8999/9055] Built Math115.PaddingGrowthAlgebra (3.1s)
✔ [9000/9059] Built OAI.Combinatorics.ContingencyTables.Transport.CompletionCounts (5.3s)
✔ [9001/9059] Built OAI.Combinatorics.ContingencyTables.Transport.SignedMarginTranslation (1.0s)
✔ [9002/9059] Built Math115.PaddingGrowth (2.0s)
✔ [9003/9059] Built OAI.Combinatorics.ContingencyTables.Transport.FiniteSupportVariance (4.8s)
✔ [9004/9059] Built OAI.Combinatorics.ContingencyTables.Transport.FinitePartitionVariance (5.0s)
✔ [9005/9059] Built OAI.Combinatorics.ContingencyTables.Sampling.RepairResiduals (4.8s)
✔ [9006/9059] Built OAI.Combinatorics.ContingencyTables.Transport.TableReindex (1.3s)
✔ [9007/9059] Built OAI.Combinatorics.ContingencyTables.Sampling.FirstPaperProfiles (4.9s)
✔ [9008/9059] Built OAI.Combinatorics.ContingencyTables.Transport.RectangleCompletions (4.8s)
✔ [9009/9064] Built OAI.Combinatorics.ContingencyTables.Transport.FinitePrefixVariance (4.6s)
✔ [9010/9064] Built OAI.Combinatorics.ContingencyTables.Transport.FiniteChoiceFibres (4.5s)
✔ [9011/9071] Built OAI.Combinatorics.ContingencyTables.Sampling.RepairFibres (4.0s)
✔ [9012/9071] Built OAI.Combinatorics.ContingencyTables.Transport.TranslatedCompletions (2.1s)
✔ [9013/9076] Built OAI.Combinatorics.ContingencyTables.Transport.FiniteExposureBudget (5.5s)
✔ [9014/9076] Built OAI.Combinatorics.ContingencyTables.Transport.FiniteExchangeDegree (5.5s)
✔ [9015/9080] Built OAI.Combinatorics.ContingencyTables.Transport.TranslatedCompletionCounts (1.7s)
✔ [9016/9083] Built OAI.Combinatorics.ContingencyTables.Transport.TranslatedCompletionAcceptance (2.5s)
✔ [9017/9088] Built OAI.Combinatorics.ContingencyTables.Transport.FiniteRepairDegree (5.0s)
✔ [9018/9093] Built OAI.Combinatorics.ContingencyTables.Transport.FiniteExchangeObservables (5.7s)
✔ [9019/9093] Built OAI.Combinatorics.ContingencyTables.Sampling.FirstPaperPhysicalMarginal (13s)
✔ [9020/9093] Built OAI.Combinatorics.ContingencyTables.Transport.FiniteSupportEnergy (5.1s)
✔ [9021/9093] Built OAI.Combinatorics.ContingencyTables.Dense.PublishedCheeger (4.3s)
✔ [9022/9095] Built OAI.Combinatorics.ContingencyTables.Transport.FiniteChainWeightVariance (4.7s)
✔ [9023/9095] Built OAI.Combinatorics.ContingencyTables.Sampling.FirstPaperContextTransport (4.6s)
✔ [9024/9095] Built OAI.Combinatorics.ContingencyTables.Transport.TableMarginTransport (1.3s)
✔ [9025/9095] Built OAI.Combinatorics.ContingencyTables.Sampling.PhysicalCompletionFibres (5.3s)
✔ [9026/9097] Built OAI.Combinatorics.ContingencyTables.Transport.MetropolisChain (4.8s)
✔ [9027/9097] Built OAI.Combinatorics.ContingencyTables.Transport.FiniteChainGraphComparison (4.6s)
✔ [9028/9105] Built OAI.Combinatorics.ContingencyTables.Sampling.FirstPaperContextBox (4.5s)
✔ [9030/9124] Built OAI.Combinatorics.ContingencyTables.Sampling.FirstPaperContextChildren (4.5s)
✔ [9031/9124] Built OAI.Combinatorics.ContingencyTables.Sampling.ResidualMixture (2.2s)
✔ [9032/9124] Built OAI.Combinatorics.ContingencyTables.Sampling.SmallContextFibres (4.0s)
✔ [9033/9124] Built OAI.Combinatorics.ContingencyTables.Transport.TranslatedCompletionChain (4.9s)
✔ [9034/9124] Built OAI.Combinatorics.ContingencyTables.Transport.FirstSuccess (2.1s)
✔ [9035/9124] Built OAI.Combinatorics.ContingencyTables.Sampling.UnitGraphEnergy (4.8s)
✔ [9036/9124] Built OAI.Combinatorics.ContingencyTables.Transport.RationalProducts (1.6s)
✔ [9037/9124] Built OAI.Combinatorics.ContingencyTables.Sampling.SmallContextCoordinates (5.1s)
✔ [9038/9124] Built OAI.Combinatorics.ContingencyTables.Sampling.SmallContextCount (5.4s)
✔ [9039/9124] Built OAI.Combinatorics.ContingencyTables.Transport.RationalReindex (1.4s)
✔ [9040/9124] Built OAI.Combinatorics.ContingencyTables.Transport.CompletionChainFlow (5.1s)
✔ [9041/9124] Built OAI.Combinatorics.ContingencyTables.Transport.RejectionLaw (1.8s)
✔ [9042/9124] Built OAI.Combinatorics.ContingencyTables.Machines.FiniteFairBits (1.4s)
✔ [9043/9124] Built OAI.Combinatorics.ContingencyTables.Sampling.SmallCoordinateSums (5.2s)
✔ [9044/9124] Built OAI.Combinatorics.ContingencyTables.Transport.RowMajorEnumeration (5.1s)
✔ [9045/9124] Built OAI.Combinatorics.ContingencyTables.Transport.RationalWalks (1.4s)
✔ [9046/9124] Built OAI.Combinatorics.ContingencyTables.Sampling.SmallContextEnumeration (5.7s)
✔ [9047/9124] Built OAI.Combinatorics.ContingencyTables.Transport.CompletionEnergyComparison (4.7s)
✔ [9048/9124] Built OAI.Combinatorics.ContingencyTables.Transport.RationalMapProducts (1.5s)
✔ [9049/9124] Built OAI.Combinatorics.ContingencyTables.Transport.FiniteDependentLaw (1.4s)
✔ [9050/9124] Built OAI.Combinatorics.ContingencyTables.Transport.RationalChainCast (3.0s)
✔ [9051/9124] Built OAI.Combinatorics.ContingencyTables.Sampling.FirstPaperChildMass (4.1s)
✔ [9052/9124] Built OAI.Combinatorics.ContingencyTables.Transport.ExcessContextProfiles (4.2s)
✔ [9053/9124] Built OAI.Combinatorics.ContingencyTables.Transport.ExcessContextDefects (3.6s)
✔ [9054/9124] Built OAI.Combinatorics.ContingencyTables.Sampling.SmallGraphProfiles (4.2s)
✔ [9055/9124] Built OAI.Combinatorics.ContingencyTables.Transport.ContextWeightedEnumeration (4.3s)
✔ [9056/9124] Built OAI.Combinatorics.ContingencyTables.Transport.AuxiliaryRepairMass (3.5s)
✔ [9057/9124] Built OAI.Combinatorics.ContingencyTables.Transport.ContextAdjacentTransport (3.6s)
✔ [9058/9124] Built OAI.Combinatorics.ContingencyTables.Transport.FiniteRepairVariance (3.5s)
✔ [9059/9124] Built Math115.PathVariance (5.6s)
✔ [9060/9124] Built OAI.Combinatorics.ContingencyTables.Transport.ContextChildVariance (5.9s)
⚠ [9061/9124] Built Math115.RepairVarianceRefinement (5.0s)
warning: Math115/RepairVarianceRefinement.lean:21:4: Used `tac1 <;> tac2` where `(tac1; tac2)` would suffice

Note: This linter can be disabled with `set_option linter.unnecessarySeqFocus false`
✔ [9062/9124] Built OAI.Combinatorics.ContingencyTables.Transport.FiniteGraphPoincareBudget (6.2s)
✔ [9063/9124] Built OAI.Combinatorics.ContingencyTables.Transport.ContextGraphMembership (3.7s)
✔ [9064/9124] Built OAI.Combinatorics.ContingencyTables.Sampling.FirstPaperExposureVariance (4.5s)
✔ [9065/9124] Built OAI.Combinatorics.ContingencyTables.Sampling.SmallChainBudget (4.3s)
✔ [9066/9124] Built OAI.Combinatorics.ContingencyTables.Sampling.PhysicalGraphVertices (4.0s)
✔ [9067/9124] Built OAI.Combinatorics.ContingencyTables.Sampling.SmallProposal (4.2s)
✔ [9068/9124] Built OAI.Combinatorics.ContingencyTables.Sampling.SmallCompletionAcceptance (4.4s)
✔ [9069/9124] Built OAI.Combinatorics.ContingencyTables.Sampling.SmallProfileRepair (3.4s)
✔ [9070/9124] Built OAI.Combinatorics.ContingencyTables.Transport.ContextGraphEnergy (5.0s)
✔ [9071/9124] Built OAI.Combinatorics.ContingencyTables.Sampling.RepairLargeMass (4.0s)
✔ [9072/9124] Built OAI.Combinatorics.ContingencyTables.Sampling.PhysicalContextVariance (4.1s)
✔ [9073/9124] Built OAI.Combinatorics.ContingencyTables.Sampling.PhysicalPrefixEnergies (5.8s)
✔ [9074/9124] Built OAI.Combinatorics.ContingencyTables.Sampling.RepairSmallMargins (4.4s)
✔ [9075/9124] Built OAI.Combinatorics.ContingencyTables.Sampling.SmallRepairCapacity (4.4s)
✔ [9076/9124] Built OAI.Combinatorics.ContingencyTables.Transport.ChoiceContextEnumeration (4.0s)
✔ [9077/9124] Built OAI.Combinatorics.ContingencyTables.Sampling.PhysicalRepairMass (5.1s)
⚠ [9078/9124] Built Math115.PhysicalLeafEnergy (8.3s)
warning: Math115/PhysicalLeafEnergy.lean:154:0: automatically included section variable(s) unused in theorem `Math115.PhysicalLeafEnergy.physical_display_special`:
  [Fintype I]
  [Fintype J]
consider restructuring your `variable` declarations so that the variables are not in scope or explicitly omit them:
  omit [Fintype I] [Fintype J] in theorem ...

Note: This linter can be disabled with `set_option linter.unusedSectionVars false`
warning: Math115/PhysicalLeafEnergy.lean:413:0: automatically included section variable(s) unused in theorem `Math115.PhysicalLeafEnergy.context_box_leaf_transport_quarter`:
  [LinearOrder I]
  [LinearOrder J]
consider restructuring your `variable` declarations so that the variables are not in scope or explicitly omit them:
  omit [LinearOrder I] [LinearOrder J] in theorem ...

Note: This linter can be disabled with `set_option linter.unusedSectionVars false`
✔ [9079/9124] Built OAI.Combinatorics.ContingencyTables.Transport.RawSmallChoiceProperties (4.9s)
✔ [9080/9124] Built OAI.Combinatorics.ContingencyTables.Transport.RowMajorPrefixFibres (5.1s)
✔ [9081/9124] Built OAI.Combinatorics.ContingencyTables.Transport.WordContextVariance (3.2s)
✔ [9082/9124] Built OAI.Combinatorics.ContingencyTables.Sampling.SmallRepairWords (4.4s)
✔ [9083/9124] Built Math115.PhysicalExposureVariance (4.6s)
✔ [9084/9124] Built OAI.Combinatorics.ContingencyTables.Sampling.FirstPaperTransversalVariance (6.4s)
✔ [9085/9124] Built OAI.Combinatorics.ContingencyTables.Sampling.SmallBalancedEncoding (3.7s)
✔ [9086/9124] Built OAI.Combinatorics.ContingencyTables.Sampling.PhysicalRepairGraph (4.0s)
✔ [9087/9124] Built OAI.Combinatorics.ContingencyTables.Sampling.SmallProfileEncoding (4.0s)
✔ [9088/9124] Built OAI.Combinatorics.ContingencyTables.Sampling.FirstPaperFullVariance (3.5s)
✔ [9089/9124] Built OAI.Combinatorics.ContingencyTables.Sampling.FirstPaperPhysicalVariance (3.2s)
✔ [9090/9124] Built OAI.Combinatorics.ContingencyTables.Sampling.PhysicalGraphDegree (7.1s)
✔ [9091/9124] Built OAI.Combinatorics.ContingencyTables.Sampling.PhysicalResidualMargins (3.6s)
✔ [9092/9124] Built OAI.Combinatorics.ContingencyTables.Sampling.PhysicalPaperCapacity (6.1s)
✔ [9093/9124] Built OAI.Combinatorics.ContingencyTables.Sampling.PhysicalSmallGraph (12s)
✔ [9094/9124] Built OAI.Combinatorics.ContingencyTables.Sampling.PhysicalMassBound (9.8s)
✔ [9095/9124] Built OAI.Combinatorics.ContingencyTables.Sampling.PhysicalOriginalResiduals (4.8s)
✔ [9096/9124] Built Math115.PhysicalFullVariance (14s)
✔ [9097/9124] Built OAI.Combinatorics.ContingencyTables.Sampling.PhysicalExchangeMargins (3.6s)
✔ [9098/9124] Built OAI.Combinatorics.ContingencyTables.Transport.ReferenceCompletionBlock (5.1s)
✔ [9099/9124] Built OAI.Combinatorics.ContingencyTables.Sampling.PhysicalSmallEnergy (8.4s)
✔ [9100/9124] Built OAI.Combinatorics.ContingencyTables.Sampling.PhysicalRepairMargins (4.3s)
✔ [9101/9124] Built OAI.Combinatorics.ContingencyTables.Transport.CompletionFibreEquiv (4.0s)
✔ [9102/9124] Built OAI.Combinatorics.ContingencyTables.Transport.ReferenceCompletionBounds (5.3s)
✔ [9103/9124] Built OAI.Combinatorics.ContingencyTables.Sampling.PhysicalEdgeMargins (5.2s)
⚠ [9104/9124] Built Math115.CompletionAdjustment (5.8s)
warning: Math115/CompletionAdjustment.lean:568:39: Used `tac1 <;> tac2` where `(tac1; tac2)` would suffice

Note: This linter can be disabled with `set_option linter.unnecessarySeqFocus false`
warning: Math115/CompletionAdjustment.lean:574:39: Used `tac1 <;> tac2` where `(tac1; tac2)` would suffice

Note: This linter can be disabled with `set_option linter.unnecessarySeqFocus false`
✔ [9105/9124] Built OAI.Combinatorics.ContingencyTables.Transport.ReferenceEdgeAcceptance (3.8s)
✔ [9106/9124] Built Math115.ReferenceEdgeAcceptance (4.7s)
✔ [9107/9124] Built OAI.Combinatorics.ContingencyTables.Sampling.FirstPaperSmallChain (3.3s)
✔ [9108/9124] Built OAI.Combinatorics.ContingencyTables.Sampling.FirstPaperSmallMixing (3.6s)
✔ [9109/9124] Built Math115.SmallChainGap (4.5s)
✔ [9110/9124] Built OAI.Combinatorics.ContingencyTables.Sampling.FirstPaperSmallKernel (3.5s)
✔ [9111/9124] Built Math115.ReducedSmallChain (3.7s)
✔ [9112/9124] Built OAI.Combinatorics.ContingencyTables.Sampling.FirstPaperRationalMixing (3.6s)
✔ [9113/9124] Built Math115.ReducedAllSmallChain (3.8s)
✔ [9114/9124] Built OAI.Combinatorics.ContingencyTables.Sampling.FirstPaperJointLaw (4.4s)
⚠ [9115/9124] Built Math115.PhysicalStateNonempty (3.0s)
warning: Math115/PhysicalStateNonempty.lean:132:2: Try this: 
  letI̵

The goal is a proposition, so `let` is preferred over `letI`.
The difference between `let` and `letI` is that `letI` inlines the value.
But this is not relevant for proofs because of proof irrelevance.

Note: This linter can be disabled with `set_option linter.style.haveILetI false`
warning: Math115/PhysicalStateNonempty.lean:142:2: Try this: 
  letI̵

The goal is a proposition, so `let` is preferred over `letI`.
The difference between `let` and `letI` is that `letI` inlines the value.
But this is not relevant for proofs because of proof irrelevance.

Note: This linter can be disabled with `set_option linter.style.haveILetI false`
✔ [9116/9124] Built Math115.PhysicalRepairRefinement (6.6s)
✔ [9117/9124] Built OAI.Combinatorics.ContingencyTables.Sampling.AllSmallFibres (4.1s)
⚠ [9118/9124] Built Math115.IdealOracleScales (4.0s)
warning: Math115/IdealOracleScales.lean:111:0: automatically included section variable(s) unused in theorem `Math115.IdealOracleScales.dimension_at_least_eleven`:
  [LinearOrder I]
  [LinearOrder J]
consider restructuring your `variable` declarations so that the variables are not in scope or explicitly omit them:
  omit [LinearOrder I] [LinearOrder J] in theorem ...

Note: This linter can be disabled with `set_option linter.unusedSectionVars false`
warning: Math115/IdealOracleScales.lean:201:2: Try this: 
  letI̵

The goal is a proposition, so `let` is preferred over `letI`.
The difference between `let` and `letI` is that `letI` inlines the value.
But this is not relevant for proofs because of proof irrelevance.

Note: This linter can be disabled with `set_option linter.style.haveILetI false`
⚠ [9119/9124] Built Math115.ReducedRepairRefinement (4.5s)
warning: Math115/ReducedRepairRefinement.lean:78:2: Try this: 
  letI̵

The goal is a proposition, so `let` is preferred over `letI`.
The difference between `let` and `letI` is that `letI` inlines the value.
But this is not relevant for proofs because of proof irrelevance.

Note: This linter can be disabled with `set_option linter.style.haveILetI false`
✔ [9120/9124] Built OAI.Combinatorics.ContingencyTables.Sampling.AllSmallChain (4.6s)
⚠ [9121/9124] Built Math115.IdealRepairRefinement (3.9s)
warning: Math115/IdealRepairRefinement.lean:58:2: Try this: 
  letI̵

The goal is a proposition, so `let` is preferred over `letI`.
The difference between `let` and `letI` is that `letI` inlines the value.
But this is not relevant for proofs because of proof irrelevance.

Note: This linter can be disabled with `set_option linter.style.haveILetI false`
✔ [9122/9124] Built Math115.AllSmallChainGap (3.3s)
✔ [9123/9124] Built Math115 (2.9s)
Build completed successfully (9124 jobs).
'OAI.ContingencyTables.IntegerWeightedTransport.leafEnergySum_le_graphEnergy' depends on axioms: [propext,
 Classical.choice,
 Quot.sound]
'OAI.ContingencyTables.IntegerWeightedTransport.integer_root_graph_transport' depends on axioms: [propext,
 Classical.choice,
 Quot.sound]
'OAI.ContingencyTables.IntegerWeightedTransport.weightedFuture_upper_quadratic' depends on axioms: [propext,
 Classical.choice,
 Quot.sound]
'OAI.ContingencyTables.IntegerWeightedTransport.weightedFuture_upper_quarter' depends on axioms: [propext,
 Classical.choice,
 Quot.sound]
'OAI.ContingencyTables.IntegerWeightedTransport.correctionKernel_upper_quarter' depends on axioms: [propext,
 Classical.choice,
 Quot.sound]
'OAI.ContingencyTables.IntegerWeightedTransport.recursive_root_potential_quarter' depends on axioms: [propext,
 Classical.choice,
 Quot.sound]
'OAI.ContingencyTables.IntegerWeightedTransport.integer_root_leaf_transport_quarter' depends on axioms: [propext,
 Classical.choice,
 Quot.sound]
'OAI.ContingencyTables.IntegerWeightedTransport.integer_root_graph_transport_quarter' depends on axioms: [propext,
 Classical.choice,
 Quot.sound]
'OAI.ContingencyTables.IntegerWeightedTransport.recursive_root_potential_widths' depends on axioms: [propext,
 Classical.choice,
 Quot.sound]
'OAI.ContingencyTables.IntegerWeightedTransport.integer_root_leaf_transport_widths' depends on axioms: [propext,
 Classical.choice,
 Quot.sound]
'Math115.GlobalDisplayOwnership.edge_owner_unique_upstream' depends on axioms: [propext, Quot.sound]
'Math115.SmallEntrySwitching.all_donor_incidence_bound' depends on axioms: [propext, Classical.choice, Quot.sound]
'Math115.SmallEntrySwitching.donor_capacity_sum_lower' depends on axioms: [propext, Classical.choice, Quot.sound]
'Math115.SmallEntrySwitching.donor_capacity_sum_lower_of_margins' depends on axioms: [propext,
 Classical.choice,
 Quot.sound]
'Math115.SmallEntrySwitching.all_donor_small_entry_count_refined' depends on axioms: [propext,
 Classical.choice,
 Quot.sound]
'Math115.SmallEntrySwitching.all_donor_small_entry_count' depends on axioms: [propext, Classical.choice, Quot.sound]
'Math115.SmallEntrySwitching.all_donor_small_entry_probability_refined' depends on axioms: [propext,
 Classical.choice,
 Quot.sound]
'Math115.SmallEntrySwitching.all_donor_small_entry_probability' depends on axioms: [propext,
 Classical.choice,
 Quot.sound]
'Math115.SmallEntryTail.shiftEquiv' depends on axioms: [propext, Classical.choice, Quot.sound]
'Math115.SmallEntryTail.shiftPositiveEquiv' depends on axioms: [propext, Classical.choice, Quot.sound]
'Math115.SmallEntryTail.survival_step' depends on axioms: [propext, Classical.choice, Quot.sound]
'Math115.SmallEntryTail.survival_step_real' depends on axioms: [propext, Classical.choice, Quot.sound]
'Math115.SmallEntryTail.small_card_add_survival' depends on axioms: [propext, Classical.choice, Quot.sound]
'Math115.SmallEntryTail.all_donor_small_entry_count_strong' depends on axioms: [propext, Classical.choice, Quot.sound]
'Math115.SmallEntryTail.all_donor_small_entry_probability_strong' depends on axioms: [propext,
 Classical.choice,
 Quot.sound]
'Math115.SmallEntryTail.all_donor_survival_product_count' depends on axioms: [propext, Classical.choice, Quot.sound]
'Math115.SmallEntryTail.all_donor_small_entry_probability_product' depends on axioms: [propext,
 Classical.choice,
 Quot.sound]
'Math115.SmallEntryTail.survival_sum_le_entry_sum' depends on axioms: [propext, Classical.choice, Quot.sound]
'Math115.SmallEntryTail.all_donor_entry_sum_lower' depends on axioms: [propext, Classical.choice, Quot.sound]
'Math115.SmallEntryTail.all_donor_entry_mean_lower' depends on axioms: [propext, Classical.choice, Quot.sound]
'Math115.SurvivalAlgebra.nat_lower_tail_linear_bound' depends on axioms: [propext, Classical.choice, Quot.sound]
'Math115.SurvivalAlgebra.nat_survival_product_bound' depends on axioms: [propext, Classical.choice, Quot.sound]
'Math115.SurvivalAlgebra.nat_mean_tail_sum_bound' depends on axioms: [propext, Classical.choice, Quot.sound]
'Math115.DenseScaleConditions.width_bounds' depends on axioms: [propext, Classical.choice, Quot.sound]
'Math115.proposed_dense_scales' depends on axioms: [propext, Classical.choice, Quot.sound]
'Math115.proposed_padding_scales' depends on axioms: [propext, Classical.choice, Quot.sound]
'Math115.sharper_enlarged_margin_padding_scales' depends on axioms: [propext, Classical.choice, Quot.sound]
'Math115.shape_aware_linear_tail_budget' depends on axioms: [propext, Classical.choice, Quot.sound]
'Math115.shape_aware_linear_unpadding_error_le_half' depends on axioms: [propext, Classical.choice, Quot.sound]
'Math115.PaddedMarginBridge.marked_incident_margins' depends on axioms: [propext, Classical.choice, Quot.sound]
'Math115.PaddedMarginBridge.large_padding_good_card' depends on axioms: [propext, Classical.choice, Quot.sound]
'Math115.PaddedMarginBridge.enlarged_bad_count' depends on axioms: [propext, Classical.choice, Quot.sound]
'Math115.PaddedMarginBridge.sharper_padded_count_le_twice_original' depends on axioms: [propext,
 Classical.choice,
 Quot.sound]
'Math115.PaddedMarginBridge.enlarged_bad_count_strong' depends on axioms: [propext, Classical.choice, Quot.sound]
'Math115.PaddedMarginBridge.shape_aware_padded_count_le_twice_original' depends on axioms: [propext,
 Classical.choice,
 Quot.sound]
'Math115.PhysicalLeafEnergy.leafEnergySum_eq_physicalLeafEnergy' depends on axioms: [propext,
 Classical.choice,
 Quot.sound]
'Math115.PhysicalLeafEnergy.physicalLeafEnergy_tendsto' depends on axioms: [propext, Classical.choice, Quot.sound]
'Math115.PhysicalLeafEnergy.leafEnergySum_truncate_eq' depends on axioms: [propext, Classical.choice, Quot.sound]
'Math115.PhysicalLeafEnergy.physicalLeafEdges_subset' depends on axioms: [propext, Classical.choice, Quot.sound]
'Math115.PhysicalLeafEnergy.physicalLeafEdges_owner_unique' depends on axioms: [propext, Classical.choice, Quot.sound]
'Math115.PhysicalLeafEnergy.owner_unique' depends on axioms: [propext, Classical.choice, Quot.sound]
'Math115.PhysicalLeafEnergy.ownerEdges_pairwiseDisjoint' depends on axioms: [propext, Classical.choice, Quot.sound]
'Math115.PhysicalLeafEnergy.sum_ownerEnergy_le_physicalEnergy' depends on axioms: [propext,
 Classical.choice,
 Quot.sound]
'Math115.PhysicalLeafEnergy.sum_ownerEnergy_hardMarginal_le' depends on axioms: [propext, Classical.choice, Quot.sound]
'Math115.PhysicalLeafEnergy.leafEnergySum_tendsto' depends on axioms: [propext, Classical.choice, Quot.sound]
'Math115.PhysicalLeafEnergy.integer_root_leaf_transport_quarter_limit' depends on axioms: [propext,
 Classical.choice,
 Quot.sound]
'Math115.PhysicalLeafEnergy.integer_box_root_leaf_transport_quarter_limit' depends on axioms: [propext,
 Classical.choice,
 Quot.sound]
'Math115.PhysicalLeafEnergy.context_box_leaf_transport_quarter' depends on axioms: [propext,
 Classical.choice,
 Quot.sound]
'Math115.PhysicalLeafEnergy.repaired_root_transport_quarter' depends on axioms: [propext, Classical.choice, Quot.sound]
'Math115.PhysicalLeafEnergy.adjacent_physical_leaf_transport_quarter' depends on axioms: [propext,
 Classical.choice,
 Quot.sound]
'Math115.PhysicalLeafEnergy.ownerContrast_le_ownerEnergy' depends on axioms: [propext, Classical.choice, Quot.sound]
'Math115.PhysicalLeafEnergy.sum_ownerContrast_le_physicalEnergy' depends on axioms: [propext,
 Classical.choice,
 Quot.sound]
'Math115.PathDistanceSum.sum_values_eq_triangle' depends on axioms: [propext, Classical.choice, Quot.sound]
'Math115.PathDistanceSum.sum_dist_eq_two_triangles' depends on axioms: [propext, Classical.choice, Quot.sound]
'Math115.PathDistanceSum.sum_dist_eq_triangle_sub' depends on axioms: [propext, Classical.choice, Quot.sound]
'Math115.PathDistanceSum.sum_dist_le_triangle' depends on axioms: [propext, Classical.choice, Quot.sound]
'Math115.PathVariance.pathEnergy_nonneg' depends on axioms: [propext, Classical.choice, Quot.sound]
'Math115.PathVariance.weighted_pair_path_bound' depends on axioms: [propext, Classical.choice, Quot.sound]
'Math115.PathVariance.centered_at_mode_term' depends on axioms: [propext, Classical.choice, Quot.sound]
'Math115.PathVariance.weighted_path_variance_mode' depends on axioms: [propext, Classical.choice, Quot.sound]
'Math115.PathVariance.weighted_path_variance_mode_sharp' depends on axioms: [propext, Classical.choice, Quot.sound]
'Math115.PathVariance.weighted_path_variance_bound' depends on axioms: [propext, Classical.choice, Quot.sound]
'Math115.PathVariance.weighted_path_variance_of_adjacent' depends on axioms: [propext, Classical.choice, Quot.sound]
'Math115.PathVariance.child_variance_path_bound' depends on axioms: [propext, Classical.choice, Quot.sound]
'Math115.PathVariance.child_variance_limit_path_bound' depends on axioms: [propext, Classical.choice, Quot.sound]
'Math115.PhysicalExposureVariance.variance_eq_sum_prefixContribution' depends on axioms: [propext,
 Classical.choice,
 Quot.sound]
'Math115.PhysicalExposureVariance.canonical_context_variance_le_contrasts' depends on axioms: [propext,
 Classical.choice,
 Quot.sound]
'Math115.PhysicalExposureVariance.canonical_eliminate_eq_word_fibre' depends on axioms: [propext,
 Classical.choice,
 Quot.sound]
'Math115.PhysicalExposureVariance.word_context_variance_le_ownerContrasts' depends on axioms: [propext,
 Classical.choice,
 Quot.sound]
'Math115.PhysicalExposureVariance.prefixContribution_le_ownerContrasts' depends on axioms: [propext,
 Classical.choice,
 Quot.sound]
'Math115.PhysicalExposureVariance.variance_le_sum_ownerContrasts' depends on axioms: [propext,
 Classical.choice,
 Quot.sound]
'Math115.PhysicalExposureVariance.physical_transversal_variance_localized' depends on axioms: [propext,
 Classical.choice,
 Quot.sound]
'Math115.PhysicalFullVariance.physical_full_variance_localized' depends on axioms: [propext,
 Classical.choice,
 Quot.sound]
'Math115.PhysicalFullVariance.physical_variance_localized' depends on axioms: [propext, Classical.choice, Quot.sound]
'Math115.PaddingGrowthAlgebra.envelope_eq' depends on axioms: [propext, Classical.choice, Quot.sound]
'Math115.PaddingGrowthAlgebra.envelope_step' depends on axioms: [propext, Classical.choice, Quot.sound]
'Math115.PaddingGrowthAlgebra.one_add_pow_le_envelope' depends on axioms: [propext, Classical.choice, Quot.sound]
'Math115.PaddingGrowthAlgebra.envelope_32_div_47' depends on axioms: [propext, Classical.choice, Quot.sound]
'Math115.PaddingGrowthAlgebra.envelope_le_10147_div_5123' depends on axioms: [propext, Classical.choice, Quot.sound]
'Math115.PaddingGrowthAlgebra.one_add_pow_le_10147_div_5123' depends on axioms: [propext, Classical.choice, Quot.sound]
'Math115.PaddingGrowthAlgebra.one_add_pow_lt_two' depends on axioms: [propext, Classical.choice, Quot.sound]
'Math115.PaddingGrowthAlgebra.count_le_twice_of_growth' depends on axioms: [propext, Classical.choice, Quot.sound]
'Math115.PaddingGrowth.one_unit_count_growth' depends on axioms: [propext, Classical.choice, Quot.sound]
'Math115.PaddingGrowth.one_cell_count_growth' depends on axioms: [propext, Classical.choice, Quot.sound]
'Math115.PaddingGrowth.largePadding_insert' depends on axioms: [propext, Classical.choice, Quot.sound]
'Math115.PaddingGrowth.paddedRows_insert' depends on axioms: [propext, Classical.choice, Quot.sound]
'Math115.PaddingGrowth.paddedColumns_insert' depends on axioms: [propext, Classical.choice, Quot.sound]
'Math115.PaddingGrowth.large_padding_count_growth' depends on axioms: [propext, Classical.choice, Quot.sound]
'Math115.PaddingGrowth.large_padding_count_eq_of_zero_donors' depends on axioms: [propext, Classical.choice, Quot.sound]
'Math115.PaddingGrowth.sequential_scale_budget' depends on axioms: [propext]
'Math115.PaddingGrowth.sequential_padded_count_le_twice_original' depends on axioms: [propext,
 Classical.choice,
 Quot.sound]
'Math115.PaddingGrowth.sequential_shape_scale_budget' depends on axioms: [propext, Quot.sound]
'Math115.PaddingGrowth.sequential_shape_padded_count_le_twice_original' depends on axioms: [propext,
 Classical.choice,
 Quot.sound]
'Math115.CompletionAdjustment.elementary_star_bounds' depends on axioms: [propext, Classical.choice, Quot.sound]
'Math115.CompletionAdjustment.elementary_star_reverse_bounds' depends on axioms: [propext, Classical.choice, Quot.sound]
'Math115.CompletionAdjustment.exchange_selected_sum_abs_le_one' depends on axioms: [propext,
 Classical.choice,
 Quot.sound]
'Math115.CompletionAdjustment.exchange_residual_margins_one' depends on axioms: [propext, Classical.choice, Quot.sound]
'Math115.CompletionAdjustment.exchange_reference_adjustment_bounds' depends on axioms: [propext,
 Classical.choice,
 Quot.sound]
'Math115.CompletionAdjustment.repair_residual_formula' depends on axioms: [propext, Classical.choice, Quot.sound]
'Math115.CompletionAdjustment.repair_reference_adjustment_bounds' depends on axioms: [propext,
 Classical.choice,
 Quot.sound]
'Math115.CompletionAdjustment.row_major_repair_conditional' depends on axioms: [propext, Quot.sound]
'Math115.CompletionAdjustment.repaired_profile_prefix' depends on axioms: [propext, Classical.choice, Quot.sound]
'Math115.CompletionAdjustment.translation_rejection_iff' depends on axioms: [propext, Classical.choice, Quot.sound]
'Math115.CompletionAdjustment.singleton_translation_nonnegative' depends on axioms: [propext,
 Classical.choice,
 Quot.sound]
'Math115.CompletionAdjustment.empty_rectangle_card_one' depends on axioms: [propext, Classical.choice, Quot.sound]
'Math115.CompletionAdjustment.physical_empty_completion_weight' depends on axioms: [propext,
 Classical.choice,
 Quot.sound]
'Math115.CompletionAdjustment.repair_reference_elementary' depends on axioms: [propext, Classical.choice, Quot.sound]
'Math115.CompletionAdjustment.repair_reverse_reference_adjustment_bounds' depends on axioms: [propext,
 Classical.choice,
 Quot.sound]
'Math115.ReferenceEdgeAcceptance.zero_entry_count' depends on axioms: [propext, Classical.choice, Quot.sound]
'Math115.ReferenceEdgeAcceptance.rejected_card_eq_zero_union' depends on axioms: [propext, Classical.choice, Quot.sound]
'Math115.ReferenceEdgeAcceptance.rejected_count' depends on axioms: [propext, Classical.choice, Quot.sound]
'Math115.ReferenceEdgeAcceptance.rejected_count_le_two' depends on axioms: [propext, Classical.choice, Quot.sound]
'Math115.ReferenceEdgeAcceptance.rejected_add_accepted' depends on axioms: [propext, Classical.choice, Quot.sound]
'Math115.ReferenceEdgeAcceptance.rejection_probability_le' depends on axioms: [propext, Classical.choice, Quot.sound]
'Math115.ReferenceEdgeAcceptance.accepted_half_count' depends on axioms: [propext, Classical.choice, Quot.sound]
'Math115.ReferenceEdgeAcceptance.betweenAcceptedEquiv' depends on axioms: [propext, Classical.choice, Quot.sound]
'Math115.ReferenceEdgeAcceptance.singleton_between_accepted_card' depends on axioms: [propext,
 Classical.choice,
 Quot.sound]
'Math115.ReferenceEdgeAcceptance.between_accepted_half_count' depends on axioms: [propext, Classical.choice, Quot.sound]
'Math115.ReferenceEdgeAcceptance.designated_repair_adjustment_bounds' depends on axioms: [propext,
 Classical.choice,
 Quot.sound]
'Math115.ReferenceEdgeAcceptance.physical_reference_adjustment_bounds' depends on axioms: [propext,
 Classical.choice,
 Quot.sound]
'Math115.ReferenceEdgeAcceptance.reference_edge_acceptance_reduced' depends on axioms: [propext,
 Classical.choice,
 Quot.sound]
'Math115.SmallChainGap.fullConstant_le_polynomial' depends on axioms: [propext, Classical.choice, Quot.sound]
'Math115.SmallChainGap.smallProposal_localized_budget' depends on axioms: [propext, Classical.choice, Quot.sound]
'Math115.SmallChainGap.chain_poincare_localized' depends on axioms: [propext, Classical.choice, Quot.sound]
'Math115.SmallChainGap.paper_state_variance_localized' depends on axioms: [propext, Classical.choice, Quot.sound]
'Math115.SmallChainGap.paperSmallChain_poincare_exact' depends on axioms: [propext, Classical.choice, Quot.sound]
'Math115.SmallChainGap.paperSmallChain_poincare_d85' depends on axioms: [propext, Classical.choice, Quot.sound]
'Math115.SmallChainGap.unitSmallChain_poincare_exact' depends on axioms: [propext, Classical.choice, Quot.sound]
'Math115.SmallChainGap.unitSmallChain_poincare_d85' depends on axioms: [propext, Classical.choice, Quot.sound]
'Math115.ReducedSmallChain.chain' depends on axioms: [propext, Classical.choice, Quot.sound]
'Math115.ReducedSmallChain.chain_pi' depends on axioms: [propext, Classical.choice, Quot.sound]
'Math115.ReducedSmallChain.state_variance_localized' depends on axioms: [propext, Classical.choice, Quot.sound]
'Math115.ReducedSmallChain.nonreference_product_le_allowance' depends on axioms: [propext, Classical.choice, Quot.sound]
'Math115.ReducedSmallChain.chain_energy_lower' depends on axioms: [propext, Classical.choice, Quot.sound]
'Math115.ReducedSmallChain.chain_poincare_exact' depends on axioms: [propext, Classical.choice, Quot.sound]
'Math115.ReducedSmallChain.chain_poincare_polynomial' depends on axioms: [propext, Classical.choice, Quot.sound]
'Math115.ReducedSmallChain.reducedChain' depends on axioms: [propext, Classical.choice, Quot.sound]
'Math115.ReducedSmallChain.reducedChain_poincare_d25' depends on axioms: [propext, Classical.choice, Quot.sound]
'Math115.ReducedAllSmallChain.unitChain' depends on axioms: [propext, Classical.choice, Quot.sound]
'Math115.ReducedAllSmallChain.weight_eq_one' depends on axioms: [propext, Classical.choice, Quot.sound]
'Math115.ReducedAllSmallChain.unitChain_pi' depends on axioms: [propext, Classical.choice, Quot.sound]
'Math115.ReducedAllSmallChain.unitChain_pi_weight' depends on axioms: [propext, Classical.choice, Quot.sound]
'Math115.ReducedAllSmallChain.graphEnergy_empty' depends on axioms: [propext, Classical.choice, Quot.sound]
'Math115.ReducedAllSmallChain.unitChain_energy' depends on axioms: [propext, Classical.choice, Quot.sound]
'Math115.ReducedAllSmallChain.unitChain_poincare_exact' depends on axioms: [propext, Classical.choice, Quot.sound]
'Math115.ReducedAllSmallChain.unitChain_poincare_polynomial' depends on axioms: [propext, Classical.choice, Quot.sound]
'Math115.ReducedAllSmallChain.missing_reference_empty' depends on axioms: [propext, Classical.choice, Quot.sound]
'Math115.ReducedAllSmallChain.selectedChain' depends on axioms: [propext, Classical.choice, Quot.sound]
'Math115.ReducedAllSmallChain.selectedChain_pi' depends on axioms: [propext, Classical.choice, Quot.sound]
'Math115.ReducedAllSmallChain.selectedChain_poincare_exact' depends on axioms: [propext, Classical.choice, Quot.sound]
'Math115.ReducedAllSmallChain.selectedChain_poincare_polynomial' depends on axioms: [propext,
 Classical.choice,
 Quot.sound]
'Math115.ReducedAllSmallChain.reducedUnitChain' depends on axioms: [propext, Classical.choice, Quot.sound]
'Math115.ReducedAllSmallChain.reducedUnitChain_poincare_d25' depends on axioms: [propext, Classical.choice, Quot.sound]
'Math115.ReducedAllSmallChain.reducedSelectedChain' depends on axioms: [propext, Classical.choice, Quot.sound]
'Math115.ReducedAllSmallChain.reducedSelectedChain_poincare_d25' depends on axioms: [propext,
 Classical.choice,
 Quot.sound]
'Math115.RepairVarianceRefinement.square_repair_young' depends on axioms: [propext, Classical.choice, Quot.sound]
'Math115.RepairVarianceRefinement.repair_sqrt_coefficient_nonnegative' depends on axioms: [propext,
 Classical.choice,
 Quot.sound]
'Math115.RepairVarianceRefinement.repair_sqrt_coefficient_le_source' depends on axioms: [propext,
 Classical.choice,
 Quot.sound]
'Math115.RepairVarianceRefinement.repair_sqrt_coefficient_le_triangle' depends on axioms: [propext,
 Classical.choice,
 Quot.sound]
'Math115.RepairVarianceRefinement.variance_sum_repair_young' depends on axioms: [propext, Classical.choice, Quot.sound]
'Math115.RepairVarianceRefinement.variance_sum_repair_sqrt' depends on axioms: [propext, Classical.choice, Quot.sound]
'Math115.RepairVarianceRefinement.variance_repaired_energy_sqrt' depends on axioms: [propext,
 Classical.choice,
 Quot.sound]
'Math115.PhysicalStateNonempty.paddedTable' depends on axioms: [propext, Classical.choice, Quot.sound]
'Math115.PhysicalStateNonempty.small_entry_le' depends on axioms: [propext, Classical.choice, Quot.sound]
'Math115.PhysicalStateNonempty.states_nonempty_of_table' depends on axioms: [propext, Classical.choice, Quot.sound]
'Math115.PhysicalStateNonempty.states_nonempty' depends on axioms: [propext, Classical.choice, Quot.sound]
'Math115.PhysicalStateNonempty.feasibleReducedChain' depends on axioms: [propext, Classical.choice, Quot.sound]
'Math115.PhysicalStateNonempty.feasibleReducedChain_pi' depends on axioms: [propext, Classical.choice, Quot.sound]
'Math115.PhysicalStateNonempty.feasibleReducedChain_poincare_d25' depends on axioms: [propext,
 Classical.choice,
 Quot.sound]
'Math115.IdealOracleScales.idealL' does not depend on any axioms
'Math115.IdealOracleScales.idealU' depends on axioms: [propext]
'Math115.IdealOracleScales.threshold_at_least_two' depends on axioms: [propext, Quot.sound]
'Math115.IdealOracleScales.padding_at_least_three_dimension' does not depend on any axioms
'Math115.IdealOracleScales.threshold_at_least_twice_padding' depends on axioms: [propext, Classical.choice, Quot.sound]
'Math115.IdealOracleScales.sequential_scale_budget' depends on axioms: [propext, Quot.sound]
'Math115.IdealOracleScales.padded_count_le_twice_original' depends on axioms: [propext, Classical.choice, Quot.sound]
'Math115.IdealOracleScales.padded_count_le_twice_successful' depends on axioms: [propext, Classical.choice, Quot.sound]
'Math115.IdealOracleScales.dense_padding_lower_bound' depends on axioms: [propext]
'Math115.IdealOracleScales.incompatible_dense_scales' depends on axioms: [propext, Quot.sound]
'Math115.IdealOracleScales.dimension_at_least_eleven' depends on axioms: [propext, Classical.choice, Quot.sound]
'Math115.IdealOracleScales.cutoff' depends on axioms: [propext, Classical.choice, Quot.sound]
'Math115.IdealOracleScales.padding' depends on axioms: [propext, Classical.choice, Quot.sound]
'Math115.IdealOracleScales.IdealStates' depends on axioms: [propext, Classical.choice, Quot.sound]
'Math115.IdealOracleScales.idealLarge' depends on axioms: [propext, Classical.choice, Quot.sound]
'Math115.IdealOracleScales.ideal_large_padded_count_le_twice_original' depends on axioms: [propext,
 Classical.choice,
 Quot.sound]
'Math115.IdealOracleScales.referenceChain' depends on axioms: [propext, Classical.choice, Quot.sound]
'Math115.IdealOracleScales.referenceChain_poincare_d17' depends on axioms: [propext, Classical.choice, Quot.sound]
'Math115.IdealOracleScales.selectedChain' depends on axioms: [propext, Classical.choice, Quot.sound]
'Math115.IdealOracleScales.selectedChain_poincare_d17' depends on axioms: [propext, Classical.choice, Quot.sound]
'Math115.IdealOracleScales.feasibleChain' depends on axioms: [propext, Classical.choice, Quot.sound]
'Math115.IdealOracleScales.feasibleChain_poincare_d17' depends on axioms: [propext, Classical.choice, Quot.sound]
'Math115.PhysicalRepairRefinement.refinedConstant' depends on axioms: [propext, Classical.choice, Quot.sound]
'Math115.PhysicalRepairRefinement.refinedConstant_nonnegative' depends on axioms: [propext,
 Classical.choice,
 Quot.sound]
'Math115.PhysicalRepairRefinement.refinedConstant_le_fullConstant' depends on axioms: [propext,
 Classical.choice,
 Quot.sound]
'Math115.PhysicalRepairRefinement.sqrt_coefficient_le_young' depends on axioms: [propext, Classical.choice, Quot.sound]
'Math115.PhysicalRepairRefinement.refinedConstant_le_polynomial' depends on axioms: [propext,
 Classical.choice,
 Quot.sound]
'Math115.PhysicalRepairRefinement.refinedProposal_budget' depends on axioms: [propext, Classical.choice, Quot.sound]
'Math115.PhysicalRepairRefinement.refinedReferenceProposal_budget' depends on axioms: [propext,
 Classical.choice,
 Quot.sound]
'Math115.PhysicalRepairRefinement.physical_full_variance_refined' depends on axioms: [propext,
 Classical.choice,
 Quot.sound]
'Math115.PhysicalRepairRefinement.physical_variance_refined' depends on axioms: [propext, Classical.choice, Quot.sound]
'Math115.PhysicalRepairRefinement.state_variance_refined' depends on axioms: [propext, Classical.choice, Quot.sound]
'Math115.PhysicalRepairRefinement.chain_poincare_exact_refined' depends on axioms: [propext,
 Classical.choice,
 Quot.sound]
'Math115.PhysicalRepairRefinement.unitChain_poincare_exact_refined' depends on axioms: [propext,
 Classical.choice,
 Quot.sound]
'Math115.PhysicalRepairRefinement.selectedChain_poincare_exact_refined' depends on axioms: [propext,
 Classical.choice,
 Quot.sound]
'Math115.PhysicalRepairRefinement.dimension_at_least_eleven' depends on axioms: [propext, Classical.choice, Quot.sound]
'Math115.PhysicalRepairRefinement.chain_poincare_polynomial_refined' depends on axioms: [propext,
 Classical.choice,
 Quot.sound]
'Math115.PhysicalRepairRefinement.unitChain_poincare_polynomial_refined' depends on axioms: [propext,
 Classical.choice,
 Quot.sound]
'Math115.PhysicalRepairRefinement.selectedChain_poincare_polynomial_refined' depends on axioms: [propext,
 Classical.choice,
 Quot.sound]
'Math115.IdealRepairRefinement.referenceChain_poincare_d17_refined' depends on axioms: [propext,
 Classical.choice,
 Quot.sound]
'Math115.IdealRepairRefinement.selectedChain_poincare_d17_refined' depends on axioms: [propext,
 Classical.choice,
 Quot.sound]
'Math115.IdealRepairRefinement.feasibleChain_poincare_d17_refined' depends on axioms: [propext,
 Classical.choice,
 Quot.sound]
'Math115.IdealRepairRefinement.unitChain_poincare_d17_refined' depends on axioms: [propext,
 Classical.choice,
 Quot.sound]
'Math115.ReducedRepairRefinement.reducedChain_poincare_d25_refined' depends on axioms: [propext,
 Classical.choice,
 Quot.sound]
'Math115.ReducedRepairRefinement.reducedUnitChain_poincare_d25_refined' depends on axioms: [propext,
 Classical.choice,
 Quot.sound]
'Math115.ReducedRepairRefinement.reducedSelectedChain_poincare_d25_refined' depends on axioms: [propext,
 Classical.choice,
 Quot.sound]
'Math115.ReducedRepairRefinement.feasibleReducedChain_poincare_d25_refined' depends on axioms: [propext,
 Classical.choice,
 Quot.sound]
Axiom allowlist passed for 226 declarations.
Verification completed: 2026-10-09T05:58:04Z
