2026-10-10T06:24:23.2762240Z Current runner version: '2.337.0'
2026-10-10T06:24:23.2788594Z ##[group]Runner Image Provisioner
2026-10-10T06:24:23.2789388Z Hosted Compute Agent
2026-10-10T06:24:23.2790018Z Version: 20261002.596
2026-10-10T06:24:23.2790575Z Commit: c3d12f3313a95f25162a1503be624f3b0617f8c0
2026-10-10T06:24:23.2791522Z Build Date: 2026-10-02T22:28:27Z
2026-10-10T06:24:23.2792149Z Worker ID: {afca2b6f-6f3b-4d1d-bd15-d3081306a38e}
2026-10-10T06:24:23.2792791Z Region: westus3
2026-10-10T06:24:23.2793330Z Cloud: Azure
2026-10-10T06:24:23.2793800Z ##[endgroup]
2026-10-10T06:24:23.2795339Z ##[group]Operating System
2026-10-10T06:24:23.2796005Z Ubuntu
2026-10-10T06:24:23.2796469Z 24.04.5
2026-10-10T06:24:23.2796984Z LTS
2026-10-10T06:24:23.2797441Z ##[endgroup]
2026-10-10T06:24:23.2797944Z ##[group]Runner Image
2026-10-10T06:24:23.2798996Z Image: ubuntu-24.04
2026-10-10T06:24:23.2799504Z Version: 20261004.327.1
2026-10-10T06:24:23.2800900Z Included Software: https://github.com/actions/runner-images/blob/ubuntu24/20261004.327/images/ubuntu/Ubuntu2404-Readme.md
2026-10-10T06:24:23.2802347Z Image Release: https://github.com/actions/runner-images/releases/tag/ubuntu24%2F20261004.327
2026-10-10T06:24:23.2803294Z ##[endgroup]
2026-10-10T06:24:23.2804276Z ##[group]GITHUB_TOKEN Permissions
2026-10-10T06:24:23.2806519Z Contents: read
2026-10-10T06:24:23.2807081Z Metadata: read
2026-10-10T06:24:23.2807648Z ##[endgroup]
2026-10-10T06:24:23.2810205Z Secret source: Actions
2026-10-10T06:24:23.2811264Z Cache mode: write
2026-10-10T06:24:23.2812195Z Prepare workflow directory
2026-10-10T06:24:23.3542888Z Prepare all required actions
2026-10-10T06:24:23.3575407Z Getting action download info
2026-10-10T06:24:23.6484660Z Download action repository 'actions/checkout@v4' (SHA:11d5960a326750d5838078e36cf38b85af677262)
2026-10-10T06:24:24.1314356Z Download action repository 'actions/setup-python@v5' (SHA:a26af69be951a213d495a4c3e4e4022e16d87065)
2026-10-10T06:24:24.8661073Z Complete job name: exact-tests (3.13)
2026-10-10T06:24:24.9308598Z ##[group]Run actions/checkout@v4
2026-10-10T06:24:24.9309375Z with:
2026-10-10T06:24:24.9309913Z   repository: EcoDataLab/contingency-tables
2026-10-10T06:24:24.9315635Z   token: ***
2026-10-10T06:24:24.9316123Z   ssh-strict: true
2026-10-10T06:24:24.9316631Z   ssh-user: git
2026-10-10T06:24:24.9317143Z   persist-credentials: true
2026-10-10T06:24:24.9317708Z   clean: true
2026-10-10T06:24:24.9318236Z   sparse-checkout-cone-mode: true
2026-10-10T06:24:24.9318842Z   fetch-depth: 1
2026-10-10T06:24:24.9319343Z   fetch-tags: false
2026-10-10T06:24:24.9319862Z   show-progress: true
2026-10-10T06:24:24.9320392Z   lfs: false
2026-10-10T06:24:24.9321095Z   submodules: false
2026-10-10T06:24:24.9321624Z   set-safe-directory: true
2026-10-10T06:24:24.9322232Z   allow-unsafe-pr-checkout: false
2026-10-10T06:24:24.9322955Z ##[endgroup]
2026-10-10T06:24:25.0053937Z Syncing repository: EcoDataLab/contingency-tables
2026-10-10T06:24:25.0056411Z ##[group]Getting Git version info
2026-10-10T06:24:25.0057929Z Working directory is '/home/runner/work/contingency-tables/contingency-tables'
2026-10-10T06:24:25.0060041Z [command]/usr/bin/git version
2026-10-10T06:24:25.0122517Z git version 2.55.0
2026-10-10T06:24:25.0141564Z ##[endgroup]
2026-10-10T06:24:25.0153820Z Temporarily overriding HOME='/home/runner/work/_temp/4d8f90a6-ed3f-4407-9efb-dccec8ef4016' before making global git config changes
2026-10-10T06:24:25.0156390Z Adding repository directory to the temporary git global config as a safe directory
2026-10-10T06:24:25.0158646Z [command]/usr/bin/git config --global --add safe.directory /home/runner/work/contingency-tables/contingency-tables
2026-10-10T06:24:25.0229508Z Deleting the contents of '/home/runner/work/contingency-tables/contingency-tables'
2026-10-10T06:24:25.0232205Z ##[group]Initializing the repository
2026-10-10T06:24:25.0233935Z [command]/usr/bin/git init /home/runner/work/contingency-tables/contingency-tables
2026-10-10T06:24:25.0436995Z hint: Using 'master' as the name for the initial branch. This default branch name
2026-10-10T06:24:25.0439638Z hint: will change to "main" in Git 3.0. To configure the initial branch name
2026-10-10T06:24:25.0441942Z hint: to use in all of your new repositories, which will suppress this warning,
2026-10-10T06:24:25.0443289Z hint: call:
2026-10-10T06:24:25.0443960Z hint:
2026-10-10T06:24:25.0444853Z hint: 	git config --global init.defaultBranch <name>
2026-10-10T06:24:25.0445914Z hint:
2026-10-10T06:24:25.0446951Z hint: Names commonly chosen instead of 'master' are 'main', 'trunk' and
2026-10-10T06:24:25.0448615Z hint: 'development'. The just-created branch can be renamed via this command:
2026-10-10T06:24:25.0449938Z hint:
2026-10-10T06:24:25.0450772Z hint: 	git branch -m <name>
2026-10-10T06:24:25.0451561Z hint:
2026-10-10T06:24:25.0452644Z hint: Disable this message with "git config set advice.defaultBranchName false"
2026-10-10T06:24:25.0454708Z Initialized empty Git repository in /home/runner/work/contingency-tables/contingency-tables/.git/
2026-10-10T06:24:25.0457793Z [command]/usr/bin/git remote add origin https://github.com/EcoDataLab/contingency-tables
2026-10-10T06:24:25.0623825Z ##[endgroup]
2026-10-10T06:24:25.0625046Z ##[group]Disabling automatic garbage collection
2026-10-10T06:24:25.0626197Z [command]/usr/bin/git config --local gc.auto 0
2026-10-10T06:24:25.0718903Z ##[endgroup]
2026-10-10T06:24:25.0720120Z ##[group]Setting up auth
2026-10-10T06:24:25.0724600Z [command]/usr/bin/git config --local --name-only --get-regexp core\.sshCommand
2026-10-10T06:24:25.0756387Z [command]/usr/bin/git submodule foreach --recursive sh -c "git config --local --name-only --get-regexp 'core\.sshCommand' && git config --local --unset-all 'core.sshCommand' || :"
2026-10-10T06:24:25.1081886Z [command]/usr/bin/git config --local --name-only --get-regexp http\.https\:\/\/github\.com\/\.extraheader
2026-10-10T06:24:25.1112150Z [command]/usr/bin/git submodule foreach --recursive sh -c "git config --local --name-only --get-regexp 'http\.https\:\/\/github\.com\/\.extraheader' && git config --local --unset-all 'http.https://github.com/.extraheader' || :"
2026-10-10T06:24:25.1294690Z [command]/usr/bin/git config --local --name-only --get-regexp ^includeIf\.gitdir:
2026-10-10T06:24:25.1324709Z [command]/usr/bin/git submodule foreach --recursive git config --local --show-origin --name-only --get-regexp remote.origin.url
2026-10-10T06:24:25.1509302Z [command]/usr/bin/git config --local http.https://github.com/.extraheader AUTHORIZATION: basic ***
2026-10-10T06:24:25.1810781Z ##[endgroup]
2026-10-10T06:24:25.1812368Z ##[group]Fetching the repository
2026-10-10T06:24:25.1819172Z [command]/usr/bin/git -c protocol.version=2 fetch --no-tags --prune --no-recurse-submodules --depth=1 origin +df469a50e32c652093bac17a031b5c2ae6bd8af7:refs/remotes/origin/main
2026-10-10T06:24:27.1349352Z From https://github.com/EcoDataLab/contingency-tables
2026-10-10T06:24:27.1349815Z  * [new ref]         df469a50e32c652093bac17a031b5c2ae6bd8af7 -> origin/main
2026-10-10T06:24:27.1355002Z ##[endgroup]
2026-10-10T06:24:27.1355583Z ##[group]Determining the checkout info
2026-10-10T06:24:27.1356064Z ##[endgroup]
2026-10-10T06:24:27.1359772Z [command]/usr/bin/git sparse-checkout disable
2026-10-10T06:24:27.1404490Z [command]/usr/bin/git config --local --unset-all extensions.worktreeConfig
2026-10-10T06:24:27.1431024Z ##[group]Checking out the ref
2026-10-10T06:24:27.1433704Z [command]/usr/bin/git checkout --progress --force -B main refs/remotes/origin/main
2026-10-10T06:24:27.2168171Z Switched to a new branch 'main'
2026-10-10T06:24:27.2170914Z branch 'main' set up to track 'origin/main'.
2026-10-10T06:24:27.2183476Z ##[endgroup]
2026-10-10T06:24:27.2223428Z [command]/usr/bin/git log -1 --format=%H
2026-10-10T06:24:27.2247485Z df469a50e32c652093bac17a031b5c2ae6bd8af7
2026-10-10T06:24:27.2449581Z ##[group]Run actions/setup-python@v5
2026-10-10T06:24:27.2449813Z with:
2026-10-10T06:24:27.2449969Z   python-version: 3.13
2026-10-10T06:24:27.2450132Z   check-latest: false
2026-10-10T06:24:27.2451800Z   token: ***
2026-10-10T06:24:27.2451964Z   update-environment: true
2026-10-10T06:24:27.2452337Z   allow-prereleases: false
2026-10-10T06:24:27.2452505Z   freethreaded: false
2026-10-10T06:24:27.2452662Z ##[endgroup]
2026-10-10T06:24:27.3338210Z ##[group]Installed versions
2026-10-10T06:24:27.3468772Z (node:2079) [DEP0040] DeprecationWarning: The `punycode` module is deprecated. Please use a userland alternative instead.
2026-10-10T06:24:27.3469572Z (Use `node --trace-deprecation ...` to show where the warning was created)
2026-10-10T06:24:27.3470018Z Successfully set up CPython (3.13.16)
2026-10-10T06:24:27.3470531Z ##[endgroup]
2026-10-10T06:24:27.3618296Z ##[group]Run python -m pip install -e '.[research]'
2026-10-10T06:24:27.3618643Z [36;1mpython -m pip install -e '.[research]'[0m
2026-10-10T06:24:27.4093099Z shell: /usr/bin/bash -e {0}
2026-10-10T06:24:27.4093367Z env:
2026-10-10T06:24:27.4093594Z   pythonLocation: /opt/hostedtoolcache/Python/3.13.16/x64
2026-10-10T06:24:27.4093924Z   PKG_CONFIG_PATH: /opt/hostedtoolcache/Python/3.13.16/x64/lib/pkgconfig
2026-10-10T06:24:27.4094227Z   Python_ROOT_DIR: /opt/hostedtoolcache/Python/3.13.16/x64
2026-10-10T06:24:27.4094486Z   Python2_ROOT_DIR: /opt/hostedtoolcache/Python/3.13.16/x64
2026-10-10T06:24:27.4094747Z   Python3_ROOT_DIR: /opt/hostedtoolcache/Python/3.13.16/x64
2026-10-10T06:24:27.4095012Z   LD_LIBRARY_PATH: /opt/hostedtoolcache/Python/3.13.16/x64/lib
2026-10-10T06:24:27.4095234Z ##[endgroup]
2026-10-10T06:24:32.2530569Z Obtaining file:///home/runner/work/contingency-tables/contingency-tables
2026-10-10T06:24:32.2546606Z   Installing build dependencies: started
2026-10-10T06:24:33.4204842Z   Installing build dependencies: finished with status 'done'
2026-10-10T06:24:33.4209123Z   Checking if build backend supports build_editable: started
2026-10-10T06:24:33.8019860Z   Checking if build backend supports build_editable: finished with status 'done'
2026-10-10T06:24:33.8026343Z   Getting requirements to build editable: started
2026-10-10T06:24:34.0393658Z   Getting requirements to build editable: finished with status 'done'
2026-10-10T06:24:34.0401144Z   Preparing editable metadata (pyproject.toml): started
2026-10-10T06:24:34.1686515Z   Preparing editable metadata (pyproject.toml): finished with status 'done'
2026-10-10T06:24:34.3721404Z Collecting numpy>=1.24 (from contingency115==0.1.0)
2026-10-10T06:24:34.4264648Z   Downloading numpy-2.5.3-cp313-cp313-manylinux_2_27_x86_64.manylinux_2_28_x86_64.whl.metadata (6.6 kB)
2026-10-10T06:24:34.4400248Z Downloading numpy-2.5.3-cp313-cp313-manylinux_2_27_x86_64.manylinux_2_28_x86_64.whl (16.7 MB)
2026-10-10T06:24:34.6679484Z    ━━━━━━━━━━━━━━━━━━━━━━━━━━━━━━━━━━━━━━━━ 16.7/16.7 MB 84.1 MB/s  0:00:00
2026-10-10T06:24:34.6845596Z Building wheels for collected packages: contingency115
2026-10-10T06:24:34.6852070Z   Building editable for contingency115 (pyproject.toml): started
2026-10-10T06:24:34.8276226Z   Building editable for contingency115 (pyproject.toml): finished with status 'done'
2026-10-10T06:24:34.8280505Z   Created wheel for contingency115: filename=contingency115-0.1.0-0.editable-py3-none-any.whl size=14079 sha256=366041213198732f2881ae3878f7761ba8a3d0fa4a4b4ebcf271c6b3b2abedf3
2026-10-10T06:24:34.8281810Z   Stored in directory: /tmp/pip-ephem-wheel-cache-vluscok5/wheels/c3/0a/ad/b389841d24d4feb411f146e1fe2f9720adc790da4627c57a2e
2026-10-10T06:24:34.8298205Z Successfully built contingency115
2026-10-10T06:24:34.8429590Z Installing collected packages: numpy, contingency115
2026-10-10T06:24:36.2016024Z 
2026-10-10T06:24:36.2028681Z Successfully installed contingency115-0.1.0 numpy-2.5.3
2026-10-10T06:24:36.2640511Z ##[group]Run python -m unittest discover -s tests -v
2026-10-10T06:24:36.2640929Z [36;1mpython -m unittest discover -s tests -v[0m
2026-10-10T06:24:36.2694321Z shell: /usr/bin/bash -e {0}
2026-10-10T06:24:36.2694459Z env:
2026-10-10T06:24:36.2694615Z   pythonLocation: /opt/hostedtoolcache/Python/3.13.16/x64
2026-10-10T06:24:36.2694867Z   PKG_CONFIG_PATH: /opt/hostedtoolcache/Python/3.13.16/x64/lib/pkgconfig
2026-10-10T06:24:36.2695110Z   Python_ROOT_DIR: /opt/hostedtoolcache/Python/3.13.16/x64
2026-10-10T06:24:36.2695461Z   Python2_ROOT_DIR: /opt/hostedtoolcache/Python/3.13.16/x64
2026-10-10T06:24:36.2695684Z   Python3_ROOT_DIR: /opt/hostedtoolcache/Python/3.13.16/x64
2026-10-10T06:24:36.2695902Z   LD_LIBRARY_PATH: /opt/hostedtoolcache/Python/3.13.16/x64/lib
2026-10-10T06:24:36.2696082Z ##[endgroup]
2026-10-10T06:24:37.7108304Z test_blocks_can_regress_when_burn_in_is_cheap (test_block_budgets.BlockBudgetTests.test_blocks_can_regress_when_burn_in_is_cheap) ... ok
2026-10-10T06:24:37.7121788Z test_eighth_policy_reduces_total_work_against_quarter_on_reference_case (test_block_budgets.BlockBudgetTests.test_eighth_policy_reduces_total_work_against_quarter_on_reference_case) ... ok
2026-10-10T06:24:37.7253659Z test_exact_chebyshev_median_and_coupling_allocations (test_block_budgets.BlockBudgetTests.test_exact_chebyshev_median_and_coupling_allocations) ... ok
2026-10-10T06:24:37.7358140Z test_exact_general_failure_targets_and_eighth_search_cap (test_block_budgets.BlockBudgetTests.test_exact_general_failure_targets_and_eighth_search_cap) ... ok
2026-10-10T06:24:37.7371117Z test_exact_lag_bounds_for_two_state_chains (test_block_budgets.BlockBudgetTests.test_exact_lag_bounds_for_two_state_chains) ... ok
2026-10-10T06:24:37.8521376Z test_exact_majority_tail_and_minimal_odd_count (test_block_budgets.BlockBudgetTests.test_exact_majority_tail_and_minimal_odd_count) ... ok
2026-10-10T06:24:37.8590482Z test_finite_block_tails_and_independent_median_distribution (test_block_budgets.BlockBudgetTests.test_finite_block_tails_and_independent_median_distribution) ... ok
2026-10-10T06:24:37.8592487Z test_independence_negative_controls (test_block_budgets.BlockBudgetTests.test_independence_negative_controls) ... ok
2026-10-10T06:24:37.8601370Z test_input_validation_and_generic_support (test_block_budgets.BlockBudgetTests.test_input_validation_and_generic_support) ... ok
2026-10-10T06:24:37.8608707Z test_median_law_monotonicity_and_rounding_with_order_changes (test_block_budgets.BlockBudgetTests.test_median_law_monotonicity_and_rounding_with_order_changes) ... ok
2026-10-10T06:24:37.8818695Z test_stationary_variance_against_full_finite_block_laws (test_block_budgets.BlockBudgetTests.test_stationary_variance_against_full_finite_block_laws) ... ok
2026-10-10T06:24:37.8824191Z test_work_accounting_tracks_evaluation_tradeoff (test_block_budgets.BlockBudgetTests.test_work_accounting_tracks_evaluation_tradeoff) ... ok
2026-10-10T06:24:37.8825796Z test_zero_height_and_one_observation_boundaries (test_block_budgets.BlockBudgetTests.test_zero_height_and_one_observation_boundaries) ... ok
2026-10-10T06:24:37.9603109Z test_all_binary_two_by_three_supports_and_attainable_margins (test_block_sampler.BlockSamplerTests.test_all_binary_two_by_three_supports_and_attainable_margins) ... ok
2026-10-10T06:24:37.9881047Z test_all_three_by_three_blocks_against_cycle_union_oracle (test_block_sampler.BlockSamplerTests.test_all_three_by_three_blocks_against_cycle_union_oracle) ... ok
2026-10-10T06:24:37.9942960Z test_bridge_between_components_and_cycle_dp_hybrid (test_block_sampler.BlockSamplerTests.test_bridge_between_components_and_cycle_dp_hybrid) ... ok
2026-10-10T06:24:38.0389126Z test_complex_blocks_share_articulation_and_fixed_chord (test_block_sampler.BlockSamplerTests.test_complex_blocks_share_articulation_and_fixed_chord) ... ok
2026-10-10T06:24:38.0402521Z test_correlated_uniform_marginals_do_not_satisfy_rng_contract (test_block_sampler.BlockSamplerTests.test_correlated_uniform_marginals_do_not_satisfy_rng_contract) ... ok
2026-10-10T06:24:38.0414056Z test_disconnected_empty_and_zero_fibers (test_block_sampler.BlockSamplerTests.test_disconnected_empty_and_zero_fibers) ... ok
2026-10-10T06:24:38.0484796Z test_exact_weighted_random_choice_tree (test_block_sampler.BlockSamplerTests.test_exact_weighted_random_choice_tree) ... ok
2026-10-10T06:24:38.0538634Z test_huge_cycle_width_and_many_small_complex_blocks (test_block_sampler.BlockSamplerTests.test_huge_cycle_width_and_many_small_complex_blocks) ... ok
2026-10-10T06:24:38.1049140Z test_seeded_bounded_product_laws_and_zero_activities (test_block_sampler.BlockSamplerTests.test_seeded_bounded_product_laws_and_zero_activities) ... ok
2026-10-10T06:24:38.1063692Z test_shared_and_per_block_dp_limits_are_distinct_and_sticky (test_block_sampler.BlockSamplerTests.test_shared_and_per_block_dp_limits_are_distinct_and_sticky) ... ok
2026-10-10T06:24:38.1074063Z test_shared_cycle_preparation_limit_and_weight_preflight (test_block_sampler.BlockSamplerTests.test_shared_cycle_preparation_limit_and_weight_preflight) ... ok
2026-10-10T06:24:38.1081106Z test_weighted_dp_failure_precedes_any_rng (test_block_sampler.BlockSamplerTests.test_weighted_dp_failure_precedes_any_rng) ... ok
2026-10-10T06:24:38.1086831Z test_zero_mass_and_bad_inputs (test_block_sampler.BlockSamplerTests.test_zero_mass_and_bad_inputs) ... ok
2026-10-10T06:24:38.1088705Z test_cost_and_domination_are_distinct (test_budgets.CorrectionTests.test_cost_and_domination_are_distinct) ... ok
2026-10-10T06:24:38.1094941Z test_count_bound_against_independent_enumeration (test_budgets.CorrectionTests.test_count_bound_against_independent_enumeration) ... ok
2026-10-10T06:24:38.1112800Z test_gate_law_and_expected_reads_exhaustively (test_budgets.CorrectionTests.test_gate_law_and_expected_reads_exhaustively) ... ok
2026-10-10T06:24:38.1563296Z test_residuals_and_mixture_on_all_small_dyadic_laws (test_budgets.CorrectionTests.test_residuals_and_mixture_on_all_small_dyadic_laws) ... ok
2026-10-10T06:24:38.1582355Z test_sharp_integer_domination_threshold (test_budgets.CorrectionTests.test_sharp_integer_domination_threshold) ... ok
2026-10-10T06:24:38.1597441Z test_actual_annealing_step_controls_counts_and_mass (test_budgets.CountingBudgetTests.test_actual_annealing_step_controls_counts_and_mass) ... ok
2026-10-10T06:24:38.1621859Z test_actual_rational_bisection_at_exponent_and_rounding_boundaries (test_budgets.CountingBudgetTests.test_actual_rational_bisection_at_exponent_and_rounding_boundaries) ... ok
2026-10-10T06:24:38.1632024Z test_bernstein_variance_bound_is_attained_by_an_endpoint_law (test_budgets.CountingBudgetTests.test_bernstein_variance_bound_is_attained_by_an_endpoint_law) ... ok
2026-10-10T06:24:38.1633485Z test_common_allocation_remains_available (test_budgets.CountingBudgetTests.test_common_allocation_remains_available) ... ok
2026-10-10T06:24:38.1677222Z test_concentration_coupling_and_mixing_allocations (test_budgets.CountingBudgetTests.test_concentration_coupling_and_mixing_allocations) ... ok
2026-10-10T06:24:38.1678704Z test_correction_rounding_bounds_cover_the_larger_sigma_range (test_budgets.CountingBudgetTests.test_correction_rounding_bounds_cover_the_larger_sigma_range) ... ok
2026-10-10T06:24:38.1680417Z test_custom_support_narrower_than_ratio_range (test_budgets.CountingBudgetTests.test_custom_support_narrower_than_ratio_range) ... ok
2026-10-10T06:24:38.1681043Z test_extracted_counting_gap_constant (test_budgets.CountingBudgetTests.test_extracted_counting_gap_constant) ... ok
2026-10-10T06:24:38.1699558Z test_product_policy_all_factors_at_boundary (test_budgets.CountingBudgetTests.test_product_policy_all_factors_at_boundary) ... ok
2026-10-10T06:24:38.1701646Z test_sharp_source_concentration_constants (test_budgets.CountingBudgetTests.test_sharp_source_concentration_constants) ... ok
2026-10-10T06:24:38.1738649Z test_sharp_source_support_population_and_floor_bounds (test_budgets.CountingBudgetTests.test_sharp_source_support_population_and_floor_bounds) ... ok
2026-10-10T06:24:38.1740053Z test_source_sigma_policy_compatibility (test_budgets.CountingBudgetTests.test_source_sigma_policy_compatibility) ... ok
2026-10-10T06:24:38.1871180Z test_logarithms_and_ceilings_without_float (test_budgets.ExactArithmeticTests.test_logarithms_and_ceilings_without_float) ... ok
2026-10-10T06:24:38.1874324Z test_reject_inexact_or_out_of_domain_inputs (test_budgets.ExactArithmeticTests.test_reject_inexact_or_out_of_domain_inputs) ... ok
2026-10-10T06:24:38.1889447Z test_dense_failure_uses_exact_survival_probability (test_budgets.SamplingBudgetTests.test_dense_failure_uses_exact_survival_probability) ... ok
2026-10-10T06:24:38.1890485Z test_generic_mass_and_gap_inputs (test_budgets.SamplingBudgetTests.test_generic_mass_and_gap_inputs) ... ok
2026-10-10T06:24:38.1993140Z test_offset_formula_against_enumerated_actual_law (test_budgets.SamplingBudgetTests.test_offset_formula_against_enumerated_actual_law) ... ok
2026-10-10T06:24:38.2002196Z test_outer_three_independent_error_certificates (test_budgets.SamplingBudgetTests.test_outer_three_independent_error_certificates) ... ok
2026-10-10T06:24:38.2003522Z test_updated_denominator_allowance (test_budgets.SamplingBudgetTests.test_updated_denominator_allowance) ... ok
2026-10-10T06:24:38.2005464Z test_cycle_rejected (test_build_lean_serial.GraphTests.test_cycle_rejected) ... ok
2026-10-10T06:24:38.2039895Z test_deep_graph_is_not_limited_by_python_recursion (test_build_lean_serial.GraphTests.test_deep_graph_is_not_limited_by_python_recursion) ... ok
2026-10-10T06:24:38.2040859Z test_diamond_order_roots_and_external_boundary (test_build_lean_serial.GraphTests.test_diamond_order_roots_and_external_boundary) ... ok
2026-10-10T06:24:38.2041604Z test_missing_source_propagates (test_build_lean_serial.GraphTests.test_missing_source_propagates) ... ok
2026-10-10T06:24:38.2042262Z test_implicit_init_and_duplicates (test_build_lean_serial.HeaderTests.test_implicit_init_and_duplicates) ... ok
2026-10-10T06:24:38.2043483Z test_invalid_header_modifiers_and_unclosed_header_comment (test_build_lean_serial.HeaderTests.test_invalid_header_modifiers_and_unclosed_header_comment) ... ok
2026-10-10T06:24:38.2044312Z test_module_modifiers_and_same_line_imports (test_build_lean_serial.HeaderTests.test_module_modifiers_and_same_line_imports) ... ok
2026-10-10T06:24:38.2064710Z test_native_windows_import_and_explicit_cli_boundary (test_build_lean_serial.HeaderTests.test_native_windows_import_and_explicit_cli_boundary) ... ok
2026-10-10T06:24:38.2065692Z test_nested_comments_and_proof_body_are_not_imports (test_build_lean_serial.HeaderTests.test_nested_comments_and_proof_body_are_not_imports) ... ok
2026-10-10T06:24:38.2066637Z test_unsupported_imports_fail_instead_of_disappearing (test_build_lean_serial.HeaderTests.test_unsupported_imports_fail_instead_of_disappearing) ... ok
2026-10-10T06:24:38.2092350Z test_dependencies_checked_then_single_explicit_module_target (test_build_lean_serial.SerialExecutionTests.test_dependencies_checked_then_single_explicit_module_target) ... ok
2026-10-10T06:24:38.2110888Z test_failed_module_stops_before_next_module (test_build_lean_serial.SerialExecutionTests.test_failed_module_stops_before_next_module) ... ok
2026-10-10T06:24:38.2120807Z test_interruption_does_not_record_a_success (test_build_lean_serial.SerialExecutionTests.test_interruption_does_not_record_a_success) ... ok
2026-10-10T06:24:38.2134979Z test_missing_dependency_blocks_compile (test_build_lean_serial.SerialExecutionTests.test_missing_dependency_blocks_compile) ... ok
2026-10-10T06:24:38.2150440Z test_source_change_during_dependency_check_blocks_compile (test_build_lean_serial.SerialExecutionTests.test_source_change_during_dependency_check_blocks_compile) ... ok
2026-10-10T06:24:38.2159222Z test_source_removed_before_build_blocks_all_processes (test_build_lean_serial.SerialExecutionTests.test_source_removed_before_build_blocks_all_processes) ... ok
2026-10-10T06:24:38.3055456Z test_all_binary_two_by_three_supports_and_attainable_margins (test_cactus.CactusTests.test_all_binary_two_by_three_supports_and_attainable_margins) ... ok
2026-10-10T06:24:38.3484057Z test_all_three_by_three_graphs_against_simple_cycle_oracle (test_cactus.CactusTests.test_all_three_by_three_graphs_against_simple_cycle_oracle) ... ok
2026-10-10T06:24:38.3486396Z test_binary_encoded_huge_width_uses_mixed_radix (test_cactus.CactusTests.test_binary_encoded_huge_width_uses_mixed_radix) ... ok
2026-10-10T06:24:38.3507343Z test_cycles_can_share_vertices_and_fixed_chords_are_removed (test_cactus.CactusTests.test_cycles_can_share_vertices_and_fixed_chords_are_removed) ... ok
2026-10-10T06:24:38.3516407Z test_disconnected_cycles_bridges_and_positive_lower_bounds (test_cactus.CactusTests.test_disconnected_cycles_bridges_and_positive_lower_bounds) ... ok
2026-10-10T06:24:38.3519238Z test_empty_zero_and_forest_fibers (test_cactus.CactusTests.test_empty_zero_and_forest_fibers) ... ok
2026-10-10T06:24:38.3521832Z test_rank_parameters_and_structural_budgets (test_cactus.CactusTests.test_rank_parameters_and_structural_budgets) ... ok
2026-10-10T06:24:38.3538169Z test_storage_plan_with_large_rational_activity_coefficients (test_cactus.CactusTests.test_storage_plan_with_large_rational_activity_coefficients) ... ok
2026-10-10T06:24:38.3543242Z test_weight_planner_rejects_before_weight_arithmetic_or_rng (test_cactus.CactusTests.test_weight_planner_rejects_before_weight_arithmetic_or_rng) ... ok
2026-10-10T06:24:38.3544125Z test_weighted_empty_and_validation (test_cactus.CactusTests.test_weighted_empty_and_validation) ... ok
2026-10-10T06:24:38.3942401Z test_weighted_factorization_against_seeded_dp (test_cactus.CactusTests.test_weighted_factorization_against_seeded_dp) ... ok
2026-10-10T06:24:38.3946523Z test_weighted_random_choice_tree_is_exact (test_cactus.CactusTests.test_weighted_random_choice_tree_is_exact) ... ok
2026-10-10T06:24:38.3948751Z test_zero_activities_restrict_intervals_before_planning (test_cactus.CactusTests.test_zero_activities_restrict_intervals_before_planning) ... ok
2026-10-10T06:24:38.3950467Z test_constant_observable (test_chain_diagnostics.StationaryVarianceTests.test_constant_observable) ... ok
2026-10-10T06:24:38.3951629Z test_disconnected_different_means (test_chain_diagnostics.StationaryVarianceTests.test_disconnected_different_means) ... ok
2026-10-10T06:24:38.3954386Z test_disconnected_identical_means_have_finite_stationary_ensemble_limit (test_chain_diagnostics.StationaryVarianceTests.test_disconnected_identical_means_have_finite_stationary_ensemble_limit) ... ok
2026-10-10T06:24:38.3955361Z test_iid_weighted_two_states (test_chain_diagnostics.StationaryVarianceTests.test_iid_weighted_two_states) ... ok
2026-10-10T06:24:38.3956997Z test_null_target_states_are_excluded (test_chain_diagnostics.StationaryVarianceTests.test_null_target_states_are_excluded) ... ok
2026-10-10T06:24:38.3958328Z test_periodic_alternation_has_zero_limit_not_covariance_sum (test_chain_diagnostics.StationaryVarianceTests.test_periodic_alternation_has_zero_limit_not_covariance_sum) ... ok
2026-10-10T06:24:38.3959461Z test_persistent_two_state_analytic_answer (test_chain_diagnostics.StationaryVarianceTests.test_persistent_two_state_analytic_answer) ... ok
2026-10-10T06:24:38.3961193Z test_validation_and_resource_failures (test_chain_diagnostics.StationaryVarianceTests.test_validation_and_resource_failures) ... ok
2026-10-10T06:24:38.6829530Z test_an_omitted_headline_is_not_verified_by_a_large_count (test_claims_ledger.ClaimsLedgerTests.test_an_omitted_headline_is_not_verified_by_a_large_count) ... ok
2026-10-10T06:24:38.9644990Z test_audit_driver_uses_receipt_modules_and_every_ledger_headline (test_claims_ledger.ClaimsLedgerTests.test_audit_driver_uses_receipt_modules_and_every_ledger_headline) ... ok
2026-10-10T06:24:38.9672150Z test_changed_raw_log_fails_even_when_receipt_count_is_unchanged (test_claims_ledger.ClaimsLedgerTests.test_changed_raw_log_fails_even_when_receipt_count_is_unchanged) ... ok
2026-10-10T06:24:38.9681906Z test_changed_receipt_digest_and_unknown_status_fail (test_claims_ledger.ClaimsLedgerTests.test_changed_receipt_digest_and_unknown_status_fail) ... ok
2026-10-10T06:24:39.5395302Z test_claim_scope_is_bound_and_overlap_claim_fails (test_claims_ledger.ClaimsLedgerTests.test_claim_scope_is_bound_and_overlap_claim_fails) ... ok
2026-10-10T06:24:39.8074162Z test_commit_binding_kinds_cannot_invent_or_drop_base_commit (test_claims_ledger.ClaimsLedgerTests.test_commit_binding_kinds_cannot_invent_or_drop_base_commit) ... ok
2026-10-10T06:24:40.0888228Z test_current_summary_prefers_integrated_scope_without_adding_historical_overlap (test_claims_ledger.ClaimsLedgerTests.test_current_summary_prefers_integrated_scope_without_adding_historical_overlap) ... ok
2026-10-10T06:24:40.3712106Z test_delivered_scopes_replay_and_linux_overlap_is_not_added (test_claims_ledger.ClaimsLedgerTests.test_delivered_scopes_replay_and_linux_overlap_is_not_added) ... ok
2026-10-10T06:24:40.3714427Z test_empty_claims_cannot_leave_only_counts (test_claims_ledger.ClaimsLedgerTests.test_empty_claims_cannot_leave_only_counts) ... ok
2026-10-10T06:24:40.3716523Z test_generated_section_replacement_preserves_outside_and_requires_markers (test_claims_ledger.ClaimsLedgerTests.test_generated_section_replacement_preserves_outside_and_requires_markers) ... ok
2026-10-10T06:24:41.2099108Z test_headline_cannot_be_bound_to_an_unrelated_verified_source (test_claims_ledger.ClaimsLedgerTests.test_headline_cannot_be_bound_to_an_unrelated_verified_source) ... ok
2026-10-10T06:24:41.4929053Z test_historical_changed_sources_cannot_be_promoted_to_current (test_claims_ledger.ClaimsLedgerTests.test_historical_changed_sources_cannot_be_promoted_to_current) ... ok
2026-10-10T06:24:41.4931225Z test_paths_cannot_escape_the_repository (test_claims_ledger.ClaimsLedgerTests.test_paths_cannot_escape_the_repository) ... ok
2026-10-10T06:24:42.3444731Z test_summary_cannot_hide_current_receipt_or_reference_unvalidated_scope (test_claims_ledger.ClaimsLedgerTests.test_summary_cannot_hide_current_receipt_or_reference_unvalidated_scope) ... ok
2026-10-10T06:24:42.3464425Z test_a_present_nonfile_upstream_path_is_not_treated_as_absent (test_claims_ledger.CleanCloneSourceChecks.test_a_present_nonfile_upstream_path_is_not_treated_as_absent) ... ok
2026-10-10T06:24:42.3491816Z test_any_present_upstream_file_is_checked_and_changes_reject_current (test_claims_ledger.CleanCloneSourceChecks.test_any_present_upstream_file_is_checked_and_changes_reject_current) ... ok
2026-10-10T06:24:42.3507275Z test_clean_clone_preserves_exact_upstream_digest_and_reports_unchecked (test_claims_ledger.CleanCloneSourceChecks.test_clean_clone_preserves_exact_upstream_digest_and_reports_unchecked) ... ok
2026-10-10T06:24:42.3529524Z test_missing_or_changed_headline_source_remains_a_blocker (test_claims_ledger.CleanCloneSourceChecks.test_missing_or_changed_headline_source_remains_a_blocker) ... ok
2026-10-10T06:24:42.3551689Z test_missing_or_changed_owned_dependency_remains_a_blocker (test_claims_ledger.CleanCloneSourceChecks.test_missing_or_changed_owned_dependency_remains_a_blocker) ... ok
2026-10-10T06:24:42.3559712Z test_other_ignored_prefix_cannot_hide_missing_owned_inputs (test_claims_ledger.CleanCloneSourceChecks.test_other_ignored_prefix_cannot_hide_missing_owned_inputs) ... ok
2026-10-10T06:24:42.3574574Z test_unpinned_absent_upstream_is_not_exempt (test_claims_ledger.CleanCloneSourceChecks.test_unpinned_absent_upstream_is_not_exempt) ... ok
2026-10-10T06:24:42.3585482Z test_budget_and_watchdog_do_not_claim_partial_bounds (test_commute_scaling.CommuteScalingTests.test_budget_and_watchdog_do_not_claim_partial_bounds) ... ok
2026-10-10T06:24:42.3592305Z test_generator_is_deterministic_nested_and_feasible (test_commute_scaling.CommuteScalingTests.test_generator_is_deterministic_nested_and_feasible) ... ok
2026-10-10T06:24:42.3619194Z test_small_report_json_reconstructs_verified_results (test_commute_scaling.CommuteScalingTests.test_small_report_json_reconstructs_verified_results) ... ok
2026-10-10T06:24:42.3621685Z test_switch_product_constructs_distinct_feasible_tables (test_commute_scaling.CommuteScalingTests.test_switch_product_constructs_distinct_feasible_tables) ... ok
2026-10-10T06:24:42.3624260Z test_switch_verifier_rejects_tampering (test_commute_scaling.CommuteScalingTests.test_switch_verifier_rejects_tampering) ... ok
2026-10-10T06:24:42.3727806Z test_every_small_worker_law_against_independent_exact_combinatorics (test_commuting_backtest.PublicCommutingBacktestTests.test_every_small_worker_law_against_independent_exact_combinatorics) ... ok
2026-10-10T06:24:42.3728963Z test_invalid_or_over_budget_margins_fail_without_partial_result (test_commuting_backtest.PublicCommutingBacktestTests.test_invalid_or_over_budget_margins_fail_without_partial_result) ... ok
2026-10-10T06:24:42.3730894Z test_joint_changes_scoring_but_cannot_change_margin_prediction (test_commuting_backtest.PublicCommutingBacktestTests.test_joint_changes_scoring_but_cannot_change_margin_prediction) ... ok
2026-10-10T06:24:42.3731783Z test_official_checksum_match_must_be_unambiguous (test_commuting_backtest.PublicCommutingBacktestTests.test_official_checksum_match_must_be_unambiguous) ... ok
2026-10-10T06:24:42.3739645Z test_public_snapshot_is_complete_pinned_and_exhaustively_selected (test_commuting_backtest.PublicCommutingBacktestTests.test_public_snapshot_is_complete_pinned_and_exhaustively_selected) ... ok
2026-10-10T06:24:43.1168930Z test_report_denominators_distinguish_repeated_cells_and_fixed_metric (test_commuting_backtest.PublicCommutingBacktestTests.test_report_denominators_distinguish_repeated_cells_and_fixed_metric) ... ok
2026-10-10T06:24:43.1176338Z test_snapshot_corruption_is_rejected (test_commuting_backtest.PublicCommutingBacktestTests.test_snapshot_corruption_is_rejected) ... ok
2026-10-10T06:24:43.1179867Z test_source_aggregation_orientation_and_zero_completion (test_commuting_backtest.PublicCommutingBacktestTests.test_source_aggregation_orientation_and_zero_completion) ... ok
2026-10-10T06:24:43.1281062Z test_uniform_quantiles_and_moments_against_enumerated_integer_support (test_commuting_backtest.PublicCommutingBacktestTests.test_uniform_quantiles_and_moments_against_enumerated_integer_support) ... ok
2026-10-10T06:24:43.1964492Z test_worker_large_symmetric_support_mean_and_endpoint_symmetry (test_commuting_backtest.PublicCommutingBacktestTests.test_worker_large_symmetric_support_mean_and_endpoint_symmetry) ... ok
2026-10-10T06:24:43.2056422Z test_before_after_inventory_detects_object_mutation_and_new_object (test_environment_audit_runner.EnvironmentRunnerTests.test_before_after_inventory_detects_object_mutation_and_new_object) ... ok
2026-10-10T06:24:43.2057818Z test_custom_axioms_and_inconsistent_axiom_classification_fail (test_environment_audit_runner.EnvironmentRunnerTests.test_custom_axioms_and_inconsistent_axiom_classification_fail) ... ok
2026-10-10T06:24:43.2061972Z test_driver_uses_all_frozen_modules_and_distinct_helper_prefix (test_environment_audit_runner.EnvironmentRunnerTests.test_driver_uses_all_frozen_modules_and_distinct_helper_prefix) ... ok
2026-10-10T06:24:43.2071747Z test_empty_inventory_root_appearance_and_disappearance_change_snapshots (test_environment_audit_runner.EnvironmentRunnerTests.test_empty_inventory_root_appearance_and_disappearance_change_snapshots) ... ok
2026-10-10T06:24:43.2073545Z test_exact_headline_dependency_closure_cannot_omit_or_add_dependencies (test_environment_audit_runner.EnvironmentRunnerTests.test_exact_headline_dependency_closure_cannot_omit_or_add_dependencies) ... ok
2026-10-10T06:24:43.2080340Z test_existing_nondirectory_inventory_entry_remains_rejected (test_environment_audit_runner.EnvironmentRunnerTests.test_existing_nondirectory_inventory_entry_remains_rejected) ... ok
2026-10-10T06:24:43.2092626Z test_failure_receipt_is_preserved_and_attempt_cannot_be_overwritten (test_environment_audit_runner.EnvironmentRunnerTests.test_failure_receipt_is_preserved_and_attempt_cannot_be_overwritten) ... ok
2026-10-10T06:24:43.2095689Z test_import_and_native_runtime_directories_must_all_be_inventoried (test_environment_audit_runner.EnvironmentRunnerTests.test_import_and_native_runtime_directories_must_all_be_inventoried) ... ok
2026-10-10T06:24:43.2107252Z test_ir_signature_mutation_and_new_companion_are_bound (test_environment_audit_runner.EnvironmentRunnerTests.test_ir_signature_mutation_and_new_companion_are_bound) ... ok
2026-10-10T06:24:43.2109196Z test_json_framing_and_duplicate_keys_fail_closed (test_environment_audit_runner.EnvironmentRunnerTests.test_json_framing_and_duplicate_keys_fail_closed) ... ok
2026-10-10T06:24:43.2115614Z test_lean_prefix_shadowing_matches_pinned_search_path_semantics (test_environment_audit_runner.EnvironmentRunnerTests.test_lean_prefix_shadowing_matches_pinned_search_path_semantics) ... ok
2026-10-10T06:24:43.2116774Z test_missing_modules_headlines_and_known_declarations_fail (test_environment_audit_runner.EnvironmentRunnerTests.test_missing_modules_headlines_and_known_declarations_fail) ... ok
2026-10-10T06:24:43.2124482Z test_new_helper_companion_is_detected_in_complete_helper_inventory (test_environment_audit_runner.EnvironmentRunnerTests.test_new_helper_companion_is_detected_in_complete_helper_inventory) ... ok
2026-10-10T06:24:43.2210193Z test_nonzero_exit_or_stderr_cannot_be_rescued_by_valid_json (test_environment_audit_runner.EnvironmentRunnerTests.test_nonzero_exit_or_stderr_cannot_be_rescued_by_valid_json) ... ok
2026-10-10T06:24:43.2211529Z test_path_inventory_coverage_cannot_be_spoofed_with_parent_traversal (test_environment_audit_runner.EnvironmentRunnerTests.test_path_inventory_coverage_cannot_be_spoofed_with_parent_traversal) ... ok
2026-10-10T06:24:43.2212462Z test_scope_and_kind_count_mismatches_fail (test_environment_audit_runner.EnvironmentRunnerTests.test_scope_and_kind_count_mismatches_fail) ... ok
2026-10-10T06:24:43.2213414Z test_unexpected_source_bound_project_import_cannot_hide_as_cache (test_environment_audit_runner.EnvironmentRunnerTests.test_unexpected_source_bound_project_import_cannot_hide_as_cache) ... ok
2026-10-10T06:24:43.2216634Z test_unicode_lean_statement_survives_utf8_json_roundtrip (test_environment_audit_runner.EnvironmentRunnerTests.test_unicode_lean_statement_survives_utf8_json_roundtrip) ... ok
2026-10-10T06:24:43.2224273Z test_unused_missing_inventory_root_is_bound_without_filtering_search_path (test_environment_audit_runner.EnvironmentRunnerTests.test_unused_missing_inventory_root_is_bound_without_filtering_search_path) ... ok
2026-10-10T06:24:43.2225240Z test_valid_report_includes_unlisted_and_private_dependencies (test_environment_audit_runner.EnvironmentRunnerTests.test_valid_report_includes_unlisted_and_private_dependencies) ... ok
2026-10-10T06:24:43.2460905Z test_budget_caps_fail_without_partial_results (test_ideal_chain.IdealChainTests.test_budget_caps_fail_without_partial_results) ... ok
2026-10-10T06:24:43.2530767Z test_exact_censoring_and_physical_return_time (test_ideal_chain.IdealChainTests.test_exact_censoring_and_physical_return_time) ... ok
2026-10-10T06:24:43.2545720Z test_feasibility_equations_and_fibre_margins (test_ideal_chain.IdealChainTests.test_feasibility_equations_and_fibre_margins) ... ok
2026-10-10T06:24:43.2618760Z test_independent_doubled_exchange_and_repair_edges (test_ideal_chain.IdealChainTests.test_independent_doubled_exchange_and_repair_edges) ... ok
2026-10-10T06:24:43.2644986Z test_independent_first_hit_equations_on_embedded_jump_chain (test_ideal_chain.IdealChainTests.test_independent_first_hit_equations_on_embedded_jump_chain) ... ok
2026-10-10T06:24:43.2645866Z test_literal_excursion_counts_holds_and_enforces_cap (test_ideal_chain.IdealChainTests.test_literal_excursion_counts_holds_and_enforces_cap) ... ok
2026-10-10T06:24:43.2646723Z test_literal_mixed_large_crossing_and_unique_completions (test_ideal_chain.IdealChainTests.test_literal_mixed_large_crossing_and_unique_completions) ... ok
2026-10-10T06:24:43.2687527Z test_literal_parameters_state_set_and_empty_fibres (test_ideal_chain.IdealChainTests.test_literal_parameters_state_set_and_empty_fibres) ... ok
2026-10-10T06:24:43.2771304Z test_literal_rng_decision_tree_including_holds_and_rejections (test_ideal_chain.IdealChainTests.test_literal_rng_decision_tree_including_holds_and_rejections) ... ok
2026-10-10T06:24:43.2878629Z test_nontrivial_completion_translation_is_source_star_not_metropolis (test_ideal_chain.IdealChainTests.test_nontrivial_completion_translation_is_source_star_not_metropolis) ... ok
2026-10-10T06:24:43.2879406Z test_rejects_changed_target_and_malformed_input (test_ideal_chain.IdealChainTests.test_rejects_changed_target_and_malformed_input) ... ok
2026-10-10T06:24:43.3063100Z test_stationary_output_bijection_and_conditional_uniformity (test_ideal_chain.IdealChainTests.test_stationary_output_bijection_and_conditional_uniformity) ... ok
2026-10-10T06:24:43.3094066Z test_zero_margins_degenerate_rectangles_and_parameter_bits (test_ideal_chain.IdealChainTests.test_zero_margins_degenerate_rectangles_and_parameter_bits) ... ok
2026-10-10T06:24:43.5051030Z test_saved_certificate_matches_independent_graph_and_backend (test_ideal_two_by_two.IdealTwoByTwoCertificate.test_saved_certificate_matches_independent_graph_and_backend) ... ok
2026-10-10T06:24:43.5056865Z test_catalog_has_all_nine_rectangles_and_six_hexagons_in_k33 (test_kernels.CycleKernelTests.test_catalog_has_all_nine_rectangles_and_six_hexagons_in_k33) ... ok
2026-10-10T06:24:43.5064001Z test_complete_fiber_is_required_and_caps_fail_before_allocation (test_kernels.CycleKernelTests.test_complete_fiber_is_required_and_caps_fail_before_allocation) ... ok
2026-10-10T06:24:43.5072943Z test_full_line_draw_reaches_every_two_by_two_table (test_kernels.CycleKernelTests.test_full_line_draw_reaches_every_two_by_two_table) ... ok
2026-10-10T06:24:43.5073824Z test_invalid_cycles_are_rejected (test_kernels.CycleKernelTests.test_invalid_cycles_are_rejected) ... ok
2026-10-10T06:24:43.5086505Z test_nonuniform_input_fixed_catalog_mixture_is_reversible (test_kernels.CycleKernelTests.test_nonuniform_input_fixed_catalog_mixture_is_reversible) ... ok
2026-10-10T06:24:43.5461352Z test_optional_spectral_diagnostic_on_exactly_known_cases (test_kernels.CycleKernelTests.test_optional_spectral_diagnostic_on_exactly_known_cases) ... ok
2026-10-10T06:24:43.5501317Z test_rational_weighted_bounded_kernel_and_null_states (test_kernels.CycleKernelTests.test_rational_weighted_bounded_kernel_and_null_states) ... ok
2026-10-10T06:24:43.5531150Z test_sparse_six_cycle_is_frozen_for_rectangle_moves (test_kernels.CycleKernelTests.test_sparse_six_cycle_is_frozen_for_rectangle_moves) ... ok
2026-10-10T06:24:43.5561193Z test_weighted_conditional_line_is_not_a_uniform_line (test_kernels.CycleKernelTests.test_weighted_conditional_line_is_not_a_uniform_line) ... ok
2026-10-10T06:24:43.5591164Z test_dense_actual_scales_and_ambient_d (test_lattice_completion.LatticeCompletionTests.test_dense_actual_scales_and_ambient_d) ... ok
2026-10-10T06:24:43.5741244Z test_every_tiny_fine_table_and_balanced_preimages (test_lattice_completion.LatticeCompletionTests.test_every_tiny_fine_table_and_balanced_preimages) ... ok
2026-10-10T06:24:43.5761202Z test_exact_geometric_arithmetic_and_preallocation_budget (test_lattice_completion.LatticeCompletionTests.test_exact_geometric_arithmetic_and_preallocation_budget) ... ok
2026-10-10T06:24:43.5762141Z test_negative_decoding_and_sharp_rounding_error (test_lattice_completion.LatticeCompletionTests.test_negative_decoding_and_sharp_rounding_error) ... ok
2026-10-10T06:24:43.6011420Z test_random_higher_dimension_roundtrips_and_independent_prefix_residues (test_lattice_completion.LatticeCompletionTests.test_random_higher_dimension_roundtrips_and_independent_prefix_residues) ... ok
2026-10-10T06:24:43.6041191Z test_semantic_bounds_and_invalid_inputs (test_lattice_completion.LatticeCompletionTests.test_semantic_bounds_and_invalid_inputs) ... ok
2026-10-10T06:24:43.6061240Z test_singleton_dimensions_have_one_preimage_and_zero_rounding_error (test_lattice_completion.LatticeCompletionTests.test_singleton_dimensions_have_one_preimage_and_zero_rounding_error) ... ok
2026-10-10T06:24:43.6062223Z test_empty_and_multiline_axiom_reports_are_both_counted (test_lean_axiom_audit.LeanAxiomAudit.test_empty_and_multiline_axiom_reports_are_both_counted) ... ok
2026-10-10T06:24:43.6063710Z test_empty_or_duplicate_requests_fail (test_lean_axiom_audit.LeanAxiomAudit.test_empty_or_duplicate_requests_fail) ... ok
2026-10-10T06:24:43.6064578Z test_missing_duplicated_unrequested_or_reordered_reports_fail (test_lean_axiom_audit.LeanAxiomAudit.test_missing_duplicated_unrequested_or_reordered_reports_fail) ... ok
2026-10-10T06:24:43.6065333Z test_nonstandard_axioms_fail (test_lean_axiom_audit.LeanAxiomAudit.test_nonstandard_axioms_fail) ... ok
2026-10-10T06:24:43.6091045Z test_unrecognized_lean_report_fails_closed (test_lean_axiom_audit.LeanAxiomAudit.test_unrecognized_lean_report_fails_closed) ... ok
2026-10-10T06:24:43.6091885Z test_certifies_algebraic_not_absolute_gap (test_mixtures.ExactMixtureTests.test_certifies_algebraic_not_absolute_gap) ... ok
2026-10-10T06:24:43.6092563Z test_disconnected_kernel_has_zero_gap (test_mixtures.ExactMixtureTests.test_disconnected_kernel_has_zero_gap) ... ok
2026-10-10T06:24:43.6093310Z test_exact_nonuniform_two_state_gap_and_sharp_witness (test_mixtures.ExactMixtureTests.test_exact_nonuniform_two_state_gap_and_sharp_witness) ... ok
2026-10-10T06:24:43.6094097Z test_fixed_mixture_and_global_dual_certificate (test_mixtures.ExactMixtureTests.test_fixed_mixture_and_global_dual_certificate) ... ok
2026-10-10T06:24:43.6206245Z test_fraction_free_psd_against_all_principal_minors (test_mixtures.ExactMixtureTests.test_fraction_free_psd_against_all_principal_minors) ... ok
2026-10-10T06:24:43.6211416Z test_kernel_validation_is_exact (test_mixtures.ExactMixtureTests.test_kernel_validation_is_exact) ... ok
2026-10-10T06:24:43.6212352Z test_mixture_and_witness_validation (test_mixtures.ExactMixtureTests.test_mixture_and_witness_validation) ... ok
2026-10-10T06:24:43.6251540Z test_psd_input_validation_and_dimension_budget (test_mixtures.ExactMixtureTests.test_psd_input_validation_and_dimension_budget) ... ok
2026-10-10T06:24:43.6252430Z test_psd_rational_rank_and_skipped_zero_pivots (test_mixtures.ExactMixtureTests.test_psd_rational_rank_and_skipped_zero_pivots) ... ok
2026-10-10T06:24:43.6253305Z test_zero_target_mass_and_singleton_convention (test_mixtures.ExactMixtureTests.test_zero_target_mass_and_singleton_convention) ... ok
2026-10-10T06:24:43.6254193Z test_certificate_verifier_is_independent_of_optimizer (test_optimize.CertificateTests.test_certificate_verifier_is_independent_of_optimizer) ... ok
2026-10-10T06:24:43.6255081Z test_elementary_infeasibility_is_explicit (test_optimize.CertificateTests.test_elementary_infeasibility_is_explicit) ... ok
2026-10-10T06:24:43.6255881Z test_lower_shifted_support_obstruction (test_optimize.CertificateTests.test_lower_shifted_support_obstruction) ... ok
2026-10-10T06:24:43.6256753Z test_support_obstruction_has_independent_cut_certificate (test_optimize.CertificateTests.test_support_obstruction_has_independent_cut_certificate) ... ok
2026-10-10T06:24:43.6257776Z test_tampered_witness_cost_direction_value_and_potentials_fail (test_optimize.CertificateTests.test_tampered_witness_cost_direction_value_and_potentials_fail) ... ok
2026-10-10T06:24:43.6379725Z test_all_two_by_two_small_caps (test_optimize.LinearBoundsTests.test_all_two_by_two_small_caps) ... ok
2026-10-10T06:24:43.6386262Z test_binary_capacities_are_not_expanded_to_units (test_optimize.LinearBoundsTests.test_binary_capacities_are_not_expanded_to_units) ... ok
2026-10-10T06:24:43.6392595Z test_budget_is_shared_and_never_returns_partial_range (test_optimize.LinearBoundsTests.test_budget_is_shared_and_never_returns_partial_range) ... ok
2026-10-10T06:24:43.6400275Z test_clearing_coprime_denominators_preserves_exact_results (test_optimize.LinearBoundsTests.test_clearing_coprime_denominators_preserves_exact_results) ... ok
2026-10-10T06:24:43.6402721Z test_deterministic_input_validation (test_optimize.LinearBoundsTests.test_deterministic_input_validation) ... ok
2026-10-10T06:24:43.6407680Z test_fixed_cells_and_zero_total (test_optimize.LinearBoundsTests.test_fixed_cells_and_zero_total) ... ok
2026-10-10T06:24:43.6418336Z test_row_column_cost_shifts_and_transpose (test_optimize.LinearBoundsTests.test_row_column_cost_shifts_and_transpose) ... ok
2026-10-10T06:24:43.6991343Z test_seeded_bounded_lower_shifted_rectangles (test_optimize.LinearBoundsTests.test_seeded_bounded_lower_shifted_rectangles) ... ok
2026-10-10T06:24:44.2742397Z test_synthetic_commute_range (test_optimize.LinearBoundsTests.test_synthetic_commute_range) ... ok
2026-10-10T06:24:44.2765916Z test_budget_report_contains_no_partial_endpoints (test_optimize.ReportTests.test_budget_report_contains_no_partial_endpoints) ... ok
2026-10-10T06:24:44.2771422Z test_example_rejects_float_and_boolean_coefficients (test_optimize.ReportTests.test_example_rejects_float_and_boolean_coefficients) ... ok
2026-10-10T06:24:44.2783117Z test_serialized_cut_report_and_elementary_failure (test_optimize.ReportTests.test_serialized_cut_report_and_elementary_failure) ... ok
2026-10-10T06:24:44.2804671Z test_serialized_report_has_independently_verifiable_endpoints (test_optimize.ReportTests.test_serialized_report_has_independently_verifiable_endpoints) ... ok
2026-10-10T06:24:44.3170790Z test_direct_counts_and_incidence_degrees (test_padding_barrier.PaddingCountTests.test_direct_counts_and_incidence_degrees) ... ok
2026-10-10T06:24:44.3176739Z test_large_dimension_exact_count_and_bit_budget_certificate (test_padding_barrier.PaddingCountTests.test_large_dimension_exact_count_and_bit_budget_certificate) ... ok
2026-10-10T06:24:44.3177313Z test_necessary_threshold_is_not_sufficient (test_padding_barrier.PaddingCountTests.test_necessary_threshold_is_not_sufficient) ... ok
2026-10-10T06:24:44.3179040Z test_two_by_two_equality_and_half_acceptance_boundary (test_padding_barrier.PaddingCountTests.test_two_by_two_equality_and_half_acceptance_boundary) ... ok
2026-10-10T06:24:44.3182050Z test_budget_rejection_occurs_before_binomial_evaluation (test_padding_barrier.PaddingValidationTests.test_budget_rejection_occurs_before_binomial_evaluation) ... ok
2026-10-10T06:24:44.3183514Z test_reject_malformed_parameters (test_padding_barrier.PaddingValidationTests.test_reject_malformed_parameters) ... ok
2026-10-10T06:24:44.3184411Z test_target_must_belong_to_the_padded_family (test_padding_barrier.PaddingValidationTests.test_target_must_belong_to_the_padded_family) ... ok
2026-10-10T06:24:44.4104701Z test_actual_padded_fibers_for_every_marked_set (test_padding_growth.SequentialPaddingTests.test_actual_padded_fibers_for_every_marked_set) ... ok
2026-10-10T06:24:44.4105269Z test_degenerate_cases_and_validation (test_padding_growth.SequentialPaddingTests.test_degenerate_cases_and_validation) ... ok
2026-10-10T06:24:44.4167341Z test_power_bound_with_exact_independent_powers (test_padding_growth.SequentialPaddingTests.test_power_bound_with_exact_independent_powers) ... ok
2026-10-10T06:24:44.4168754Z test_rational_certificate_and_large_dimensions (test_padding_growth.SequentialPaddingTests.test_rational_certificate_and_large_dimensions) ... ok
2026-10-10T06:24:44.4177428Z test_shape_threshold (test_padding_growth.SequentialPaddingTests.test_shape_threshold) ... ok
2026-10-10T06:24:44.4177898Z test_bad_configuration (test_sampler_benchmarks.Benchmarks.test_bad_configuration) ... ok
2026-10-10T06:24:44.4178601Z test_bad_rng_rank_and_negative_mass (test_sampler_benchmarks.Benchmarks.test_bad_rng_rank_and_negative_mass) ... ok
2026-10-10T06:24:44.4180129Z test_diagnostics (test_sampler_benchmarks.Benchmarks.test_diagnostics) ... ok
2026-10-10T06:24:44.4189786Z test_exact_diagnostic_cap_is_reported (test_sampler_benchmarks.Benchmarks.test_exact_diagnostic_cap_is_reported) ... ok
2026-10-10T06:24:44.4210101Z test_fixed_selection_weights_match_exact_kernel (test_sampler_benchmarks.Benchmarks.test_fixed_selection_weights_match_exact_kernel) ... ok
2026-10-10T06:24:44.4799185Z test_literal_steps_and_direct_censored_draws_are_distinct (test_sampler_benchmarks.Benchmarks.test_literal_steps_and_direct_censored_draws_are_distinct) ... ok
2026-10-10T06:24:44.4805576Z test_preparation_exhaustion_preserves_failed_run_receipt (test_sampler_benchmarks.Benchmarks.test_preparation_exhaustion_preserves_failed_run_receipt) ... ok
2026-10-10T06:24:44.4806972Z test_rational_choice (test_sampler_benchmarks.Benchmarks.test_rational_choice) ... ok
2026-10-10T06:24:44.4844289Z test_reducibility_is_explicit (test_sampler_benchmarks.Benchmarks.test_reducibility_is_explicit) ... ok
2026-10-10T06:24:44.4855553Z test_seed_repetitions_survive_singleton_support (test_sampler_benchmarks.Benchmarks.test_seed_repetitions_survive_singleton_support) ... ok
2026-10-10T06:24:44.4860104Z test_sparse_negative_control (test_sampler_benchmarks.Benchmarks.test_sparse_negative_control) ... ok
2026-10-10T06:24:44.4901168Z test_tiny_end_to_end (test_sampler_benchmarks.Benchmarks.test_tiny_end_to_end) ... ok
2026-10-10T06:24:44.4907108Z test_uniform_full_line (test_sampler_benchmarks.Benchmarks.test_uniform_full_line) ... ok
2026-10-10T06:24:44.4935913Z test_weighted_transition_matches_exact_kernel (test_sampler_benchmarks.Benchmarks.test_weighted_transition_matches_exact_kernel) ... ok
2026-10-10T06:24:44.5000306Z test_worker_panel_uses_its_own_inverse_factorial_law (test_sampler_benchmarks.Benchmarks.test_worker_panel_uses_its_own_inverse_factorial_law) ... ok
2026-10-10T06:24:44.5001315Z test_empty_blocks_and_incompatible_inputs (test_scales.ReferenceAdjustmentTests.test_empty_blocks_and_incompatible_inputs) ... ok
2026-10-10T06:24:44.6382804Z test_every_elementary_margin_family_and_reference_cell (test_scales.ReferenceAdjustmentTests.test_every_elementary_margin_family_and_reference_cell) ... ok
2026-10-10T06:24:44.6384337Z test_parameter_fractions_and_old_unpadding_negative_control (test_scales.ScaleCertificateTests.test_parameter_fractions_and_old_unpadding_negative_control) ... ok
2026-10-10T06:24:44.6399671Z test_shape_aware_threshold_and_deterministic_dimensions (test_scales.ScaleCertificateTests.test_shape_aware_threshold_and_deterministic_dimensions) ... ok
2026-10-10T06:24:44.6403156Z test_sharper_enlarged_margin_certificates (test_scales.ScaleCertificateTests.test_sharper_enlarged_margin_certificates) ... ok
2026-10-10T06:24:44.6405728Z test_universal_integer_polynomial_certificates (test_scales.ScaleCertificateTests.test_universal_integer_polynomial_certificates) ... ok
2026-10-10T06:24:44.8924635Z test_all_small_fiber_probabilities (test_scales.SwitchingTests.test_all_small_fiber_probabilities) ... ok
2026-10-10T06:24:44.8925424Z test_boundary_domain_and_cap_negative_control (test_scales.SwitchingTests.test_boundary_domain_and_cap_negative_control) ... ok
2026-10-10T06:24:44.8974304Z test_minimum_sum_inequality (test_scales.SwitchingTests.test_minimum_sum_inequality) ... ok
2026-10-10T06:24:44.8994046Z test_product_and_mean_bounds_have_exact_composition_witnesses (test_scales.SwitchingTests.test_product_and_mean_bounds_have_exact_composition_witnesses) ... ok
2026-10-10T06:24:44.8995242Z test_refined_bound_is_exact_at_zero_for_balanced_two_by_two (test_scales.SwitchingTests.test_refined_bound_is_exact_at_zero_for_balanced_two_by_two) ... ok
2026-10-10T06:24:45.1375340Z test_switching_labels_determine_source (test_scales.SwitchingTests.test_switching_labels_determine_source) ... ok
2026-10-10T06:24:45.2097228Z test_all_binary_two_by_three_supports_and_attainable_margins (test_tables.CompletionCountTests.test_all_binary_two_by_three_supports_and_attainable_margins) ... ok
2026-10-10T06:24:45.2235638Z test_random_small_lower_and_upper_bound_oracles (test_tables.CompletionCountTests.test_random_small_lower_and_upper_bound_oracles) ... ok
2026-10-10T06:24:45.2237102Z test_rank_validation_and_enumeration_output_cap (test_tables.CompletionCountTests.test_rank_validation_and_enumeration_output_cap) ... ok
2026-10-10T06:24:45.2239528Z test_resource_exhaustion_never_returns_partial_count_or_draw (test_tables.CompletionCountTests.test_resource_exhaustion_never_returns_partial_count_or_draw) ... ok
2026-10-10T06:24:45.2319835Z test_three_row_lower_bounded_oracles (test_tables.CompletionCountTests.test_three_row_lower_bounded_oracles) ... ok
2026-10-10T06:24:45.2321435Z test_constraints_are_copied_and_upper_bounds_tightened (test_tables.TableValidationTests.test_constraints_are_copied_and_upper_bounds_tightened) ... ok
2026-10-10T06:24:45.2322492Z test_empty_fibers_and_structural_zero_lower_conflict (test_tables.TableValidationTests.test_empty_fibers_and_structural_zero_lower_conflict) ... ok
2026-10-10T06:24:45.2323765Z test_feasibility_detects_sparse_hall_obstruction (test_tables.TableValidationTests.test_feasibility_detects_sparse_hall_obstruction) ... ok
2026-10-10T06:24:45.2324859Z test_reject_malformed_data (test_tables.TableValidationTests.test_reject_malformed_data) ... ok
2026-10-10T06:24:45.2326664Z test_zero_margins_and_one_row (test_tables.TableValidationTests.test_zero_margins_and_one_row) ... ok
2026-10-10T06:24:45.2332748Z test_exact_rational_sampling_tree_matches_independent_weight_oracle (test_tables.WeightedLawTests.test_exact_rational_sampling_tree_matches_independent_weight_oracle) ... ok
2026-10-10T06:24:45.2346637Z test_multistage_weighted_rng_tree_and_three_row_partition (test_tables.WeightedLawTests.test_multistage_weighted_rng_tree_and_three_row_partition) ... ok
2026-10-10T06:24:45.2363857Z test_row_and_column_activity_gauge_invariance (test_tables.WeightedLawTests.test_row_and_column_activity_gauge_invariance) ... ok
2026-10-10T06:24:45.2368383Z test_weighted_budgets_and_transpose (test_tables.WeightedLawTests.test_weighted_budgets_and_transpose) ... ok
2026-10-10T06:24:45.2374130Z test_worker_and_table_laws_are_different (test_tables.WeightedLawTests.test_worker_and_table_laws_are_different) ... ok
2026-10-10T06:24:45.2376975Z test_zero_activities_and_empty_target (test_tables.WeightedLawTests.test_zero_activities_and_empty_target) ... ok
2026-10-10T06:24:45.2568454Z test_centered_conditioning_is_sharp (test_transport_bounds.ComparisonTests.test_centered_conditioning_is_sharp) ... ok
2026-10-10T06:24:45.2575245Z test_constants_improve_initial_and_source_bounds (test_transport_bounds.ComparisonTests.test_constants_improve_initial_and_source_bounds) ... ok
2026-10-10T06:24:45.2578421Z test_integer_root_quadratic_maximum (test_transport_bounds.ComparisonTests.test_integer_root_quadratic_maximum) ... ok
2026-10-10T06:24:45.2714408Z test_repair_triangle_with_overlapping_edges (test_transport_bounds.ComparisonTests.test_repair_triangle_with_overlapping_edges) ... ok
2026-10-10T06:24:45.3186520Z test_adaptive_binary_tree_ownership (test_transport_bounds.OwnershipTests.test_adaptive_binary_tree_ownership) ... ok
2026-10-10T06:24:45.3819865Z test_complete_integer_leaf_families (test_transport_bounds.OwnershipTests.test_complete_integer_leaf_families) ... ok
2026-10-10T06:24:45.3821637Z test_fixed_prefix_holes_are_rejected (test_transport_bounds.OwnershipTests.test_fixed_prefix_holes_are_rejected) ... ok
2026-10-10T06:24:45.5443560Z test_cut_bound_for_integer_log_concave_sequences (test_transport_bounds.PathBoundsTests.test_cut_bound_for_integer_log_concave_sequences) ... ok
2026-10-10T06:24:45.5462634Z test_quadratic_order_and_single_edge_sharpness (test_transport_bounds.PathBoundsTests.test_quadratic_order_and_single_edge_sharpness) ... ok
2026-10-10T06:24:45.6378573Z test_rational_scales_and_hard_zero_endpoints (test_transport_bounds.PathBoundsTests.test_rational_scales_and_hard_zero_endpoints) ... ok
2026-10-10T06:24:45.6379459Z test_support_and_log_concavity_negative_controls (test_transport_bounds.PathBoundsTests.test_support_and_log_concavity_negative_controls) ... ok
2026-10-10T06:24:45.6380497Z test_configuration_rejects_excess_output_and_invalid_counts (test_worker_library_benchmarks.WorkerLibraryBenchmarks.test_configuration_rejects_excess_output_and_invalid_counts) ... ok
2026-10-10T06:24:45.6385943Z test_exact_law_distinguishes_uniform_aggregate_tables (test_worker_library_benchmarks.WorkerLibraryBenchmarks.test_exact_law_distinguishes_uniform_aggregate_tables) ... ok
2026-10-10T06:24:45.6389765Z test_last_case_last_repetition_accepts_exact_r_seed_boundary (test_worker_library_benchmarks.WorkerLibraryBenchmarks.test_last_case_last_repetition_accepts_exact_r_seed_boundary) ... skipped 'optional Rscript unavailable'
2026-10-10T06:24:45.6391597Z test_margin_validation_checks_shape_integer_and_totals (test_worker_library_benchmarks.WorkerLibraryBenchmarks.test_margin_validation_checks_shape_integer_and_totals) ... ok
2026-10-10T06:24:45.6394839Z test_measured_phases_are_recorded_separately (test_worker_library_benchmarks.WorkerLibraryBenchmarks.test_measured_phases_are_recorded_separately) ... ok
2026-10-10T06:24:45.6411426Z test_nonseparable_moment_formula_matches_fiber_enumeration (test_worker_library_benchmarks.WorkerLibraryBenchmarks.test_nonseparable_moment_formula_matches_fiber_enumeration) ... ok
2026-10-10T06:24:45.6419357Z test_optional_dependencies_are_skipped_with_reasons (test_worker_library_benchmarks.WorkerLibraryBenchmarks.test_optional_dependencies_are_skipped_with_reasons) ... ok
2026-10-10T06:24:45.6421979Z test_r_real_api_and_small_fiber_readback (test_worker_library_benchmarks.WorkerLibraryBenchmarks.test_r_real_api_and_small_fiber_readback) ... skipped 'optional Rscript unavailable'
2026-10-10T06:24:45.6423626Z test_scipy_all_small_fiber_probabilities (test_worker_library_benchmarks.WorkerLibraryBenchmarks.test_scipy_all_small_fiber_probabilities) ... skipped 'optional SciPy not installed'
2026-10-10T06:24:45.6428142Z test_seed_overflow_rejected_before_dependency_discovery (test_worker_library_benchmarks.WorkerLibraryBenchmarks.test_seed_overflow_rejected_before_dependency_discovery) ... ok
2026-10-10T06:24:45.6429457Z test_work_caps_preserve_skewed_large_total_shortcut (test_worker_library_benchmarks.WorkerLibraryBenchmarks.test_work_caps_preserve_skewed_large_total_shortcut) ... ok
2026-10-10T06:24:45.6532049Z test_every_three_by_two_margin_pair_up_to_four_workers (test_workers.WorkerExactLawTests.test_every_three_by_two_margin_pair_up_to_four_workers) ... ok
2026-10-10T06:24:45.6625846Z test_every_two_by_three_margin_pair_up_to_four_workers (test_workers.WorkerExactLawTests.test_every_two_by_three_margin_pair_up_to_four_workers) ... ok
2026-10-10T06:24:45.6667607Z test_three_by_three_multistage_decision_tree (test_workers.WorkerExactLawTests.test_three_by_three_multistage_decision_tree) ... ok
2026-10-10T06:24:45.6669326Z test_worker_law_is_not_uniform_table_law (test_workers.WorkerExactLawTests.test_worker_law_is_not_uniform_table_law) ... ok
2026-10-10T06:24:45.6671219Z test_additive_row_column_observable_has_zero_variance (test_workers.WorkerMomentTests.test_additive_row_column_observable_has_zero_variance) ... ok
2026-10-10T06:24:45.6820935Z test_general_signed_rational_moments_match_independent_enumeration (test_workers.WorkerMomentTests.test_general_signed_rational_moments_match_independent_enumeration) ... ok
2026-10-10T06:24:45.6821926Z test_huge_binary_margins_need_no_worker_loop (test_workers.WorkerMomentTests.test_huge_binary_margins_need_no_worker_loop) ... ok
2026-10-10T06:24:45.6822789Z test_rejects_incompatible_shape_floats_and_work_budget (test_workers.WorkerMomentTests.test_rejects_incompatible_shape_floats_and_work_budget) ... ok
2026-10-10T06:24:45.6823799Z test_bounds_activities_and_problem_objects_are_not_accepted (test_workers.WorkerValidationTests.test_bounds_activities_and_problem_objects_are_not_accepted) ... ok
2026-10-10T06:24:45.6827699Z test_budget_rejection_precedes_rng_and_dense_output_allocation (test_workers.WorkerValidationTests.test_budget_rejection_precedes_rng_and_dense_output_allocation) ... ok
2026-10-10T06:24:45.6828431Z test_deterministic_large_counts_and_zero_margins (test_workers.WorkerValidationTests.test_deterministic_large_counts_and_zero_margins) ... ok
2026-10-10T06:24:45.6829100Z test_inputs_copied_and_samples_have_no_shared_mutable_state (test_workers.WorkerValidationTests.test_inputs_copied_and_samples_have_no_shared_mutable_state) ... ok
2026-10-10T06:24:45.6829696Z test_invalid_rng_results_raise (test_workers.WorkerValidationTests.test_invalid_rng_results_raise) ... ok
2026-10-10T06:24:45.6830274Z test_largest_row_saved_and_remaining_category_shortcut (test_workers.WorkerValidationTests.test_largest_row_saved_and_remaining_category_shortcut) ... ok
2026-10-10T06:24:45.6831611Z test_malformed_margins_and_budgets (test_workers.WorkerValidationTests.test_malformed_margins_and_budgets) ... ok
2026-10-10T06:24:45.7695225Z test_moderate_count_case_needs_no_completion_dp (test_workers.WorkerValidationTests.test_moderate_count_case_needs_no_completion_dp) ... ok
2026-10-10T06:24:45.7695779Z 
2026-10-10T06:24:45.7695935Z ----------------------------------------------------------------------
2026-10-10T06:24:45.7696273Z Ran 299 tests in 8.059s
2026-10-10T06:24:45.7696391Z 
2026-10-10T06:24:45.7696476Z OK (skipped=3)
2026-10-10T06:24:45.8007677Z ##[group]Run python scripts/claims_ledger.py --check-readme
2026-10-10T06:24:45.8007950Z [36;1mpython scripts/claims_ledger.py --check-readme[0m
2026-10-10T06:24:45.8061359Z shell: /usr/bin/bash -e {0}
2026-10-10T06:24:45.8061495Z env:
2026-10-10T06:24:45.8061649Z   pythonLocation: /opt/hostedtoolcache/Python/3.13.16/x64
2026-10-10T06:24:45.8061892Z   PKG_CONFIG_PATH: /opt/hostedtoolcache/Python/3.13.16/x64/lib/pkgconfig
2026-10-10T06:24:45.8062129Z   Python_ROOT_DIR: /opt/hostedtoolcache/Python/3.13.16/x64
2026-10-10T06:24:45.8062345Z   Python2_ROOT_DIR: /opt/hostedtoolcache/Python/3.13.16/x64
2026-10-10T06:24:45.8062560Z   Python3_ROOT_DIR: /opt/hostedtoolcache/Python/3.13.16/x64
2026-10-10T06:24:45.8062779Z   LD_LIBRARY_PATH: /opt/hostedtoolcache/Python/3.13.16/x64/lib
2026-10-10T06:24:45.8062963Z ##[endgroup]
2026-10-10T06:24:46.1332138Z ##[group]Run python 115/audit115.py --output /tmp/audit115-rerun.json
2026-10-10T06:24:46.1332458Z [36;1mpython 115/audit115.py --output /tmp/audit115-rerun.json[0m
2026-10-10T06:24:46.1385476Z shell: /usr/bin/bash -e {0}
2026-10-10T06:24:46.1385616Z env:
2026-10-10T06:24:46.1385773Z   pythonLocation: /opt/hostedtoolcache/Python/3.13.16/x64
2026-10-10T06:24:46.1386022Z   PKG_CONFIG_PATH: /opt/hostedtoolcache/Python/3.13.16/x64/lib/pkgconfig
2026-10-10T06:24:46.1386261Z   Python_ROOT_DIR: /opt/hostedtoolcache/Python/3.13.16/x64
2026-10-10T06:24:46.1386475Z   Python2_ROOT_DIR: /opt/hostedtoolcache/Python/3.13.16/x64
2026-10-10T06:24:46.1386686Z   Python3_ROOT_DIR: /opt/hostedtoolcache/Python/3.13.16/x64
2026-10-10T06:24:46.1386902Z   LD_LIBRARY_PATH: /opt/hostedtoolcache/Python/3.13.16/x64/lib
2026-10-10T06:24:46.1387084Z ##[endgroup]
2026-10-10T06:24:46.3741569Z {
2026-10-10T06:24:46.3761169Z   "output": "/tmp/audit115-rerun.json",
2026-10-10T06:24:46.3811121Z   "parameter_cases": 100,
2026-10-10T06:24:46.3821116Z   "path_sequences": 896,
2026-10-10T06:24:46.3840884Z   "integer_leaf_edges": 2968,
2026-10-10T06:24:46.3841129Z   "spectral_instances": 5,
2026-10-10T06:24:46.3841366Z   "elapsed_seconds": 0.15472081100000423
2026-10-10T06:24:46.3841594Z }
2026-10-10T06:24:46.3934283Z ##[group]Run python scripts/verify_sources.py --bundle-only
2026-10-10T06:24:46.3934536Z [36;1mpython scripts/verify_sources.py --bundle-only[0m
2026-10-10T06:24:46.3986199Z shell: /usr/bin/bash -e {0}
2026-10-10T06:24:46.3986337Z env:
2026-10-10T06:24:46.3986484Z   pythonLocation: /opt/hostedtoolcache/Python/3.13.16/x64
2026-10-10T06:24:46.3986720Z   PKG_CONFIG_PATH: /opt/hostedtoolcache/Python/3.13.16/x64/lib/pkgconfig
2026-10-10T06:24:46.3986954Z   Python_ROOT_DIR: /opt/hostedtoolcache/Python/3.13.16/x64
2026-10-10T06:24:46.3987166Z   Python2_ROOT_DIR: /opt/hostedtoolcache/Python/3.13.16/x64
2026-10-10T06:24:46.3987373Z   Python3_ROOT_DIR: /opt/hostedtoolcache/Python/3.13.16/x64
2026-10-10T06:24:46.3987582Z   LD_LIBRARY_PATH: /opt/hostedtoolcache/Python/3.13.16/x64/lib
2026-10-10T06:24:46.3987761Z ##[endgroup]
2026-10-10T06:24:46.4400993Z {
2026-10-10T06:24:46.4401268Z   "bundle_sha256_verified": 5
2026-10-10T06:24:46.4401540Z }
2026-10-10T06:24:46.4480103Z ##[group]Run python experiments/independent_crosscheck.py --output /tmp/independent-crosscheck.json
2026-10-10T06:24:46.4480512Z [36;1mpython experiments/independent_crosscheck.py --output /tmp/independent-crosscheck.json[0m
2026-10-10T06:24:46.4532782Z shell: /usr/bin/bash -e {0}
2026-10-10T06:24:46.4532922Z env:
2026-10-10T06:24:46.4533073Z   pythonLocation: /opt/hostedtoolcache/Python/3.13.16/x64
2026-10-10T06:24:46.4533316Z   PKG_CONFIG_PATH: /opt/hostedtoolcache/Python/3.13.16/x64/lib/pkgconfig
2026-10-10T06:24:46.4533555Z   Python_ROOT_DIR: /opt/hostedtoolcache/Python/3.13.16/x64
2026-10-10T06:24:46.4533768Z   Python2_ROOT_DIR: /opt/hostedtoolcache/Python/3.13.16/x64
2026-10-10T06:24:46.4533981Z   Python3_ROOT_DIR: /opt/hostedtoolcache/Python/3.13.16/x64
2026-10-10T06:24:46.4534197Z   LD_LIBRARY_PATH: /opt/hostedtoolcache/Python/3.13.16/x64/lib
2026-10-10T06:24:46.4534379Z ##[endgroup]
2026-10-10T06:24:46.6669641Z {
2026-10-10T06:24:46.6670241Z   "status": "passed",
2026-10-10T06:24:46.6670445Z   "counts": {
2026-10-10T06:24:46.6670578Z     "random_constraint_cases": 160,
2026-10-10T06:24:46.6670911Z     "empty_fibers": 20,
2026-10-10T06:24:46.6671059Z     "verified_infeasibility_cuts": 14,
2026-10-10T06:24:46.6671216Z     "verified_optimal_endpoints": 280,
2026-10-10T06:24:46.6671382Z     "altered_bound_certificates_rejected": 280,
2026-10-10T06:24:46.6671550Z     "exact_weighted_kernels": 67,
2026-10-10T06:24:46.6671701Z     "zero_mass_targets": 73,
2026-10-10T06:24:46.6671853Z     "exhaustive_3x3_support_catalogs": 512,
2026-10-10T06:24:46.6672019Z     "complete_4x4_cycles": 204
2026-10-10T06:24:46.6672149Z   }
2026-10-10T06:24:46.6672248Z }
2026-10-10T06:24:46.6778105Z ##[group]Run PYTHONPATH=src python -S experiments/cycle_mixtures.py --replay reports/cycle-mixtures.json
2026-10-10T06:24:46.6778528Z [36;1mPYTHONPATH=src python -S experiments/cycle_mixtures.py --replay reports/cycle-mixtures.json[0m
2026-10-10T06:24:46.6832711Z shell: /usr/bin/bash -e {0}
2026-10-10T06:24:46.6832854Z env:
2026-10-10T06:24:46.6833012Z   pythonLocation: /opt/hostedtoolcache/Python/3.13.16/x64
2026-10-10T06:24:46.6833254Z   PKG_CONFIG_PATH: /opt/hostedtoolcache/Python/3.13.16/x64/lib/pkgconfig
2026-10-10T06:24:46.6833493Z   Python_ROOT_DIR: /opt/hostedtoolcache/Python/3.13.16/x64
2026-10-10T06:24:46.6833713Z   Python2_ROOT_DIR: /opt/hostedtoolcache/Python/3.13.16/x64
2026-10-10T06:24:46.6833934Z   Python3_ROOT_DIR: /opt/hostedtoolcache/Python/3.13.16/x64
2026-10-10T06:24:46.6834154Z   LD_LIBRARY_PATH: /opt/hostedtoolcache/Python/3.13.16/x64/lib
2026-10-10T06:24:46.6834338Z ##[endgroup]
2026-10-10T06:24:49.4650302Z {
2026-10-10T06:24:49.4650826Z   "verified_gap_intervals": 8,
2026-10-10T06:24:49.4651095Z   "verified_family_upper_bounds": 4,
2026-10-10T06:24:49.4651329Z   "verified_strict_improvements": 6,
2026-10-10T06:24:49.4651544Z   "intervals": {
2026-10-10T06:24:49.4651723Z     "uniform_tables": {
2026-10-10T06:24:49.4651918Z       "equal_rectangles": {
2026-10-10T06:24:49.4652142Z         "lower_float64_display": 0.103869,
2026-10-10T06:24:49.4652389Z         "upper_float64_display": 0.10387023209121576
2026-10-10T06:24:49.4652623Z       },
2026-10-10T06:24:49.4652786Z       "tuned_rectangles": {
2026-10-10T06:24:49.4652994Z         "lower_float64_display": 0.164036,
2026-10-10T06:24:49.4653240Z         "upper_float64_display": 0.16403716288355116,
2026-10-10T06:24:49.4653539Z         "all_allowed_mixtures_upper_float64_display": 0.164046117414259
2026-10-10T06:24:49.4653807Z       },
2026-10-10T06:24:49.4653970Z       "equal_simple_cycles": {
2026-10-10T06:24:49.4654177Z         "lower_float64_display": 0.097826,
2026-10-10T06:24:49.4654428Z         "upper_float64_display": 0.0978275415725478
2026-10-10T06:24:49.4654663Z       },
2026-10-10T06:24:49.4654832Z       "tuned_simple_cycles": {
2026-10-10T06:24:49.4655055Z         "lower_float64_display": 0.169974,
2026-10-10T06:24:49.4655307Z         "upper_float64_display": 0.16997546269570155,
2026-10-10T06:24:49.4655626Z         "all_allowed_mixtures_upper_float64_display": 0.16997812992983594
2026-10-10T06:24:49.4655918Z       }
2026-10-10T06:24:49.4656074Z     },
2026-10-10T06:24:49.4656247Z     "conditional_poisson": {
2026-10-10T06:24:49.4656460Z       "equal_rectangles": {
2026-10-10T06:24:49.4656673Z         "lower_float64_display": 0.111515,
2026-10-10T06:24:49.4656924Z         "upper_float64_display": 0.11151639753948363
2026-10-10T06:24:49.4657160Z       },
2026-10-10T06:24:49.4657329Z       "tuned_rectangles": {
2026-10-10T06:24:49.4657541Z         "lower_float64_display": 0.176501,
2026-10-10T06:24:49.4657792Z         "upper_float64_display": 0.17650211810357713,
2026-10-10T06:24:49.4658108Z         "all_allowed_mixtures_upper_float64_display": 0.17650653395062768
2026-10-10T06:24:49.4658395Z       },
2026-10-10T06:24:49.4658572Z       "equal_simple_cycles": {
2026-10-10T06:24:49.4658720Z         "lower_float64_display": 0.104207,
2026-10-10T06:24:49.4658883Z         "upper_float64_display": 0.10420836153286263
2026-10-10T06:24:49.4659458Z       },
2026-10-10T06:24:49.4659565Z       "tuned_simple_cycles": {
2026-10-10T06:24:49.4659708Z         "lower_float64_display": 0.18358,
2026-10-10T06:24:49.4659873Z         "upper_float64_display": 0.18358187818894106,
2026-10-10T06:24:49.4660069Z         "all_allowed_mixtures_upper_float64_display": 0.18358337881682502
2026-10-10T06:24:49.4660251Z       }
2026-10-10T06:24:49.4660352Z     }
2026-10-10T06:24:49.4660454Z   }
2026-10-10T06:24:49.4660552Z }
2026-10-10T06:24:49.4773030Z ##[group]Run python examples/sparse_commute.py --output /tmp/sparse-commute.json
2026-10-10T06:24:49.4773555Z [36;1mpython examples/sparse_commute.py --output /tmp/sparse-commute.json[0m
2026-10-10T06:24:49.4827802Z shell: /usr/bin/bash -e {0}
2026-10-10T06:24:49.4828020Z env:
2026-10-10T06:24:49.4828234Z   pythonLocation: /opt/hostedtoolcache/Python/3.13.16/x64
2026-10-10T06:24:49.4828483Z   PKG_CONFIG_PATH: /opt/hostedtoolcache/Python/3.13.16/x64/lib/pkgconfig
2026-10-10T06:24:49.4828731Z   Python_ROOT_DIR: /opt/hostedtoolcache/Python/3.13.16/x64
2026-10-10T06:24:49.4828944Z   Python2_ROOT_DIR: /opt/hostedtoolcache/Python/3.13.16/x64
2026-10-10T06:24:49.4829156Z   Python3_ROOT_DIR: /opt/hostedtoolcache/Python/3.13.16/x64
2026-10-10T06:24:49.4829367Z   LD_LIBRARY_PATH: /opt/hostedtoolcache/Python/3.13.16/x64/lib
2026-10-10T06:24:49.4829545Z ##[endgroup]
2026-10-10T06:24:49.6663679Z {
2026-10-10T06:24:49.6663963Z   "output": "/tmp/sparse-commute.json",
2026-10-10T06:24:49.6664288Z   "feasible_table_count": 42,
2026-10-10T06:24:49.6664482Z   "conditional_poisson_normalizer": "582288",
2026-10-10T06:24:49.6664649Z   "uniform_metric_mean": "18700",
2026-10-10T06:24:49.6664824Z   "conditional_poisson_metric_mean": "196016150/12131",
2026-10-10T06:24:49.6665003Z   "minimum_metric": "9460",
2026-10-10T06:24:49.6665145Z   "maximum_metric": "25080"
2026-10-10T06:24:49.6665268Z }
2026-10-10T06:24:49.6765445Z ##[group]Run python examples/linear_metric_bounds.py --output /tmp/linear-bounds.json
2026-10-10T06:24:49.6765819Z [36;1mpython examples/linear_metric_bounds.py --output /tmp/linear-bounds.json[0m
2026-10-10T06:24:49.6819259Z shell: /usr/bin/bash -e {0}
2026-10-10T06:24:49.6819396Z env:
2026-10-10T06:24:49.6819549Z   pythonLocation: /opt/hostedtoolcache/Python/3.13.16/x64
2026-10-10T06:24:49.6819789Z   PKG_CONFIG_PATH: /opt/hostedtoolcache/Python/3.13.16/x64/lib/pkgconfig
2026-10-10T06:24:49.6820062Z   Python_ROOT_DIR: /opt/hostedtoolcache/Python/3.13.16/x64
2026-10-10T06:24:49.6820278Z   Python2_ROOT_DIR: /opt/hostedtoolcache/Python/3.13.16/x64
2026-10-10T06:24:49.6820490Z   Python3_ROOT_DIR: /opt/hostedtoolcache/Python/3.13.16/x64
2026-10-10T06:24:49.6820784Z   LD_LIBRARY_PATH: /opt/hostedtoolcache/Python/3.13.16/x64/lib
2026-10-10T06:24:49.6820966Z ##[endgroup]
2026-10-10T06:24:49.7269185Z Certified range: 9460 .. 25080 vehicle_miles_per_year
2026-10-10T06:24:49.7269493Z Report: /tmp/linear-bounds.json
2026-10-10T06:24:49.7395045Z Post job cleanup.
2026-10-10T06:24:49.8175280Z (node:2165) [DEP0040] DeprecationWarning: The `punycode` module is deprecated. Please use a userland alternative instead.
2026-10-10T06:24:49.8175758Z (Use `node --trace-deprecation ...` to show where the warning was created)
2026-10-10T06:24:49.8318353Z Post job cleanup.
2026-10-10T06:24:49.8901683Z [command]/usr/bin/git version
2026-10-10T06:24:49.8924689Z git version 2.55.0
2026-10-10T06:24:49.8947842Z Temporarily overriding HOME='/home/runner/work/_temp/b4c44eb8-a666-40fe-b9e6-3803b4565642' before making global git config changes
2026-10-10T06:24:49.8948575Z Adding repository directory to the temporary git global config as a safe directory
2026-10-10T06:24:49.8951537Z [command]/usr/bin/git config --global --add safe.directory /home/runner/work/contingency-tables/contingency-tables
2026-10-10T06:24:49.8983289Z [command]/usr/bin/git config --local --name-only --get-regexp core\.sshCommand
2026-10-10T06:24:49.9014241Z [command]/usr/bin/git submodule foreach --recursive sh -c "git config --local --name-only --get-regexp 'core\.sshCommand' && git config --local --unset-all 'core.sshCommand' || :"
2026-10-10T06:24:49.9228515Z [command]/usr/bin/git config --local --name-only --get-regexp http\.https\:\/\/github\.com\/\.extraheader
2026-10-10T06:24:49.9255557Z http.https://github.com/.extraheader
2026-10-10T06:24:49.9269917Z [command]/usr/bin/git config --local --unset-all http.https://github.com/.extraheader
2026-10-10T06:24:49.9296541Z [command]/usr/bin/git submodule foreach --recursive sh -c "git config --local --name-only --get-regexp 'http\.https\:\/\/github\.com\/\.extraheader' && git config --local --unset-all 'http.https://github.com/.extraheader' || :"
2026-10-10T06:24:49.9502827Z [command]/usr/bin/git config --local --name-only --get-regexp ^includeIf\.gitdir:
2026-10-10T06:24:49.9533651Z [command]/usr/bin/git submodule foreach --recursive git config --local --show-origin --name-only --get-regexp remote.origin.url
2026-10-10T06:24:49.9837626Z Cleaning up orphan processes
2026-10-10T06:24:50.0035057Z ##[warning]Node.js 20 is deprecated. The following actions target Node.js 20 but are being forced to run on Node.js 24: actions/checkout@v4, actions/setup-python@v5. For more information see: https://github.blog/changelog/2025-09-19-deprecation-of-node-20-on-github-actions-runners/
