2026-10-10T06:24:24.0574737Z Current runner version: '2.337.0'
2026-10-10T06:24:24.0600491Z ##[group]Runner Image Provisioner
2026-10-10T06:24:24.0601426Z Hosted Compute Agent
2026-10-10T06:24:24.0602333Z Version: 20261002.596
2026-10-10T06:24:24.0603081Z Commit: c3d12f3313a95f25162a1503be624f3b0617f8c0
2026-10-10T06:24:24.0603858Z Build Date: 2026-10-02T22:28:27Z
2026-10-10T06:24:24.0604602Z Worker ID: {57680969-d0c5-44b2-94eb-6cf82d29ce49}
2026-10-10T06:24:24.0605377Z Region: westus
2026-10-10T06:24:24.0605919Z Cloud: Azure
2026-10-10T06:24:24.0606523Z ##[endgroup]
2026-10-10T06:24:24.0608199Z ##[group]Operating System
2026-10-10T06:24:24.0608993Z Ubuntu
2026-10-10T06:24:24.0609607Z 24.04.5
2026-10-10T06:24:24.0610126Z LTS
2026-10-10T06:24:24.0610698Z ##[endgroup]
2026-10-10T06:24:24.0611289Z ##[group]Runner Image
2026-10-10T06:24:24.0612704Z Image: ubuntu-24.04
2026-10-10T06:24:24.0613485Z Version: 20261004.327.1
2026-10-10T06:24:24.0614774Z Included Software: https://github.com/actions/runner-images/blob/ubuntu24/20261004.327/images/ubuntu/Ubuntu2404-Readme.md
2026-10-10T06:24:24.0616455Z Image Release: https://github.com/actions/runner-images/releases/tag/ubuntu24%2F20261004.327
2026-10-10T06:24:24.0617503Z ##[endgroup]
2026-10-10T06:24:24.0618630Z ##[group]GITHUB_TOKEN Permissions
2026-10-10T06:24:24.0620979Z Contents: read
2026-10-10T06:24:24.0621660Z Metadata: read
2026-10-10T06:24:24.0622475Z ##[endgroup]
2026-10-10T06:24:24.0624883Z Secret source: Actions
2026-10-10T06:24:24.0625843Z Cache mode: write
2026-10-10T06:24:24.0626692Z Prepare workflow directory
2026-10-10T06:24:24.1024274Z Prepare all required actions
2026-10-10T06:24:24.1093537Z Getting action download info
2026-10-10T06:24:24.4558234Z Download action repository 'actions/checkout@v4' (SHA:11d5960a326750d5838078e36cf38b85af677262)
2026-10-10T06:24:24.5716348Z Download action repository 'actions/setup-python@v5' (SHA:a26af69be951a213d495a4c3e4e4022e16d87065)
2026-10-10T06:24:24.7575951Z Complete job name: exact-tests (3.10)
2026-10-10T06:24:24.8397787Z ##[group]Run actions/checkout@v4
2026-10-10T06:24:24.8398699Z with:
2026-10-10T06:24:24.8399187Z   repository: EcoDataLab/contingency-tables
2026-10-10T06:24:24.8403404Z   token: ***
2026-10-10T06:24:24.8403854Z   ssh-strict: true
2026-10-10T06:24:24.8404302Z   ssh-user: git
2026-10-10T06:24:24.8404752Z   persist-credentials: true
2026-10-10T06:24:24.8405235Z   clean: true
2026-10-10T06:24:24.8405679Z   sparse-checkout-cone-mode: true
2026-10-10T06:24:24.8406198Z   fetch-depth: 1
2026-10-10T06:24:24.8406624Z   fetch-tags: false
2026-10-10T06:24:24.8407056Z   show-progress: true
2026-10-10T06:24:24.8407498Z   lfs: false
2026-10-10T06:24:24.8407906Z   submodules: false
2026-10-10T06:24:24.8408348Z   set-safe-directory: true
2026-10-10T06:24:24.8408843Z   allow-unsafe-pr-checkout: false
2026-10-10T06:24:24.8409669Z ##[endgroup]
2026-10-10T06:24:24.9453735Z Syncing repository: EcoDataLab/contingency-tables
2026-10-10T06:24:24.9456338Z ##[group]Getting Git version info
2026-10-10T06:24:24.9457686Z Working directory is '/home/runner/work/contingency-tables/contingency-tables'
2026-10-10T06:24:24.9459457Z [command]/usr/bin/git version
2026-10-10T06:24:24.9518982Z git version 2.55.0
2026-10-10T06:24:24.9542973Z ##[endgroup]
2026-10-10T06:24:24.9569168Z Temporarily overriding HOME='/home/runner/work/_temp/5ee9e260-46b9-42ad-9788-cb728a24f3a9' before making global git config changes
2026-10-10T06:24:24.9570541Z Adding repository directory to the temporary git global config as a safe directory
2026-10-10T06:24:24.9576934Z [command]/usr/bin/git config --global --add safe.directory /home/runner/work/contingency-tables/contingency-tables
2026-10-10T06:24:24.9639683Z Deleting the contents of '/home/runner/work/contingency-tables/contingency-tables'
2026-10-10T06:24:24.9644125Z ##[group]Initializing the repository
2026-10-10T06:24:24.9648039Z [command]/usr/bin/git init /home/runner/work/contingency-tables/contingency-tables
2026-10-10T06:24:24.9739769Z hint: Using 'master' as the name for the initial branch. This default branch name
2026-10-10T06:24:24.9741566Z hint: will change to "main" in Git 3.0. To configure the initial branch name
2026-10-10T06:24:24.9743102Z hint: to use in all of your new repositories, which will suppress this warning,
2026-10-10T06:24:24.9744051Z hint: call:
2026-10-10T06:24:24.9744473Z hint:
2026-10-10T06:24:24.9745152Z hint: 	git config --global init.defaultBranch <name>
2026-10-10T06:24:24.9745805Z hint:
2026-10-10T06:24:24.9746681Z hint: Names commonly chosen instead of 'master' are 'main', 'trunk' and
2026-10-10T06:24:24.9748371Z hint: 'development'. The just-created branch can be renamed via this command:
2026-10-10T06:24:24.9749643Z hint:
2026-10-10T06:24:24.9750335Z hint: 	git branch -m <name>
2026-10-10T06:24:24.9751160Z hint:
2026-10-10T06:24:24.9752457Z hint: Disable this message with "git config set advice.defaultBranchName false"
2026-10-10T06:24:24.9754536Z Initialized empty Git repository in /home/runner/work/contingency-tables/contingency-tables/.git/
2026-10-10T06:24:24.9764529Z [command]/usr/bin/git remote add origin https://github.com/EcoDataLab/contingency-tables
2026-10-10T06:24:24.9816689Z ##[endgroup]
2026-10-10T06:24:24.9817642Z ##[group]Disabling automatic garbage collection
2026-10-10T06:24:24.9821954Z [command]/usr/bin/git config --local gc.auto 0
2026-10-10T06:24:24.9857856Z ##[endgroup]
2026-10-10T06:24:24.9859194Z ##[group]Setting up auth
2026-10-10T06:24:24.9866237Z [command]/usr/bin/git config --local --name-only --get-regexp core\.sshCommand
2026-10-10T06:24:24.9901587Z [command]/usr/bin/git submodule foreach --recursive sh -c "git config --local --name-only --get-regexp 'core\.sshCommand' && git config --local --unset-all 'core.sshCommand' || :"
2026-10-10T06:24:25.0310742Z [command]/usr/bin/git config --local --name-only --get-regexp http\.https\:\/\/github\.com\/\.extraheader
2026-10-10T06:24:25.0372286Z [command]/usr/bin/git submodule foreach --recursive sh -c "git config --local --name-only --get-regexp 'http\.https\:\/\/github\.com\/\.extraheader' && git config --local --unset-all 'http.https://github.com/.extraheader' || :"
2026-10-10T06:24:25.0614858Z [command]/usr/bin/git config --local --name-only --get-regexp ^includeIf\.gitdir:
2026-10-10T06:24:25.0652541Z [command]/usr/bin/git submodule foreach --recursive git config --local --show-origin --name-only --get-regexp remote.origin.url
2026-10-10T06:24:25.0885993Z [command]/usr/bin/git config --local http.https://github.com/.extraheader AUTHORIZATION: basic ***
2026-10-10T06:24:25.0928291Z ##[endgroup]
2026-10-10T06:24:25.0929134Z ##[group]Fetching the repository
2026-10-10T06:24:25.0938755Z [command]/usr/bin/git -c protocol.version=2 fetch --no-tags --prune --no-recurse-submodules --depth=1 origin +df469a50e32c652093bac17a031b5c2ae6bd8af7:refs/remotes/origin/main
2026-10-10T06:24:26.4844986Z From https://github.com/EcoDataLab/contingency-tables
2026-10-10T06:24:26.4847653Z  * [new ref]         df469a50e32c652093bac17a031b5c2ae6bd8af7 -> origin/main
2026-10-10T06:24:26.4851444Z ##[endgroup]
2026-10-10T06:24:26.4853527Z ##[group]Determining the checkout info
2026-10-10T06:24:26.4855268Z ##[endgroup]
2026-10-10T06:24:26.4858181Z [command]/usr/bin/git sparse-checkout disable
2026-10-10T06:24:26.4914875Z [command]/usr/bin/git config --local --unset-all extensions.worktreeConfig
2026-10-10T06:24:26.4948736Z ##[group]Checking out the ref
2026-10-10T06:24:26.4951681Z [command]/usr/bin/git checkout --progress --force -B main refs/remotes/origin/main
2026-10-10T06:24:26.5985451Z Switched to a new branch 'main'
2026-10-10T06:24:26.5990683Z branch 'main' set up to track 'origin/main'.
2026-10-10T06:24:26.6007953Z ##[endgroup]
2026-10-10T06:24:26.6056024Z [command]/usr/bin/git log -1 --format=%H
2026-10-10T06:24:26.6085693Z df469a50e32c652093bac17a031b5c2ae6bd8af7
2026-10-10T06:24:26.6485175Z ##[group]Run actions/setup-python@v5
2026-10-10T06:24:26.6486503Z with:
2026-10-10T06:24:26.6487394Z   python-version: 3.10
2026-10-10T06:24:26.6488437Z   check-latest: false
2026-10-10T06:24:26.6499335Z   token: ***
2026-10-10T06:24:26.6500339Z   update-environment: true
2026-10-10T06:24:26.6501717Z   allow-prereleases: false
2026-10-10T06:24:26.6502981Z   freethreaded: false
2026-10-10T06:24:26.6503965Z ##[endgroup]
2026-10-10T06:24:26.7902236Z ##[group]Installed versions
2026-10-10T06:24:26.8022240Z (node:2269) [DEP0040] DeprecationWarning: The `punycode` module is deprecated. Please use a userland alternative instead.
2026-10-10T06:24:26.8026261Z (Use `node --trace-deprecation ...` to show where the warning was created)
2026-10-10T06:24:26.8028813Z Successfully set up CPython (3.10.22)
2026-10-10T06:24:26.8031524Z ##[endgroup]
2026-10-10T06:24:26.8344583Z ##[group]Run python -m pip install -e '.[research]'
2026-10-10T06:24:26.8345809Z [36;1mpython -m pip install -e '.[research]'[0m
2026-10-10T06:24:26.8628376Z shell: /usr/bin/bash -e {0}
2026-10-10T06:24:26.8629475Z env:
2026-10-10T06:24:26.8630555Z   pythonLocation: /opt/hostedtoolcache/Python/3.10.22/x64
2026-10-10T06:24:26.8632236Z   PKG_CONFIG_PATH: /opt/hostedtoolcache/Python/3.10.22/x64/lib/pkgconfig
2026-10-10T06:24:26.8634330Z   Python_ROOT_DIR: /opt/hostedtoolcache/Python/3.10.22/x64
2026-10-10T06:24:26.8636167Z   Python2_ROOT_DIR: /opt/hostedtoolcache/Python/3.10.22/x64
2026-10-10T06:24:26.8638200Z   Python3_ROOT_DIR: /opt/hostedtoolcache/Python/3.10.22/x64
2026-10-10T06:24:26.8640186Z   LD_LIBRARY_PATH: /opt/hostedtoolcache/Python/3.10.22/x64/lib
2026-10-10T06:24:26.8641521Z ##[endgroup]
2026-10-10T06:24:27.7755673Z Obtaining file:///home/runner/work/contingency-tables/contingency-tables
2026-10-10T06:24:27.7779139Z   Installing build dependencies: started
2026-10-10T06:24:28.8754642Z   Installing build dependencies: finished with status 'done'
2026-10-10T06:24:28.8761879Z   Checking if build backend supports build_editable: started
2026-10-10T06:24:29.2640417Z   Checking if build backend supports build_editable: finished with status 'done'
2026-10-10T06:24:29.2648999Z   Getting requirements to build editable: started
2026-10-10T06:24:29.5939902Z   Getting requirements to build editable: finished with status 'done'
2026-10-10T06:24:29.5950551Z   Preparing editable metadata (pyproject.toml): started
2026-10-10T06:24:29.7858112Z   Preparing editable metadata (pyproject.toml): finished with status 'done'
2026-10-10T06:24:30.2118017Z Collecting numpy>=1.24 (from contingency115==0.1.0)
2026-10-10T06:24:30.3093989Z   Downloading numpy-2.2.6-cp310-cp310-manylinux_2_17_x86_64.manylinux2014_x86_64.whl.metadata (62 kB)
2026-10-10T06:24:30.3613724Z Downloading numpy-2.2.6-cp310-cp310-manylinux_2_17_x86_64.manylinux2014_x86_64.whl (16.8 MB)
2026-10-10T06:24:30.6253827Z    ━━━━━━━━━━━━━━━━━━━━━━━━━━━━━━━━━━━━━━━━ 16.8/16.8 MB 75.5 MB/s  0:00:00
2026-10-10T06:24:30.6522203Z Building wheels for collected packages: contingency115
2026-10-10T06:24:30.6533306Z   Building editable for contingency115 (pyproject.toml): started
2026-10-10T06:24:30.8668590Z   Building editable for contingency115 (pyproject.toml): finished with status 'done'
2026-10-10T06:24:30.8674741Z   Created wheel for contingency115: filename=contingency115-0.1.0-0.editable-py3-none-any.whl size=14079 sha256=b70d580d02cd117bee1d39c269faf99333c5eb615a58abef5317a053b82115ad
2026-10-10T06:24:30.8677855Z   Stored in directory: /tmp/pip-ephem-wheel-cache-fwugwf0h/wheels/89/46/7f/f6252c2613f7ed47775c1e31a512015560c7ac0e9c1aaf2b59
2026-10-10T06:24:30.8694424Z Successfully built contingency115
2026-10-10T06:24:30.8989529Z Installing collected packages: numpy, contingency115
2026-10-10T06:24:32.8357299Z 
2026-10-10T06:24:32.8369533Z Successfully installed contingency115-0.1.0 numpy-2.2.6
2026-10-10T06:24:32.9064504Z ##[group]Run python -m unittest discover -s tests -v
2026-10-10T06:24:32.9064951Z [36;1mpython -m unittest discover -s tests -v[0m
2026-10-10T06:24:32.9131261Z shell: /usr/bin/bash -e {0}
2026-10-10T06:24:32.9131525Z env:
2026-10-10T06:24:32.9131802Z   pythonLocation: /opt/hostedtoolcache/Python/3.10.22/x64
2026-10-10T06:24:32.9132476Z   PKG_CONFIG_PATH: /opt/hostedtoolcache/Python/3.10.22/x64/lib/pkgconfig
2026-10-10T06:24:32.9132914Z   Python_ROOT_DIR: /opt/hostedtoolcache/Python/3.10.22/x64
2026-10-10T06:24:32.9133590Z   Python2_ROOT_DIR: /opt/hostedtoolcache/Python/3.10.22/x64
2026-10-10T06:24:32.9133998Z   Python3_ROOT_DIR: /opt/hostedtoolcache/Python/3.10.22/x64
2026-10-10T06:24:32.9134434Z   LD_LIBRARY_PATH: /opt/hostedtoolcache/Python/3.10.22/x64/lib
2026-10-10T06:24:32.9134785Z ##[endgroup]
2026-10-10T06:24:33.7916194Z test_blocks_can_regress_when_burn_in_is_cheap (test_block_budgets.BlockBudgetTests) ... ok
2026-10-10T06:24:33.7994421Z test_eighth_policy_reduces_total_work_against_quarter_on_reference_case (test_block_budgets.BlockBudgetTests) ... ok
2026-10-10T06:24:33.8426402Z test_exact_chebyshev_median_and_coupling_allocations (test_block_budgets.BlockBudgetTests) ... ok
2026-10-10T06:24:33.8783618Z test_exact_general_failure_targets_and_eighth_search_cap (test_block_budgets.BlockBudgetTests) ... ok
2026-10-10T06:24:33.8816610Z test_exact_lag_bounds_for_two_state_chains (test_block_budgets.BlockBudgetTests) ... ok
2026-10-10T06:24:34.4022364Z test_exact_majority_tail_and_minimal_odd_count (test_block_budgets.BlockBudgetTests) ... ok
2026-10-10T06:24:34.4205605Z test_finite_block_tails_and_independent_median_distribution (test_block_budgets.BlockBudgetTests) ... ok
2026-10-10T06:24:34.4210692Z test_independence_negative_controls (test_block_budgets.BlockBudgetTests) ... ok
2026-10-10T06:24:34.4217090Z test_input_validation_and_generic_support (test_block_budgets.BlockBudgetTests) ... ok
2026-10-10T06:24:34.4238911Z test_median_law_monotonicity_and_rounding_with_order_changes (test_block_budgets.BlockBudgetTests) ... ok
2026-10-10T06:24:34.4986573Z test_stationary_variance_against_full_finite_block_laws (test_block_budgets.BlockBudgetTests) ... ok
2026-10-10T06:24:34.5001509Z test_work_accounting_tracks_evaluation_tradeoff (test_block_budgets.BlockBudgetTests) ... ok
2026-10-10T06:24:34.5006308Z test_zero_height_and_one_observation_boundaries (test_block_budgets.BlockBudgetTests) ... ok
2026-10-10T06:24:34.6776609Z test_all_binary_two_by_three_supports_and_attainable_margins (test_block_sampler.BlockSamplerTests) ... ok
2026-10-10T06:24:34.7407468Z test_all_three_by_three_blocks_against_cycle_union_oracle (test_block_sampler.BlockSamplerTests) ... ok
2026-10-10T06:24:34.7576391Z test_bridge_between_components_and_cycle_dp_hybrid (test_block_sampler.BlockSamplerTests) ... ok
2026-10-10T06:24:34.8797732Z test_complex_blocks_share_articulation_and_fixed_chord (test_block_sampler.BlockSamplerTests) ... ok
2026-10-10T06:24:34.8830712Z test_correlated_uniform_marginals_do_not_satisfy_rng_contract (test_block_sampler.BlockSamplerTests) ... ok
2026-10-10T06:24:34.8855254Z test_disconnected_empty_and_zero_fibers (test_block_sampler.BlockSamplerTests) ... ok
2026-10-10T06:24:34.9066985Z test_exact_weighted_random_choice_tree (test_block_sampler.BlockSamplerTests) ... ok
2026-10-10T06:24:34.9199741Z test_huge_cycle_width_and_many_small_complex_blocks (test_block_sampler.BlockSamplerTests) ... ok
2026-10-10T06:24:35.0389973Z test_seeded_bounded_product_laws_and_zero_activities (test_block_sampler.BlockSamplerTests) ... ok
2026-10-10T06:24:35.0425041Z test_shared_and_per_block_dp_limits_are_distinct_and_sticky (test_block_sampler.BlockSamplerTests) ... ok
2026-10-10T06:24:35.0445128Z test_shared_cycle_preparation_limit_and_weight_preflight (test_block_sampler.BlockSamplerTests) ... ok
2026-10-10T06:24:35.0464338Z test_weighted_dp_failure_precedes_any_rng (test_block_sampler.BlockSamplerTests) ... ok
2026-10-10T06:24:35.0478596Z test_zero_mass_and_bad_inputs (test_block_sampler.BlockSamplerTests) ... ok
2026-10-10T06:24:35.0482611Z test_cost_and_domination_are_distinct (test_budgets.CorrectionTests) ... ok
2026-10-10T06:24:35.0497415Z test_count_bound_against_independent_enumeration (test_budgets.CorrectionTests) ... ok
2026-10-10T06:24:35.0528234Z test_gate_law_and_expected_reads_exhaustively (test_budgets.CorrectionTests) ... ok
2026-10-10T06:24:35.1843191Z test_residuals_and_mixture_on_all_small_dyadic_laws (test_budgets.CorrectionTests) ... ok
2026-10-10T06:24:35.1896314Z test_sharp_integer_domination_threshold (test_budgets.CorrectionTests) ... ok
2026-10-10T06:24:35.1933869Z test_actual_annealing_step_controls_counts_and_mass (test_budgets.CountingBudgetTests) ... ok
2026-10-10T06:24:35.1977664Z test_actual_rational_bisection_at_exponent_and_rounding_boundaries (test_budgets.CountingBudgetTests) ... ok
2026-10-10T06:24:35.2009916Z test_bernstein_variance_bound_is_attained_by_an_endpoint_law (test_budgets.CountingBudgetTests) ... ok
2026-10-10T06:24:35.2014639Z test_common_allocation_remains_available (test_budgets.CountingBudgetTests) ... ok
2026-10-10T06:24:35.2125563Z test_concentration_coupling_and_mixing_allocations (test_budgets.CountingBudgetTests) ... ok
2026-10-10T06:24:35.2129667Z test_correction_rounding_bounds_cover_the_larger_sigma_range (test_budgets.CountingBudgetTests) ... ok
2026-10-10T06:24:35.2134357Z test_custom_support_narrower_than_ratio_range (test_budgets.CountingBudgetTests) ... ok
2026-10-10T06:24:35.2135794Z test_extracted_counting_gap_constant (test_budgets.CountingBudgetTests) ... ok
2026-10-10T06:24:35.2184278Z test_product_policy_all_factors_at_boundary (test_budgets.CountingBudgetTests) ... ok
2026-10-10T06:24:35.2190399Z test_sharp_source_concentration_constants (test_budgets.CountingBudgetTests) ... ok
2026-10-10T06:24:35.2285400Z test_sharp_source_support_population_and_floor_bounds (test_budgets.CountingBudgetTests) ... ok
2026-10-10T06:24:35.2287512Z test_source_sigma_policy_compatibility (test_budgets.CountingBudgetTests) ... ok
2026-10-10T06:24:35.2646930Z test_logarithms_and_ceilings_without_float (test_budgets.ExactArithmeticTests) ... ok
2026-10-10T06:24:35.2653647Z test_reject_inexact_or_out_of_domain_inputs (test_budgets.ExactArithmeticTests) ... ok
2026-10-10T06:24:35.2675399Z test_dense_failure_uses_exact_survival_probability (test_budgets.SamplingBudgetTests) ... ok
2026-10-10T06:24:35.2676502Z test_generic_mass_and_gap_inputs (test_budgets.SamplingBudgetTests) ... ok
2026-10-10T06:24:35.3006447Z test_offset_formula_against_enumerated_actual_law (test_budgets.SamplingBudgetTests) ... ok
2026-10-10T06:24:35.3028194Z test_outer_three_independent_error_certificates (test_budgets.SamplingBudgetTests) ... ok
2026-10-10T06:24:35.3032218Z test_updated_denominator_allowance (test_budgets.SamplingBudgetTests) ... ok
2026-10-10T06:24:35.3035640Z test_cycle_rejected (test_build_lean_serial.GraphTests) ... ok
2026-10-10T06:24:35.3122238Z test_deep_graph_is_not_limited_by_python_recursion (test_build_lean_serial.GraphTests) ... ok
2026-10-10T06:24:35.3123629Z test_diamond_order_roots_and_external_boundary (test_build_lean_serial.GraphTests) ... ok
2026-10-10T06:24:35.3124907Z test_missing_source_propagates (test_build_lean_serial.GraphTests) ... ok
2026-10-10T06:24:35.3126487Z test_implicit_init_and_duplicates (test_build_lean_serial.HeaderTests) ... ok
2026-10-10T06:24:35.3129694Z test_invalid_header_modifiers_and_unclosed_header_comment (test_build_lean_serial.HeaderTests) ... ok
2026-10-10T06:24:35.3130896Z test_module_modifiers_and_same_line_imports (test_build_lean_serial.HeaderTests) ... ok
2026-10-10T06:24:35.3154692Z test_native_windows_import_and_explicit_cli_boundary (test_build_lean_serial.HeaderTests) ... ok
2026-10-10T06:24:35.3155725Z test_nested_comments_and_proof_body_are_not_imports (test_build_lean_serial.HeaderTests) ... ok
2026-10-10T06:24:35.3158222Z test_unsupported_imports_fail_instead_of_disappearing (test_build_lean_serial.HeaderTests) ... ok
2026-10-10T06:24:35.3187243Z test_dependencies_checked_then_single_explicit_module_target (test_build_lean_serial.SerialExecutionTests) ... ok
2026-10-10T06:24:35.3213647Z test_failed_module_stops_before_next_module (test_build_lean_serial.SerialExecutionTests) ... ok
2026-10-10T06:24:35.3227870Z test_interruption_does_not_record_a_success (test_build_lean_serial.SerialExecutionTests) ... ok
2026-10-10T06:24:35.3246592Z test_missing_dependency_blocks_compile (test_build_lean_serial.SerialExecutionTests) ... ok
2026-10-10T06:24:35.3266497Z test_source_change_during_dependency_check_blocks_compile (test_build_lean_serial.SerialExecutionTests) ... ok
2026-10-10T06:24:35.3278241Z test_source_removed_before_build_blocks_all_processes (test_build_lean_serial.SerialExecutionTests) ... ok
2026-10-10T06:24:35.5224745Z test_all_binary_two_by_three_supports_and_attainable_margins (test_cactus.CactusTests) ... ok
2026-10-10T06:24:35.6165756Z test_all_three_by_three_graphs_against_simple_cycle_oracle (test_cactus.CactusTests) ... ok
2026-10-10T06:24:35.6171486Z test_binary_encoded_huge_width_uses_mixed_radix (test_cactus.CactusTests) ... ok
2026-10-10T06:24:35.6220706Z test_cycles_can_share_vertices_and_fixed_chords_are_removed (test_cactus.CactusTests) ... ok
2026-10-10T06:24:35.6241219Z test_disconnected_cycles_bridges_and_positive_lower_bounds (test_cactus.CactusTests) ... ok
2026-10-10T06:24:35.6247903Z test_empty_zero_and_forest_fibers (test_cactus.CactusTests) ... ok
2026-10-10T06:24:35.6254026Z test_rank_parameters_and_structural_budgets (test_cactus.CactusTests) ... ok
2026-10-10T06:24:35.6297037Z test_storage_plan_with_large_rational_activity_coefficients (test_cactus.CactusTests) ... ok
2026-10-10T06:24:35.6308855Z test_weight_planner_rejects_before_weight_arithmetic_or_rng (test_cactus.CactusTests) ... ok
2026-10-10T06:24:35.6311932Z test_weighted_empty_and_validation (test_cactus.CactusTests) ... ok
2026-10-10T06:24:35.7349280Z test_weighted_factorization_against_seeded_dp (test_cactus.CactusTests) ... ok
2026-10-10T06:24:35.7362181Z test_weighted_random_choice_tree_is_exact (test_cactus.CactusTests) ... ok
2026-10-10T06:24:35.7368641Z test_zero_activities_restrict_intervals_before_planning (test_cactus.CactusTests) ... ok
2026-10-10T06:24:35.7372793Z test_constant_observable (test_chain_diagnostics.StationaryVarianceTests) ... ok
2026-10-10T06:24:35.7375264Z test_disconnected_different_means (test_chain_diagnostics.StationaryVarianceTests) ... ok
2026-10-10T06:24:35.7382739Z test_disconnected_identical_means_have_finite_stationary_ensemble_limit (test_chain_diagnostics.StationaryVarianceTests) ... ok
2026-10-10T06:24:35.7393180Z test_iid_weighted_two_states (test_chain_diagnostics.StationaryVarianceTests) ... ok
2026-10-10T06:24:35.7405590Z test_null_target_states_are_excluded (test_chain_diagnostics.StationaryVarianceTests) ... ok
2026-10-10T06:24:35.7406916Z test_periodic_alternation_has_zero_limit_not_covariance_sum (test_chain_diagnostics.StationaryVarianceTests) ... ok
2026-10-10T06:24:35.7408407Z test_persistent_two_state_analytic_answer (test_chain_diagnostics.StationaryVarianceTests) ... ok
2026-10-10T06:24:35.7411247Z test_validation_and_resource_failures (test_chain_diagnostics.StationaryVarianceTests) ... ok
2026-10-10T06:24:36.2867939Z test_an_omitted_headline_is_not_verified_by_a_large_count (test_claims_ledger.ClaimsLedgerTests) ... ok
2026-10-10T06:24:36.7994446Z test_audit_driver_uses_receipt_modules_and_every_ledger_headline (test_claims_ledger.ClaimsLedgerTests) ... ok
2026-10-10T06:24:36.8016668Z test_changed_raw_log_fails_even_when_receipt_count_is_unchanged (test_claims_ledger.ClaimsLedgerTests) ... ok
2026-10-10T06:24:36.8032234Z test_changed_receipt_digest_and_unknown_status_fail (test_claims_ledger.ClaimsLedgerTests) ... ok
2026-10-10T06:24:37.8223467Z test_claim_scope_is_bound_and_overlap_claim_fails (test_claims_ledger.ClaimsLedgerTests) ... ok
2026-10-10T06:24:38.3060501Z test_commit_binding_kinds_cannot_invent_or_drop_base_commit (test_claims_ledger.ClaimsLedgerTests) ... ok
2026-10-10T06:24:38.8223389Z test_current_summary_prefers_integrated_scope_without_adding_historical_overlap (test_claims_ledger.ClaimsLedgerTests) ... ok
2026-10-10T06:24:39.3339837Z test_delivered_scopes_replay_and_linux_overlap_is_not_added (test_claims_ledger.ClaimsLedgerTests) ... ok
2026-10-10T06:24:39.3344644Z test_empty_claims_cannot_leave_only_counts (test_claims_ledger.ClaimsLedgerTests) ... ok
2026-10-10T06:24:39.3347558Z test_generated_section_replacement_preserves_outside_and_requires_markers (test_claims_ledger.ClaimsLedgerTests) ... ok
2026-10-10T06:24:40.8829056Z test_headline_cannot_be_bound_to_an_unrelated_verified_source (test_claims_ledger.ClaimsLedgerTests) ... ok
2026-10-10T06:24:41.4036828Z test_historical_changed_sources_cannot_be_promoted_to_current (test_claims_ledger.ClaimsLedgerTests) ... ok
2026-10-10T06:24:41.4039103Z test_paths_cannot_escape_the_repository (test_claims_ledger.ClaimsLedgerTests) ... ok
2026-10-10T06:24:42.9409430Z test_summary_cannot_hide_current_receipt_or_reference_unvalidated_scope (test_claims_ledger.ClaimsLedgerTests) ... ok
2026-10-10T06:24:42.9440424Z test_a_present_nonfile_upstream_path_is_not_treated_as_absent (test_claims_ledger.CleanCloneSourceChecks) ... ok
2026-10-10T06:24:42.9489011Z test_any_present_upstream_file_is_checked_and_changes_reject_current (test_claims_ledger.CleanCloneSourceChecks) ... ok
2026-10-10T06:24:42.9516940Z test_clean_clone_preserves_exact_upstream_digest_and_reports_unchecked (test_claims_ledger.CleanCloneSourceChecks) ... ok
2026-10-10T06:24:42.9559372Z test_missing_or_changed_headline_source_remains_a_blocker (test_claims_ledger.CleanCloneSourceChecks) ... ok
2026-10-10T06:24:42.9601404Z test_missing_or_changed_owned_dependency_remains_a_blocker (test_claims_ledger.CleanCloneSourceChecks) ... ok
2026-10-10T06:24:42.9614386Z test_other_ignored_prefix_cannot_hide_missing_owned_inputs (test_claims_ledger.CleanCloneSourceChecks) ... ok
2026-10-10T06:24:42.9642640Z test_unpinned_absent_upstream_is_not_exempt (test_claims_ledger.CleanCloneSourceChecks) ... ok
2026-10-10T06:24:42.9661750Z test_budget_and_watchdog_do_not_claim_partial_bounds (test_commute_scaling.CommuteScalingTests) ... ok
2026-10-10T06:24:42.9676422Z test_generator_is_deterministic_nested_and_feasible (test_commute_scaling.CommuteScalingTests) ... ok
2026-10-10T06:24:42.9747251Z test_small_report_json_reconstructs_verified_results (test_commute_scaling.CommuteScalingTests) ... ok
2026-10-10T06:24:42.9752104Z test_switch_product_constructs_distinct_feasible_tables (test_commute_scaling.CommuteScalingTests) ... ok
2026-10-10T06:24:42.9757799Z test_switch_verifier_rejects_tampering (test_commute_scaling.CommuteScalingTests) ... ok
2026-10-10T06:24:43.0064645Z test_every_small_worker_law_against_independent_exact_combinatorics (test_commuting_backtest.PublicCommutingBacktestTests) ... ok
2026-10-10T06:24:43.0066257Z test_invalid_or_over_budget_margins_fail_without_partial_result (test_commuting_backtest.PublicCommutingBacktestTests) ... ok
2026-10-10T06:24:43.0071484Z test_joint_changes_scoring_but_cannot_change_margin_prediction (test_commuting_backtest.PublicCommutingBacktestTests) ... ok
2026-10-10T06:24:43.0073043Z test_official_checksum_match_must_be_unambiguous (test_commuting_backtest.PublicCommutingBacktestTests) ... ok
2026-10-10T06:24:43.0086525Z test_public_snapshot_is_complete_pinned_and_exhaustively_selected (test_commuting_backtest.PublicCommutingBacktestTests) ... ok
2026-10-10T06:24:45.0407839Z test_report_denominators_distinguish_repeated_cells_and_fixed_metric (test_commuting_backtest.PublicCommutingBacktestTests) ... ok
2026-10-10T06:24:45.0419911Z test_snapshot_corruption_is_rejected (test_commuting_backtest.PublicCommutingBacktestTests) ... ok
2026-10-10T06:24:45.0425678Z test_source_aggregation_orientation_and_zero_completion (test_commuting_backtest.PublicCommutingBacktestTests) ... ok
2026-10-10T06:24:45.0700262Z test_uniform_quantiles_and_moments_against_enumerated_integer_support (test_commuting_backtest.PublicCommutingBacktestTests) ... ok
2026-10-10T06:24:45.2333901Z test_worker_large_symmetric_support_mean_and_endpoint_symmetry (test_commuting_backtest.PublicCommutingBacktestTests) ... ok
2026-10-10T06:24:45.2353318Z test_before_after_inventory_detects_object_mutation_and_new_object (test_environment_audit_runner.EnvironmentRunnerTests) ... ok
2026-10-10T06:24:45.2355784Z test_custom_axioms_and_inconsistent_axiom_classification_fail (test_environment_audit_runner.EnvironmentRunnerTests) ... ok
2026-10-10T06:24:45.2362352Z test_driver_uses_all_frozen_modules_and_distinct_helper_prefix (test_environment_audit_runner.EnvironmentRunnerTests) ... ok
2026-10-10T06:24:45.2379495Z test_empty_inventory_root_appearance_and_disappearance_change_snapshots (test_environment_audit_runner.EnvironmentRunnerTests) ... ok
2026-10-10T06:24:45.2383642Z test_exact_headline_dependency_closure_cannot_omit_or_add_dependencies (test_environment_audit_runner.EnvironmentRunnerTests) ... ok
2026-10-10T06:24:45.2395749Z test_existing_nondirectory_inventory_entry_remains_rejected (test_environment_audit_runner.EnvironmentRunnerTests) ... ok
2026-10-10T06:24:45.2435614Z test_failure_receipt_is_preserved_and_attempt_cannot_be_overwritten (test_environment_audit_runner.EnvironmentRunnerTests) ... ok
2026-10-10T06:24:45.2441606Z test_import_and_native_runtime_directories_must_all_be_inventoried (test_environment_audit_runner.EnvironmentRunnerTests) ... ok
2026-10-10T06:24:45.2462140Z test_ir_signature_mutation_and_new_companion_are_bound (test_environment_audit_runner.EnvironmentRunnerTests) ... ok
2026-10-10T06:24:45.2466467Z test_json_framing_and_duplicate_keys_fail_closed (test_environment_audit_runner.EnvironmentRunnerTests) ... ok
2026-10-10T06:24:45.2476875Z test_lean_prefix_shadowing_matches_pinned_search_path_semantics (test_environment_audit_runner.EnvironmentRunnerTests) ... ok
2026-10-10T06:24:45.2478626Z test_missing_modules_headlines_and_known_declarations_fail (test_environment_audit_runner.EnvironmentRunnerTests) ... ok
2026-10-10T06:24:45.2493172Z test_new_helper_companion_is_detected_in_complete_helper_inventory (test_environment_audit_runner.EnvironmentRunnerTests) ... ok
2026-10-10T06:24:45.2645000Z test_nonzero_exit_or_stderr_cannot_be_rescued_by_valid_json (test_environment_audit_runner.EnvironmentRunnerTests) ... ok
2026-10-10T06:24:45.2647529Z test_path_inventory_coverage_cannot_be_spoofed_with_parent_traversal (test_environment_audit_runner.EnvironmentRunnerTests) ... ok
2026-10-10T06:24:45.2649788Z test_scope_and_kind_count_mismatches_fail (test_environment_audit_runner.EnvironmentRunnerTests) ... ok
2026-10-10T06:24:45.2653547Z test_unexpected_source_bound_project_import_cannot_hide_as_cache (test_environment_audit_runner.EnvironmentRunnerTests) ... ok
2026-10-10T06:24:45.2658923Z test_unicode_lean_statement_survives_utf8_json_roundtrip (test_environment_audit_runner.EnvironmentRunnerTests) ... ok
2026-10-10T06:24:45.2673146Z test_unused_missing_inventory_root_is_bound_without_filtering_search_path (test_environment_audit_runner.EnvironmentRunnerTests) ... ok
2026-10-10T06:24:45.2674841Z test_valid_report_includes_unlisted_and_private_dependencies (test_environment_audit_runner.EnvironmentRunnerTests) ... ok
2026-10-10T06:24:45.3206785Z test_budget_caps_fail_without_partial_results (test_ideal_chain.IdealChainTests) ... ok
2026-10-10T06:24:45.3456985Z test_exact_censoring_and_physical_return_time (test_ideal_chain.IdealChainTests) ... ok
2026-10-10T06:24:45.3494098Z test_feasibility_equations_and_fibre_margins (test_ideal_chain.IdealChainTests) ... ok
2026-10-10T06:24:45.3642473Z test_independent_doubled_exchange_and_repair_edges (test_ideal_chain.IdealChainTests) ... ok
2026-10-10T06:24:45.3736369Z test_independent_first_hit_equations_on_embedded_jump_chain (test_ideal_chain.IdealChainTests) ... ok
2026-10-10T06:24:45.3737685Z test_literal_excursion_counts_holds_and_enforces_cap (test_ideal_chain.IdealChainTests) ... ok
2026-10-10T06:24:45.3738946Z test_literal_mixed_large_crossing_and_unique_completions (test_ideal_chain.IdealChainTests) ... ok
2026-10-10T06:24:45.3868328Z test_literal_parameters_state_set_and_empty_fibres (test_ideal_chain.IdealChainTests) ... ok
2026-10-10T06:24:45.4053615Z test_literal_rng_decision_tree_including_holds_and_rejections (test_ideal_chain.IdealChainTests) ... ok
2026-10-10T06:24:45.4288524Z test_nontrivial_completion_translation_is_source_star_not_metropolis (test_ideal_chain.IdealChainTests) ... ok
2026-10-10T06:24:45.4290626Z test_rejects_changed_target_and_malformed_input (test_ideal_chain.IdealChainTests) ... ok
2026-10-10T06:24:45.4836226Z test_stationary_output_bijection_and_conditional_uniformity (test_ideal_chain.IdealChainTests) ... ok
2026-10-10T06:24:45.4909075Z test_zero_margins_degenerate_rectangles_and_parameter_bits (test_ideal_chain.IdealChainTests) ... ok
2026-10-10T06:24:46.0968077Z test_saved_certificate_matches_independent_graph_and_backend (test_ideal_two_by_two.IdealTwoByTwoCertificate) ... ok
2026-10-10T06:24:46.0989744Z test_catalog_has_all_nine_rectangles_and_six_hexagons_in_k33 (test_kernels.CycleKernelTests) ... ok
2026-10-10T06:24:46.1004217Z test_complete_fiber_is_required_and_caps_fail_before_allocation (test_kernels.CycleKernelTests) ... ok
2026-10-10T06:24:46.1022179Z test_full_line_draw_reaches_every_two_by_two_table (test_kernels.CycleKernelTests) ... ok
2026-10-10T06:24:46.1024425Z test_invalid_cycles_are_rejected (test_kernels.CycleKernelTests) ... ok
2026-10-10T06:24:46.1059969Z test_nonuniform_input_fixed_catalog_mixture_is_reversible (test_kernels.CycleKernelTests) ... ok
2026-10-10T06:24:46.1623110Z test_optional_spectral_diagnostic_on_exactly_known_cases (test_kernels.CycleKernelTests) ... ok
2026-10-10T06:24:46.1706045Z test_rational_weighted_bounded_kernel_and_null_states (test_kernels.CycleKernelTests) ... ok
2026-10-10T06:24:46.1733420Z test_sparse_six_cycle_is_frozen_for_rectangle_moves (test_kernels.CycleKernelTests) ... ok
2026-10-10T06:24:46.1762684Z test_weighted_conditional_line_is_not_a_uniform_line (test_kernels.CycleKernelTests) ... ok
2026-10-10T06:24:46.1792682Z test_dense_actual_scales_and_ambient_d (test_lattice_completion.LatticeCompletionTests) ... ok
2026-10-10T06:24:46.2153177Z test_every_tiny_fine_table_and_balanced_preimages (test_lattice_completion.LatticeCompletionTests) ... ok
2026-10-10T06:24:46.2182831Z test_exact_geometric_arithmetic_and_preallocation_budget (test_lattice_completion.LatticeCompletionTests) ... ok
2026-10-10T06:24:46.2212717Z test_negative_decoding_and_sharp_rounding_error (test_lattice_completion.LatticeCompletionTests) ... ok
2026-10-10T06:24:46.2614516Z test_random_higher_dimension_roundtrips_and_independent_prefix_residues (test_lattice_completion.LatticeCompletionTests) ... ok
2026-10-10T06:24:46.2623354Z test_semantic_bounds_and_invalid_inputs (test_lattice_completion.LatticeCompletionTests) ... ok
2026-10-10T06:24:46.2631208Z test_singleton_dimensions_have_one_preimage_and_zero_rounding_error (test_lattice_completion.LatticeCompletionTests) ... ok
2026-10-10T06:24:46.2632740Z test_empty_and_multiline_axiom_reports_are_both_counted (test_lean_axiom_audit.LeanAxiomAudit) ... ok
2026-10-10T06:24:46.2634194Z test_empty_or_duplicate_requests_fail (test_lean_axiom_audit.LeanAxiomAudit) ... ok
2026-10-10T06:24:46.2636513Z test_missing_duplicated_unrequested_or_reordered_reports_fail (test_lean_axiom_audit.LeanAxiomAudit) ... ok
2026-10-10T06:24:46.2637886Z test_nonstandard_axioms_fail (test_lean_axiom_audit.LeanAxiomAudit) ... ok
2026-10-10T06:24:46.2639820Z test_unrecognized_lean_report_fails_closed (test_lean_axiom_audit.LeanAxiomAudit) ... ok
2026-10-10T06:24:46.2644061Z test_certifies_algebraic_not_absolute_gap (test_mixtures.ExactMixtureTests) ... ok
2026-10-10T06:24:46.2648150Z test_disconnected_kernel_has_zero_gap (test_mixtures.ExactMixtureTests) ... ok
2026-10-10T06:24:46.2652322Z test_exact_nonuniform_two_state_gap_and_sharp_witness (test_mixtures.ExactMixtureTests) ... ok
2026-10-10T06:24:46.2675409Z test_fixed_mixture_and_global_dual_certificate (test_mixtures.ExactMixtureTests) ... ok
2026-10-10T06:24:46.3017265Z test_fraction_free_psd_against_all_principal_minors (test_mixtures.ExactMixtureTests) ... ok
2026-10-10T06:24:46.3020647Z test_kernel_validation_is_exact (test_mixtures.ExactMixtureTests) ... ok
2026-10-10T06:24:46.3031903Z test_mixture_and_witness_validation (test_mixtures.ExactMixtureTests) ... ok
2026-10-10T06:24:46.3043030Z test_psd_input_validation_and_dimension_budget (test_mixtures.ExactMixtureTests) ... ok
2026-10-10T06:24:46.3063022Z test_psd_rational_rank_and_skipped_zero_pivots (test_mixtures.ExactMixtureTests) ... ok
2026-10-10T06:24:46.3064108Z test_zero_target_mass_and_singleton_convention (test_mixtures.ExactMixtureTests) ... ok
2026-10-10T06:24:46.3065171Z test_certificate_verifier_is_independent_of_optimizer (test_optimize.CertificateTests) ... ok
2026-10-10T06:24:46.3065977Z test_elementary_infeasibility_is_explicit (test_optimize.CertificateTests) ... ok
2026-10-10T06:24:46.3066713Z test_lower_shifted_support_obstruction (test_optimize.CertificateTests) ... ok
2026-10-10T06:24:46.3074582Z test_support_obstruction_has_independent_cut_certificate (test_optimize.CertificateTests) ... ok
2026-10-10T06:24:46.3087029Z test_tampered_witness_cost_direction_value_and_potentials_fail (test_optimize.CertificateTests) ... ok
2026-10-10T06:24:46.3443806Z test_all_two_by_two_small_caps (test_optimize.LinearBoundsTests) ... ok
2026-10-10T06:24:46.3459234Z test_binary_capacities_are_not_expanded_to_units (test_optimize.LinearBoundsTests) ... ok
2026-10-10T06:24:46.3475300Z test_budget_is_shared_and_never_returns_partial_range (test_optimize.LinearBoundsTests) ... ok
2026-10-10T06:24:46.3492598Z test_clearing_coprime_denominators_preserves_exact_results (test_optimize.LinearBoundsTests) ... ok
2026-10-10T06:24:46.3496887Z test_deterministic_input_validation (test_optimize.LinearBoundsTests) ... ok
2026-10-10T06:24:46.3508457Z test_fixed_cells_and_zero_total (test_optimize.LinearBoundsTests) ... ok
2026-10-10T06:24:46.3534813Z test_row_column_cost_shifts_and_transpose (test_optimize.LinearBoundsTests) ... ok
2026-10-10T06:24:46.4992424Z test_seeded_bounded_lower_shifted_rectangles (test_optimize.LinearBoundsTests) ... ok
2026-10-10T06:24:47.5461691Z test_synthetic_commute_range (test_optimize.LinearBoundsTests) ... ok
2026-10-10T06:24:47.5493167Z test_budget_report_contains_no_partial_endpoints (test_optimize.ReportTests) ... ok
2026-10-10T06:24:47.5494378Z test_example_rejects_float_and_boolean_coefficients (test_optimize.ReportTests) ... ok
2026-10-10T06:24:47.5513374Z test_serialized_cut_report_and_elementary_failure (test_optimize.ReportTests) ... ok
2026-10-10T06:24:47.5566457Z test_serialized_report_has_independently_verifiable_endpoints (test_optimize.ReportTests) ... ok
2026-10-10T06:24:47.6348425Z test_direct_counts_and_incidence_degrees (test_padding_barrier.PaddingCountTests) ... ok
2026-10-10T06:24:47.6365259Z test_large_dimension_exact_count_and_bit_budget_certificate (test_padding_barrier.PaddingCountTests) ... ok
2026-10-10T06:24:47.6366997Z test_necessary_threshold_is_not_sufficient (test_padding_barrier.PaddingCountTests) ... ok
2026-10-10T06:24:47.6373119Z test_two_by_two_equality_and_half_acceptance_boundary (test_padding_barrier.PaddingCountTests) ... ok
2026-10-10T06:24:47.6379709Z test_budget_rejection_occurs_before_binomial_evaluation (test_padding_barrier.PaddingValidationTests) ... ok
2026-10-10T06:24:47.6383162Z test_reject_malformed_parameters (test_padding_barrier.PaddingValidationTests) ... ok
2026-10-10T06:24:47.6384868Z test_target_must_belong_to_the_padded_family (test_padding_barrier.PaddingValidationTests) ... ok
2026-10-10T06:24:47.9027206Z test_actual_padded_fibers_for_every_marked_set (test_padding_growth.SequentialPaddingTests) ... ok
2026-10-10T06:24:47.9028803Z test_degenerate_cases_and_validation (test_padding_growth.SequentialPaddingTests) ... ok
2026-10-10T06:24:47.9186224Z test_power_bound_with_exact_independent_powers (test_padding_growth.SequentialPaddingTests) ... ok
2026-10-10T06:24:47.9188990Z test_rational_certificate_and_large_dimensions (test_padding_growth.SequentialPaddingTests) ... ok
2026-10-10T06:24:47.9211064Z test_shape_threshold (test_padding_growth.SequentialPaddingTests) ... ok
2026-10-10T06:24:47.9212740Z test_bad_configuration (test_sampler_benchmarks.Benchmarks) ... ok
2026-10-10T06:24:47.9213638Z test_bad_rng_rank_and_negative_mass (test_sampler_benchmarks.Benchmarks) ... ok
2026-10-10T06:24:47.9215749Z test_diagnostics (test_sampler_benchmarks.Benchmarks) ... ok
2026-10-10T06:24:47.9234285Z test_exact_diagnostic_cap_is_reported (test_sampler_benchmarks.Benchmarks) ... ok
2026-10-10T06:24:47.9280880Z test_fixed_selection_weights_match_exact_kernel (test_sampler_benchmarks.Benchmarks) ... ok
2026-10-10T06:24:48.0076220Z test_literal_steps_and_direct_censored_draws_are_distinct (test_sampler_benchmarks.Benchmarks) ... ok
2026-10-10T06:24:48.0084732Z test_preparation_exhaustion_preserves_failed_run_receipt (test_sampler_benchmarks.Benchmarks) ... ok
2026-10-10T06:24:48.0085800Z test_rational_choice (test_sampler_benchmarks.Benchmarks) ... ok
2026-10-10T06:24:48.0154659Z test_reducibility_is_explicit (test_sampler_benchmarks.Benchmarks) ... ok
2026-10-10T06:24:48.0173154Z test_seed_repetitions_survive_singleton_support (test_sampler_benchmarks.Benchmarks) ... ok
2026-10-10T06:24:48.0182277Z test_sparse_negative_control (test_sampler_benchmarks.Benchmarks) ... ok
2026-10-10T06:24:48.0267016Z test_tiny_end_to_end (test_sampler_benchmarks.Benchmarks) ... ok
2026-10-10T06:24:48.0278412Z test_uniform_full_line (test_sampler_benchmarks.Benchmarks) ... ok
2026-10-10T06:24:48.0357710Z test_weighted_transition_matches_exact_kernel (test_sampler_benchmarks.Benchmarks) ... ok
2026-10-10T06:24:48.0480404Z test_worker_panel_uses_its_own_inverse_factorial_law (test_sampler_benchmarks.Benchmarks) ... ok
2026-10-10T06:24:48.0481690Z test_empty_blocks_and_incompatible_inputs (test_scales.ReferenceAdjustmentTests) ... ok
2026-10-10T06:24:48.3666061Z test_every_elementary_margin_family_and_reference_cell (test_scales.ReferenceAdjustmentTests) ... ok
2026-10-10T06:24:48.3668810Z test_parameter_fractions_and_old_unpadding_negative_control (test_scales.ScaleCertificateTests) ... ok
2026-10-10T06:24:48.3705702Z test_shape_aware_threshold_and_deterministic_dimensions (test_scales.ScaleCertificateTests) ... ok
2026-10-10T06:24:48.3711762Z test_sharper_enlarged_margin_certificates (test_scales.ScaleCertificateTests) ... ok
2026-10-10T06:24:48.3717374Z test_universal_integer_polynomial_certificates (test_scales.ScaleCertificateTests) ... ok
2026-10-10T06:24:49.0043995Z test_all_small_fiber_probabilities (test_scales.SwitchingTests) ... ok
2026-10-10T06:24:49.0045034Z test_boundary_domain_and_cap_negative_control (test_scales.SwitchingTests) ... ok
2026-10-10T06:24:49.0181752Z test_minimum_sum_inequality (test_scales.SwitchingTests) ... ok
2026-10-10T06:24:49.0231407Z test_product_and_mean_bounds_have_exact_composition_witnesses (test_scales.SwitchingTests) ... ok
2026-10-10T06:24:49.0235586Z test_refined_bound_is_exact_at_zero_for_balanced_two_by_two (test_scales.SwitchingTests) ... ok
2026-10-10T06:24:49.6412954Z test_switching_labels_determine_source (test_scales.SwitchingTests) ... ok
2026-10-10T06:24:49.8003406Z test_all_binary_two_by_three_supports_and_attainable_margins (test_tables.CompletionCountTests) ... ok
2026-10-10T06:24:49.8296751Z test_random_small_lower_and_upper_bound_oracles (test_tables.CompletionCountTests) ... ok
2026-10-10T06:24:49.8300014Z test_rank_validation_and_enumeration_output_cap (test_tables.CompletionCountTests) ... ok
2026-10-10T06:24:49.8305628Z test_resource_exhaustion_never_returns_partial_count_or_draw (test_tables.CompletionCountTests) ... ok
2026-10-10T06:24:49.8477218Z test_three_row_lower_bounded_oracles (test_tables.CompletionCountTests) ... ok
2026-10-10T06:24:49.8479001Z test_constraints_are_copied_and_upper_bounds_tightened (test_tables.TableValidationTests) ... ok
2026-10-10T06:24:49.8483431Z test_empty_fibers_and_structural_zero_lower_conflict (test_tables.TableValidationTests) ... ok
2026-10-10T06:24:49.8486305Z test_feasibility_detects_sparse_hall_obstruction (test_tables.TableValidationTests) ... ok
2026-10-10T06:24:49.8488923Z test_reject_malformed_data (test_tables.TableValidationTests) ... ok
2026-10-10T06:24:49.8493338Z test_zero_margins_and_one_row (test_tables.TableValidationTests) ... ok
2026-10-10T06:24:49.8506447Z test_exact_rational_sampling_tree_matches_independent_weight_oracle (test_tables.WeightedLawTests) ... ok
2026-10-10T06:24:49.8538131Z test_multistage_weighted_rng_tree_and_three_row_partition (test_tables.WeightedLawTests) ... ok
2026-10-10T06:24:49.8580018Z test_row_and_column_activity_gauge_invariance (test_tables.WeightedLawTests) ... ok
2026-10-10T06:24:49.8591977Z test_weighted_budgets_and_transpose (test_tables.WeightedLawTests) ... ok
2026-10-10T06:24:49.8606673Z test_worker_and_table_laws_are_different (test_tables.WeightedLawTests) ... ok
2026-10-10T06:24:49.8613675Z test_zero_activities_and_empty_target (test_tables.WeightedLawTests) ... ok
2026-10-10T06:24:49.9256543Z test_centered_conditioning_is_sharp (test_transport_bounds.ComparisonTests) ... ok
2026-10-10T06:24:49.9270041Z test_constants_improve_initial_and_source_bounds (test_transport_bounds.ComparisonTests) ... ok
2026-10-10T06:24:49.9277092Z test_integer_root_quadratic_maximum (test_transport_bounds.ComparisonTests) ... ok
2026-10-10T06:24:49.9745218Z test_repair_triangle_with_overlapping_edges (test_transport_bounds.ComparisonTests) ... ok
2026-10-10T06:24:50.0783689Z test_adaptive_binary_tree_ownership (test_transport_bounds.OwnershipTests) ... ok
2026-10-10T06:24:50.2304096Z test_complete_integer_leaf_families (test_transport_bounds.OwnershipTests) ... ok
2026-10-10T06:24:50.2305076Z test_fixed_prefix_holes_are_rejected (test_transport_bounds.OwnershipTests) ... ok
2026-10-10T06:24:50.6805624Z test_cut_bound_for_integer_log_concave_sequences (test_transport_bounds.PathBoundsTests) ... ok
2026-10-10T06:24:50.6874184Z test_quadratic_order_and_single_edge_sharpness (test_transport_bounds.PathBoundsTests) ... ok
2026-10-10T06:24:50.9911060Z test_rational_scales_and_hard_zero_endpoints (test_transport_bounds.PathBoundsTests) ... ok
2026-10-10T06:24:50.9913311Z test_support_and_log_concavity_negative_controls (test_transport_bounds.PathBoundsTests) ... ok
2026-10-10T06:24:50.9915088Z test_configuration_rejects_excess_output_and_invalid_counts (test_worker_library_benchmarks.WorkerLibraryBenchmarks) ... ok
2026-10-10T06:24:50.9925089Z test_exact_law_distinguishes_uniform_aggregate_tables (test_worker_library_benchmarks.WorkerLibraryBenchmarks) ... ok
2026-10-10T06:24:50.9930769Z test_last_case_last_repetition_accepts_exact_r_seed_boundary (test_worker_library_benchmarks.WorkerLibraryBenchmarks) ... skipped 'optional Rscript unavailable'
2026-10-10T06:24:50.9932954Z test_margin_validation_checks_shape_integer_and_totals (test_worker_library_benchmarks.WorkerLibraryBenchmarks) ... ok
2026-10-10T06:24:50.9939140Z test_measured_phases_are_recorded_separately (test_worker_library_benchmarks.WorkerLibraryBenchmarks) ... ok
2026-10-10T06:24:50.9983109Z test_nonseparable_moment_formula_matches_fiber_enumeration (test_worker_library_benchmarks.WorkerLibraryBenchmarks) ... ok
2026-10-10T06:24:50.9995123Z test_optional_dependencies_are_skipped_with_reasons (test_worker_library_benchmarks.WorkerLibraryBenchmarks) ... ok
2026-10-10T06:24:50.9998892Z test_r_real_api_and_small_fiber_readback (test_worker_library_benchmarks.WorkerLibraryBenchmarks) ... skipped 'optional Rscript unavailable'
2026-10-10T06:24:51.0002054Z test_scipy_all_small_fiber_probabilities (test_worker_library_benchmarks.WorkerLibraryBenchmarks) ... skipped 'optional SciPy not installed'
2026-10-10T06:24:51.0009127Z test_seed_overflow_rejected_before_dependency_discovery (test_worker_library_benchmarks.WorkerLibraryBenchmarks) ... ok
2026-10-10T06:24:51.0011821Z test_work_caps_preserve_skewed_large_total_shortcut (test_worker_library_benchmarks.WorkerLibraryBenchmarks) ... ok
2026-10-10T06:24:51.0318709Z test_every_three_by_two_margin_pair_up_to_four_workers (test_workers.WorkerExactLawTests) ... ok
2026-10-10T06:24:51.0542433Z test_every_two_by_three_margin_pair_up_to_four_workers (test_workers.WorkerExactLawTests) ... ok
2026-10-10T06:24:51.0629195Z test_three_by_three_multistage_decision_tree (test_workers.WorkerExactLawTests) ... ok
2026-10-10T06:24:51.0632581Z test_worker_law_is_not_uniform_table_law (test_workers.WorkerExactLawTests) ... ok
2026-10-10T06:24:51.0636175Z test_additive_row_column_observable_has_zero_variance (test_workers.WorkerMomentTests) ... ok
2026-10-10T06:24:51.1035984Z test_general_signed_rational_moments_match_independent_enumeration (test_workers.WorkerMomentTests) ... ok
2026-10-10T06:24:51.1037328Z test_huge_binary_margins_need_no_worker_loop (test_workers.WorkerMomentTests) ... ok
2026-10-10T06:24:51.1039520Z test_rejects_incompatible_shape_floats_and_work_budget (test_workers.WorkerMomentTests) ... ok
2026-10-10T06:24:51.1041042Z test_bounds_activities_and_problem_objects_are_not_accepted (test_workers.WorkerValidationTests) ... ok
2026-10-10T06:24:51.1049001Z test_budget_rejection_precedes_rng_and_dense_output_allocation (test_workers.WorkerValidationTests) ... ok
2026-10-10T06:24:51.1050622Z test_deterministic_large_counts_and_zero_margins (test_workers.WorkerValidationTests) ... ok
2026-10-10T06:24:51.1053399Z test_inputs_copied_and_samples_have_no_shared_mutable_state (test_workers.WorkerValidationTests) ... ok
2026-10-10T06:24:51.1054785Z test_invalid_rng_results_raise (test_workers.WorkerValidationTests) ... ok
2026-10-10T06:24:51.1055922Z test_largest_row_saved_and_remaining_category_shortcut (test_workers.WorkerValidationTests) ... ok
2026-10-10T06:24:51.1057143Z test_malformed_margins_and_budgets (test_workers.WorkerValidationTests) ... ok
2026-10-10T06:24:51.3393975Z test_moderate_count_case_needs_no_completion_dp (test_workers.WorkerValidationTests) ... ok
2026-10-10T06:24:51.3394679Z 
2026-10-10T06:24:51.3394938Z ----------------------------------------------------------------------
2026-10-10T06:24:51.3395511Z Ran 299 tests in 17.549s
2026-10-10T06:24:51.3395750Z 
2026-10-10T06:24:51.3395882Z OK (skipped=3)
2026-10-10T06:24:51.3704934Z ##[group]Run python scripts/claims_ledger.py --check-readme
2026-10-10T06:24:51.3705414Z [36;1mpython scripts/claims_ledger.py --check-readme[0m
2026-10-10T06:24:51.3768957Z shell: /usr/bin/bash -e {0}
2026-10-10T06:24:51.3769211Z env:
2026-10-10T06:24:51.3769479Z   pythonLocation: /opt/hostedtoolcache/Python/3.10.22/x64
2026-10-10T06:24:51.3769942Z   PKG_CONFIG_PATH: /opt/hostedtoolcache/Python/3.10.22/x64/lib/pkgconfig
2026-10-10T06:24:51.3770402Z   Python_ROOT_DIR: /opt/hostedtoolcache/Python/3.10.22/x64
2026-10-10T06:24:51.3770811Z   Python2_ROOT_DIR: /opt/hostedtoolcache/Python/3.10.22/x64
2026-10-10T06:24:51.3771217Z   Python3_ROOT_DIR: /opt/hostedtoolcache/Python/3.10.22/x64
2026-10-10T06:24:51.3771611Z   LD_LIBRARY_PATH: /opt/hostedtoolcache/Python/3.10.22/x64/lib
2026-10-10T06:24:51.3772177Z ##[endgroup]
2026-10-10T06:24:51.9556976Z ##[group]Run python 115/audit115.py --output /tmp/audit115-rerun.json
2026-10-10T06:24:51.9557505Z [36;1mpython 115/audit115.py --output /tmp/audit115-rerun.json[0m
2026-10-10T06:24:51.9621615Z shell: /usr/bin/bash -e {0}
2026-10-10T06:24:51.9622091Z env:
2026-10-10T06:24:51.9622496Z   pythonLocation: /opt/hostedtoolcache/Python/3.10.22/x64
2026-10-10T06:24:51.9622981Z   PKG_CONFIG_PATH: /opt/hostedtoolcache/Python/3.10.22/x64/lib/pkgconfig
2026-10-10T06:24:51.9623441Z   Python_ROOT_DIR: /opt/hostedtoolcache/Python/3.10.22/x64
2026-10-10T06:24:51.9623851Z   Python2_ROOT_DIR: /opt/hostedtoolcache/Python/3.10.22/x64
2026-10-10T06:24:51.9624268Z   Python3_ROOT_DIR: /opt/hostedtoolcache/Python/3.10.22/x64
2026-10-10T06:24:51.9624683Z   LD_LIBRARY_PATH: /opt/hostedtoolcache/Python/3.10.22/x64/lib
2026-10-10T06:24:51.9625044Z ##[endgroup]
2026-10-10T06:24:52.4202873Z {
2026-10-10T06:24:52.4212625Z   "output": "/tmp/audit115-rerun.json",
2026-10-10T06:24:52.4262443Z   "parameter_cases": 100,
2026-10-10T06:24:52.4292236Z   "path_sequences": 896,
2026-10-10T06:24:52.4292634Z   "integer_leaf_edges": 2968,
2026-10-10T06:24:52.4293026Z   "spectral_instances": 5,
2026-10-10T06:24:52.4293410Z   "elapsed_seconds": 0.33616110999999904
2026-10-10T06:24:52.4293802Z }
2026-10-10T06:24:52.4376884Z ##[group]Run python scripts/verify_sources.py --bundle-only
2026-10-10T06:24:52.4377331Z [36;1mpython scripts/verify_sources.py --bundle-only[0m
2026-10-10T06:24:52.4439360Z shell: /usr/bin/bash -e {0}
2026-10-10T06:24:52.4439610Z env:
2026-10-10T06:24:52.4439885Z   pythonLocation: /opt/hostedtoolcache/Python/3.10.22/x64
2026-10-10T06:24:52.4440341Z   PKG_CONFIG_PATH: /opt/hostedtoolcache/Python/3.10.22/x64/lib/pkgconfig
2026-10-10T06:24:52.4440796Z   Python_ROOT_DIR: /opt/hostedtoolcache/Python/3.10.22/x64
2026-10-10T06:24:52.4441397Z   Python2_ROOT_DIR: /opt/hostedtoolcache/Python/3.10.22/x64
2026-10-10T06:24:52.4441789Z   Python3_ROOT_DIR: /opt/hostedtoolcache/Python/3.10.22/x64
2026-10-10T06:24:52.4442523Z   LD_LIBRARY_PATH: /opt/hostedtoolcache/Python/3.10.22/x64/lib
2026-10-10T06:24:52.4442859Z ##[endgroup]
2026-10-10T06:24:52.5050339Z {
2026-10-10T06:24:52.5050894Z   "bundle_sha256_verified": 5
2026-10-10T06:24:52.5051458Z }
2026-10-10T06:24:52.5163208Z ##[group]Run python experiments/independent_crosscheck.py --output /tmp/independent-crosscheck.json
2026-10-10T06:24:52.5164000Z [36;1mpython experiments/independent_crosscheck.py --output /tmp/independent-crosscheck.json[0m
2026-10-10T06:24:52.5226652Z shell: /usr/bin/bash -e {0}
2026-10-10T06:24:52.5226904Z env:
2026-10-10T06:24:52.5227177Z   pythonLocation: /opt/hostedtoolcache/Python/3.10.22/x64
2026-10-10T06:24:52.5227637Z   PKG_CONFIG_PATH: /opt/hostedtoolcache/Python/3.10.22/x64/lib/pkgconfig
2026-10-10T06:24:52.5228099Z   Python_ROOT_DIR: /opt/hostedtoolcache/Python/3.10.22/x64
2026-10-10T06:24:52.5228515Z   Python2_ROOT_DIR: /opt/hostedtoolcache/Python/3.10.22/x64
2026-10-10T06:24:52.5228918Z   Python3_ROOT_DIR: /opt/hostedtoolcache/Python/3.10.22/x64
2026-10-10T06:24:52.5229322Z   LD_LIBRARY_PATH: /opt/hostedtoolcache/Python/3.10.22/x64/lib
2026-10-10T06:24:52.5229664Z ##[endgroup]
2026-10-10T06:24:52.9947445Z {
2026-10-10T06:24:52.9948035Z   "status": "passed",
2026-10-10T06:24:52.9948733Z   "counts": {
2026-10-10T06:24:52.9949366Z     "random_constraint_cases": 160,
2026-10-10T06:24:52.9950163Z     "empty_fibers": 20,
2026-10-10T06:24:52.9950847Z     "verified_infeasibility_cuts": 14,
2026-10-10T06:24:52.9951665Z     "verified_optimal_endpoints": 280,
2026-10-10T06:24:52.9952664Z     "altered_bound_certificates_rejected": 280,
2026-10-10T06:24:52.9953209Z     "exact_weighted_kernels": 67,
2026-10-10T06:24:52.9953666Z     "zero_mass_targets": 73,
2026-10-10T06:24:52.9954120Z     "exhaustive_3x3_support_catalogs": 512,
2026-10-10T06:24:52.9954646Z     "complete_4x4_cycles": 204
2026-10-10T06:24:52.9955052Z   }
2026-10-10T06:24:52.9955346Z }
2026-10-10T06:24:53.0066787Z ##[group]Run PYTHONPATH=src python -S experiments/cycle_mixtures.py --replay reports/cycle-mixtures.json
2026-10-10T06:24:53.0067592Z [36;1mPYTHONPATH=src python -S experiments/cycle_mixtures.py --replay reports/cycle-mixtures.json[0m
2026-10-10T06:24:53.0131515Z shell: /usr/bin/bash -e {0}
2026-10-10T06:24:53.0131793Z env:
2026-10-10T06:24:53.0132388Z   pythonLocation: /opt/hostedtoolcache/Python/3.10.22/x64
2026-10-10T06:24:53.0132879Z   PKG_CONFIG_PATH: /opt/hostedtoolcache/Python/3.10.22/x64/lib/pkgconfig
2026-10-10T06:24:53.0133364Z   Python_ROOT_DIR: /opt/hostedtoolcache/Python/3.10.22/x64
2026-10-10T06:24:53.0133798Z   Python2_ROOT_DIR: /opt/hostedtoolcache/Python/3.10.22/x64
2026-10-10T06:24:53.0134226Z   Python3_ROOT_DIR: /opt/hostedtoolcache/Python/3.10.22/x64
2026-10-10T06:24:53.0134655Z   LD_LIBRARY_PATH: /opt/hostedtoolcache/Python/3.10.22/x64/lib
2026-10-10T06:24:53.0135034Z ##[endgroup]
2026-10-10T06:25:02.0598184Z {
2026-10-10T06:25:02.0598713Z   "verified_gap_intervals": 8,
2026-10-10T06:25:02.0599160Z   "verified_family_upper_bounds": 4,
2026-10-10T06:25:02.0599595Z   "verified_strict_improvements": 6,
2026-10-10T06:25:02.0599984Z   "intervals": {
2026-10-10T06:25:02.0600309Z     "uniform_tables": {
2026-10-10T06:25:02.0600668Z       "equal_rectangles": {
2026-10-10T06:25:02.0601042Z         "lower_float64_display": 0.103869,
2026-10-10T06:25:02.0601486Z         "upper_float64_display": 0.10387023209121576
2026-10-10T06:25:02.0602308Z       },
2026-10-10T06:25:02.0602654Z       "tuned_rectangles": {
2026-10-10T06:25:02.0603051Z         "lower_float64_display": 0.164036,
2026-10-10T06:25:02.0603525Z         "upper_float64_display": 0.16403716288355116,
2026-10-10T06:25:02.0604104Z         "all_allowed_mixtures_upper_float64_display": 0.164046117414259
2026-10-10T06:25:02.0604639Z       },
2026-10-10T06:25:02.0604945Z       "equal_simple_cycles": {
2026-10-10T06:25:02.0605905Z         "lower_float64_display": 0.097826,
2026-10-10T06:25:02.0606378Z         "upper_float64_display": 0.0978275415725478
2026-10-10T06:25:02.0606804Z       },
2026-10-10T06:25:02.0607111Z       "tuned_simple_cycles": {
2026-10-10T06:25:02.0607500Z         "lower_float64_display": 0.169974,
2026-10-10T06:25:02.0607982Z         "upper_float64_display": 0.16997546269570155,
2026-10-10T06:25:02.0608556Z         "all_allowed_mixtures_upper_float64_display": 0.16997812992983594
2026-10-10T06:25:02.0609083Z       }
2026-10-10T06:25:02.0609358Z     },
2026-10-10T06:25:02.0609665Z     "conditional_poisson": {
2026-10-10T06:25:02.0610046Z       "equal_rectangles": {
2026-10-10T06:25:02.0610420Z         "lower_float64_display": 0.111515,
2026-10-10T06:25:02.0610877Z         "upper_float64_display": 0.11151639753948363
2026-10-10T06:25:02.0611315Z       },
2026-10-10T06:25:02.0611607Z       "tuned_rectangles": {
2026-10-10T06:25:02.0612271Z         "lower_float64_display": 0.176501,
2026-10-10T06:25:02.0612766Z         "upper_float64_display": 0.17650211810357713,
2026-10-10T06:25:02.0613393Z         "all_allowed_mixtures_upper_float64_display": 0.17650653395062768
2026-10-10T06:25:02.0614001Z       },
2026-10-10T06:25:02.0614327Z       "equal_simple_cycles": {
2026-10-10T06:25:02.0614755Z         "lower_float64_display": 0.104207,
2026-10-10T06:25:02.0615239Z         "upper_float64_display": 0.10420836153286263
2026-10-10T06:25:02.0615688Z       },
2026-10-10T06:25:02.0615996Z       "tuned_simple_cycles": {
2026-10-10T06:25:02.0616412Z         "lower_float64_display": 0.18358,
2026-10-10T06:25:02.0616899Z         "upper_float64_display": 0.18358187818894106,
2026-10-10T06:25:02.0617519Z         "all_allowed_mixtures_upper_float64_display": 0.18358337881682502
2026-10-10T06:25:02.0618093Z       }
2026-10-10T06:25:02.0618380Z     }
2026-10-10T06:25:02.0618663Z   }
2026-10-10T06:25:02.0618933Z }
2026-10-10T06:25:02.0743822Z ##[group]Run python examples/sparse_commute.py --output /tmp/sparse-commute.json
2026-10-10T06:25:02.0744470Z [36;1mpython examples/sparse_commute.py --output /tmp/sparse-commute.json[0m
2026-10-10T06:25:02.0812288Z shell: /usr/bin/bash -e {0}
2026-10-10T06:25:02.0812738Z env:
2026-10-10T06:25:02.0813194Z   pythonLocation: /opt/hostedtoolcache/Python/3.10.22/x64
2026-10-10T06:25:02.0813974Z   PKG_CONFIG_PATH: /opt/hostedtoolcache/Python/3.10.22/x64/lib/pkgconfig
2026-10-10T06:25:02.0814741Z   Python_ROOT_DIR: /opt/hostedtoolcache/Python/3.10.22/x64
2026-10-10T06:25:02.0815399Z   Python2_ROOT_DIR: /opt/hostedtoolcache/Python/3.10.22/x64
2026-10-10T06:25:02.0815802Z   Python3_ROOT_DIR: /opt/hostedtoolcache/Python/3.10.22/x64
2026-10-10T06:25:02.0816198Z   LD_LIBRARY_PATH: /opt/hostedtoolcache/Python/3.10.22/x64/lib
2026-10-10T06:25:02.0816538Z ##[endgroup]
2026-10-10T06:25:02.5576060Z {
2026-10-10T06:25:02.5576414Z   "output": "/tmp/sparse-commute.json",
2026-10-10T06:25:02.5576873Z   "feasible_table_count": 42,
2026-10-10T06:25:02.5577248Z   "conditional_poisson_normalizer": "582288",
2026-10-10T06:25:02.5577654Z   "uniform_metric_mean": "18700",
2026-10-10T06:25:02.5578041Z   "conditional_poisson_metric_mean": "196016150/12131",
2026-10-10T06:25:02.5578450Z   "minimum_metric": "9460",
2026-10-10T06:25:02.5578752Z   "maximum_metric": "25080"
2026-10-10T06:25:02.5579030Z }
2026-10-10T06:25:02.5700618Z ##[group]Run python examples/linear_metric_bounds.py --output /tmp/linear-bounds.json
2026-10-10T06:25:02.5701759Z [36;1mpython examples/linear_metric_bounds.py --output /tmp/linear-bounds.json[0m
2026-10-10T06:25:02.5784032Z shell: /usr/bin/bash -e {0}
2026-10-10T06:25:02.5784294Z env:
2026-10-10T06:25:02.5784567Z   pythonLocation: /opt/hostedtoolcache/Python/3.10.22/x64
2026-10-10T06:25:02.5785042Z   PKG_CONFIG_PATH: /opt/hostedtoolcache/Python/3.10.22/x64/lib/pkgconfig
2026-10-10T06:25:02.5785505Z   Python_ROOT_DIR: /opt/hostedtoolcache/Python/3.10.22/x64
2026-10-10T06:25:02.5785904Z   Python2_ROOT_DIR: /opt/hostedtoolcache/Python/3.10.22/x64
2026-10-10T06:25:02.5786301Z   Python3_ROOT_DIR: /opt/hostedtoolcache/Python/3.10.22/x64
2026-10-10T06:25:02.5786884Z   LD_LIBRARY_PATH: /opt/hostedtoolcache/Python/3.10.22/x64/lib
2026-10-10T06:25:02.5787211Z ##[endgroup]
2026-10-10T06:25:02.6440499Z Certified range: 9460 .. 25080 vehicle_miles_per_year
2026-10-10T06:25:02.6441372Z Report: /tmp/linear-bounds.json
2026-10-10T06:25:02.6677147Z Post job cleanup.
2026-10-10T06:25:02.7909279Z (node:2417) [DEP0040] DeprecationWarning: The `punycode` module is deprecated. Please use a userland alternative instead.
2026-10-10T06:25:02.7910239Z (Use `node --trace-deprecation ...` to show where the warning was created)
2026-10-10T06:25:02.8157489Z Post job cleanup.
2026-10-10T06:25:02.9095535Z [command]/usr/bin/git version
2026-10-10T06:25:02.9142639Z git version 2.55.0
2026-10-10T06:25:02.9188769Z Temporarily overriding HOME='/home/runner/work/_temp/74745e0c-7a72-48eb-b7ff-daab4e32a785' before making global git config changes
2026-10-10T06:25:02.9190237Z Adding repository directory to the temporary git global config as a safe directory
2026-10-10T06:25:02.9196300Z [command]/usr/bin/git config --global --add safe.directory /home/runner/work/contingency-tables/contingency-tables
2026-10-10T06:25:02.9241547Z [command]/usr/bin/git config --local --name-only --get-regexp core\.sshCommand
2026-10-10T06:25:02.9280831Z [command]/usr/bin/git submodule foreach --recursive sh -c "git config --local --name-only --get-regexp 'core\.sshCommand' && git config --local --unset-all 'core.sshCommand' || :"
2026-10-10T06:25:02.9559976Z [command]/usr/bin/git config --local --name-only --get-regexp http\.https\:\/\/github\.com\/\.extraheader
2026-10-10T06:25:02.9593609Z http.https://github.com/.extraheader
2026-10-10T06:25:02.9606540Z [command]/usr/bin/git config --local --unset-all http.https://github.com/.extraheader
2026-10-10T06:25:02.9643778Z [command]/usr/bin/git submodule foreach --recursive sh -c "git config --local --name-only --get-regexp 'http\.https\:\/\/github\.com\/\.extraheader' && git config --local --unset-all 'http.https://github.com/.extraheader' || :"
2026-10-10T06:25:02.9935762Z [command]/usr/bin/git config --local --name-only --get-regexp ^includeIf\.gitdir:
2026-10-10T06:25:02.9983225Z [command]/usr/bin/git submodule foreach --recursive git config --local --show-origin --name-only --get-regexp remote.origin.url
2026-10-10T06:25:03.0398886Z Cleaning up orphan processes
2026-10-10T06:25:03.0792714Z ##[warning]Node.js 20 is deprecated. The following actions target Node.js 20 but are being forced to run on Node.js 24: actions/checkout@v4, actions/setup-python@v5. For more information see: https://github.blog/changelog/2025-09-19-deprecation-of-node-20-on-github-actions-runners/
