python3 -m unittest discover -s tests -v
test_blocks_can_regress_when_burn_in_is_cheap (test_block_budgets.BlockBudgetTests.test_blocks_can_regress_when_burn_in_is_cheap) ... ok
test_eighth_policy_reduces_total_work_against_quarter_on_reference_case (test_block_budgets.BlockBudgetTests.test_eighth_policy_reduces_total_work_against_quarter_on_reference_case) ... ok
test_exact_chebyshev_median_and_coupling_allocations (test_block_budgets.BlockBudgetTests.test_exact_chebyshev_median_and_coupling_allocations) ... ok
test_exact_general_failure_targets_and_eighth_search_cap (test_block_budgets.BlockBudgetTests.test_exact_general_failure_targets_and_eighth_search_cap) ... ok
test_exact_lag_bounds_for_two_state_chains (test_block_budgets.BlockBudgetTests.test_exact_lag_bounds_for_two_state_chains) ... ok
test_exact_majority_tail_and_minimal_odd_count (test_block_budgets.BlockBudgetTests.test_exact_majority_tail_and_minimal_odd_count) ... ok
test_finite_block_tails_and_independent_median_distribution (test_block_budgets.BlockBudgetTests.test_finite_block_tails_and_independent_median_distribution) ... ok
test_independence_negative_controls (test_block_budgets.BlockBudgetTests.test_independence_negative_controls) ... ok
test_input_validation_and_generic_support (test_block_budgets.BlockBudgetTests.test_input_validation_and_generic_support) ... ok
test_median_law_monotonicity_and_rounding_with_order_changes (test_block_budgets.BlockBudgetTests.test_median_law_monotonicity_and_rounding_with_order_changes) ... ok
test_stationary_variance_against_full_finite_block_laws (test_block_budgets.BlockBudgetTests.test_stationary_variance_against_full_finite_block_laws) ... ok
test_work_accounting_tracks_evaluation_tradeoff (test_block_budgets.BlockBudgetTests.test_work_accounting_tracks_evaluation_tradeoff) ... ok
test_zero_height_and_one_observation_boundaries (test_block_budgets.BlockBudgetTests.test_zero_height_and_one_observation_boundaries) ... ok
test_all_binary_two_by_three_supports_and_attainable_margins (test_block_sampler.BlockSamplerTests.test_all_binary_two_by_three_supports_and_attainable_margins) ... ok
test_all_three_by_three_blocks_against_cycle_union_oracle (test_block_sampler.BlockSamplerTests.test_all_three_by_three_blocks_against_cycle_union_oracle) ... ok
test_bridge_between_components_and_cycle_dp_hybrid (test_block_sampler.BlockSamplerTests.test_bridge_between_components_and_cycle_dp_hybrid) ... ok
test_complex_blocks_share_articulation_and_fixed_chord (test_block_sampler.BlockSamplerTests.test_complex_blocks_share_articulation_and_fixed_chord) ... ok
test_correlated_uniform_marginals_do_not_satisfy_rng_contract (test_block_sampler.BlockSamplerTests.test_correlated_uniform_marginals_do_not_satisfy_rng_contract) ... ok
test_disconnected_empty_and_zero_fibers (test_block_sampler.BlockSamplerTests.test_disconnected_empty_and_zero_fibers) ... ok
test_exact_weighted_random_choice_tree (test_block_sampler.BlockSamplerTests.test_exact_weighted_random_choice_tree) ... ok
test_huge_cycle_width_and_many_small_complex_blocks (test_block_sampler.BlockSamplerTests.test_huge_cycle_width_and_many_small_complex_blocks) ... ok
test_seeded_bounded_product_laws_and_zero_activities (test_block_sampler.BlockSamplerTests.test_seeded_bounded_product_laws_and_zero_activities) ... ok
test_shared_and_per_block_dp_limits_are_distinct_and_sticky (test_block_sampler.BlockSamplerTests.test_shared_and_per_block_dp_limits_are_distinct_and_sticky) ... ok
test_shared_cycle_preparation_limit_and_weight_preflight (test_block_sampler.BlockSamplerTests.test_shared_cycle_preparation_limit_and_weight_preflight) ... ok
test_weighted_dp_failure_precedes_any_rng (test_block_sampler.BlockSamplerTests.test_weighted_dp_failure_precedes_any_rng) ... ok
test_zero_mass_and_bad_inputs (test_block_sampler.BlockSamplerTests.test_zero_mass_and_bad_inputs) ... ok
test_cost_and_domination_are_distinct (test_budgets.CorrectionTests.test_cost_and_domination_are_distinct) ... ok
test_count_bound_against_independent_enumeration (test_budgets.CorrectionTests.test_count_bound_against_independent_enumeration) ... ok
test_gate_law_and_expected_reads_exhaustively (test_budgets.CorrectionTests.test_gate_law_and_expected_reads_exhaustively) ... ok
test_residuals_and_mixture_on_all_small_dyadic_laws (test_budgets.CorrectionTests.test_residuals_and_mixture_on_all_small_dyadic_laws) ... ok
test_sharp_integer_domination_threshold (test_budgets.CorrectionTests.test_sharp_integer_domination_threshold) ... ok
test_actual_annealing_step_controls_counts_and_mass (test_budgets.CountingBudgetTests.test_actual_annealing_step_controls_counts_and_mass) ... ok
test_actual_rational_bisection_at_exponent_and_rounding_boundaries (test_budgets.CountingBudgetTests.test_actual_rational_bisection_at_exponent_and_rounding_boundaries) ... ok
test_bernstein_variance_bound_is_attained_by_an_endpoint_law (test_budgets.CountingBudgetTests.test_bernstein_variance_bound_is_attained_by_an_endpoint_law) ... ok
test_common_allocation_remains_available (test_budgets.CountingBudgetTests.test_common_allocation_remains_available) ... ok
test_concentration_coupling_and_mixing_allocations (test_budgets.CountingBudgetTests.test_concentration_coupling_and_mixing_allocations) ... ok
test_correction_rounding_bounds_cover_the_larger_sigma_range (test_budgets.CountingBudgetTests.test_correction_rounding_bounds_cover_the_larger_sigma_range) ... ok
test_custom_support_narrower_than_ratio_range (test_budgets.CountingBudgetTests.test_custom_support_narrower_than_ratio_range) ... ok
test_extracted_counting_gap_constant (test_budgets.CountingBudgetTests.test_extracted_counting_gap_constant) ... ok
test_product_policy_all_factors_at_boundary (test_budgets.CountingBudgetTests.test_product_policy_all_factors_at_boundary) ... ok
test_sharp_source_concentration_constants (test_budgets.CountingBudgetTests.test_sharp_source_concentration_constants) ... ok
test_sharp_source_support_population_and_floor_bounds (test_budgets.CountingBudgetTests.test_sharp_source_support_population_and_floor_bounds) ... ok
test_source_sigma_policy_compatibility (test_budgets.CountingBudgetTests.test_source_sigma_policy_compatibility) ... ok
test_logarithms_and_ceilings_without_float (test_budgets.ExactArithmeticTests.test_logarithms_and_ceilings_without_float) ... ok
test_reject_inexact_or_out_of_domain_inputs (test_budgets.ExactArithmeticTests.test_reject_inexact_or_out_of_domain_inputs) ... ok
test_dense_failure_uses_exact_survival_probability (test_budgets.SamplingBudgetTests.test_dense_failure_uses_exact_survival_probability) ... ok
test_generic_mass_and_gap_inputs (test_budgets.SamplingBudgetTests.test_generic_mass_and_gap_inputs) ... ok
test_offset_formula_against_enumerated_actual_law (test_budgets.SamplingBudgetTests.test_offset_formula_against_enumerated_actual_law) ... ok
test_outer_three_independent_error_certificates (test_budgets.SamplingBudgetTests.test_outer_three_independent_error_certificates) ... ok
test_updated_denominator_allowance (test_budgets.SamplingBudgetTests.test_updated_denominator_allowance) ... ok
test_cycle_rejected (test_build_lean_serial.GraphTests.test_cycle_rejected) ... ok
test_deep_graph_is_not_limited_by_python_recursion (test_build_lean_serial.GraphTests.test_deep_graph_is_not_limited_by_python_recursion) ... ok
test_diamond_order_roots_and_external_boundary (test_build_lean_serial.GraphTests.test_diamond_order_roots_and_external_boundary) ... ok
test_missing_source_propagates (test_build_lean_serial.GraphTests.test_missing_source_propagates) ... ok
test_implicit_init_and_duplicates (test_build_lean_serial.HeaderTests.test_implicit_init_and_duplicates) ... ok
test_invalid_header_modifiers_and_unclosed_header_comment (test_build_lean_serial.HeaderTests.test_invalid_header_modifiers_and_unclosed_header_comment) ... ok
test_module_modifiers_and_same_line_imports (test_build_lean_serial.HeaderTests.test_module_modifiers_and_same_line_imports) ... ok
test_native_windows_import_and_explicit_cli_boundary (test_build_lean_serial.HeaderTests.test_native_windows_import_and_explicit_cli_boundary) ... ok
test_nested_comments_and_proof_body_are_not_imports (test_build_lean_serial.HeaderTests.test_nested_comments_and_proof_body_are_not_imports) ... ok
test_unsupported_imports_fail_instead_of_disappearing (test_build_lean_serial.HeaderTests.test_unsupported_imports_fail_instead_of_disappearing) ... ok
test_dependencies_checked_then_single_explicit_module_target (test_build_lean_serial.SerialExecutionTests.test_dependencies_checked_then_single_explicit_module_target) ... ok
test_failed_module_stops_before_next_module (test_build_lean_serial.SerialExecutionTests.test_failed_module_stops_before_next_module) ... ok
test_interruption_does_not_record_a_success (test_build_lean_serial.SerialExecutionTests.test_interruption_does_not_record_a_success) ... ok
test_missing_dependency_blocks_compile (test_build_lean_serial.SerialExecutionTests.test_missing_dependency_blocks_compile) ... ok
test_source_change_during_dependency_check_blocks_compile (test_build_lean_serial.SerialExecutionTests.test_source_change_during_dependency_check_blocks_compile) ... ok
test_source_removed_before_build_blocks_all_processes (test_build_lean_serial.SerialExecutionTests.test_source_removed_before_build_blocks_all_processes) ... ok
test_all_binary_two_by_three_supports_and_attainable_margins (test_cactus.CactusTests.test_all_binary_two_by_three_supports_and_attainable_margins) ... ok
test_all_three_by_three_graphs_against_simple_cycle_oracle (test_cactus.CactusTests.test_all_three_by_three_graphs_against_simple_cycle_oracle) ... ok
test_binary_encoded_huge_width_uses_mixed_radix (test_cactus.CactusTests.test_binary_encoded_huge_width_uses_mixed_radix) ... ok
test_cycles_can_share_vertices_and_fixed_chords_are_removed (test_cactus.CactusTests.test_cycles_can_share_vertices_and_fixed_chords_are_removed) ... ok
test_disconnected_cycles_bridges_and_positive_lower_bounds (test_cactus.CactusTests.test_disconnected_cycles_bridges_and_positive_lower_bounds) ... ok
test_empty_zero_and_forest_fibers (test_cactus.CactusTests.test_empty_zero_and_forest_fibers) ... ok
test_rank_parameters_and_structural_budgets (test_cactus.CactusTests.test_rank_parameters_and_structural_budgets) ... ok
test_storage_plan_with_large_rational_activity_coefficients (test_cactus.CactusTests.test_storage_plan_with_large_rational_activity_coefficients) ... ok
test_weight_planner_rejects_before_weight_arithmetic_or_rng (test_cactus.CactusTests.test_weight_planner_rejects_before_weight_arithmetic_or_rng) ... ok
test_weighted_empty_and_validation (test_cactus.CactusTests.test_weighted_empty_and_validation) ... ok
test_weighted_factorization_against_seeded_dp (test_cactus.CactusTests.test_weighted_factorization_against_seeded_dp) ... ok
test_weighted_random_choice_tree_is_exact (test_cactus.CactusTests.test_weighted_random_choice_tree_is_exact) ... ok
test_zero_activities_restrict_intervals_before_planning (test_cactus.CactusTests.test_zero_activities_restrict_intervals_before_planning) ... ok
test_constant_observable (test_chain_diagnostics.StationaryVarianceTests.test_constant_observable) ... ok
test_disconnected_different_means (test_chain_diagnostics.StationaryVarianceTests.test_disconnected_different_means) ... ok
test_disconnected_identical_means_have_finite_stationary_ensemble_limit (test_chain_diagnostics.StationaryVarianceTests.test_disconnected_identical_means_have_finite_stationary_ensemble_limit) ... ok
test_iid_weighted_two_states (test_chain_diagnostics.StationaryVarianceTests.test_iid_weighted_two_states) ... ok
test_null_target_states_are_excluded (test_chain_diagnostics.StationaryVarianceTests.test_null_target_states_are_excluded) ... ok
test_periodic_alternation_has_zero_limit_not_covariance_sum (test_chain_diagnostics.StationaryVarianceTests.test_periodic_alternation_has_zero_limit_not_covariance_sum) ... ok
test_persistent_two_state_analytic_answer (test_chain_diagnostics.StationaryVarianceTests.test_persistent_two_state_analytic_answer) ... ok
test_validation_and_resource_failures (test_chain_diagnostics.StationaryVarianceTests.test_validation_and_resource_failures) ... ok
test_an_omitted_headline_is_not_verified_by_a_large_count (test_claims_ledger.ClaimsLedgerTests.test_an_omitted_headline_is_not_verified_by_a_large_count) ... ok
test_audit_driver_uses_receipt_modules_and_every_ledger_headline (test_claims_ledger.ClaimsLedgerTests.test_audit_driver_uses_receipt_modules_and_every_ledger_headline) ... ok
test_changed_raw_log_fails_even_when_receipt_count_is_unchanged (test_claims_ledger.ClaimsLedgerTests.test_changed_raw_log_fails_even_when_receipt_count_is_unchanged) ... ok
test_changed_receipt_digest_and_unknown_status_fail (test_claims_ledger.ClaimsLedgerTests.test_changed_receipt_digest_and_unknown_status_fail) ... ok
test_claim_scope_is_bound_and_overlap_claim_fails (test_claims_ledger.ClaimsLedgerTests.test_claim_scope_is_bound_and_overlap_claim_fails) ... ok
test_commit_binding_kinds_cannot_invent_or_drop_base_commit (test_claims_ledger.ClaimsLedgerTests.test_commit_binding_kinds_cannot_invent_or_drop_base_commit) ... ok
test_current_summary_prefers_integrated_scope_without_adding_historical_overlap (test_claims_ledger.ClaimsLedgerTests.test_current_summary_prefers_integrated_scope_without_adding_historical_overlap) ... ok
test_delivered_scopes_replay_and_linux_overlap_is_not_added (test_claims_ledger.ClaimsLedgerTests.test_delivered_scopes_replay_and_linux_overlap_is_not_added) ... ok
test_empty_claims_cannot_leave_only_counts (test_claims_ledger.ClaimsLedgerTests.test_empty_claims_cannot_leave_only_counts) ... ok
test_generated_section_replacement_preserves_outside_and_requires_markers (test_claims_ledger.ClaimsLedgerTests.test_generated_section_replacement_preserves_outside_and_requires_markers) ... ok
test_headline_cannot_be_bound_to_an_unrelated_verified_source (test_claims_ledger.ClaimsLedgerTests.test_headline_cannot_be_bound_to_an_unrelated_verified_source) ... ok
test_historical_changed_sources_cannot_be_promoted_to_current (test_claims_ledger.ClaimsLedgerTests.test_historical_changed_sources_cannot_be_promoted_to_current) ... ok
test_paths_cannot_escape_the_repository (test_claims_ledger.ClaimsLedgerTests.test_paths_cannot_escape_the_repository) ... ok
test_summary_cannot_hide_current_receipt_or_reference_unvalidated_scope (test_claims_ledger.ClaimsLedgerTests.test_summary_cannot_hide_current_receipt_or_reference_unvalidated_scope) ... ok
test_a_present_nonfile_upstream_path_is_not_treated_as_absent (test_claims_ledger.CleanCloneSourceChecks.test_a_present_nonfile_upstream_path_is_not_treated_as_absent) ... ok
test_any_present_upstream_file_is_checked_and_changes_reject_current (test_claims_ledger.CleanCloneSourceChecks.test_any_present_upstream_file_is_checked_and_changes_reject_current) ... ok
test_clean_clone_preserves_exact_upstream_digest_and_reports_unchecked (test_claims_ledger.CleanCloneSourceChecks.test_clean_clone_preserves_exact_upstream_digest_and_reports_unchecked) ... ok
test_missing_or_changed_headline_source_remains_a_blocker (test_claims_ledger.CleanCloneSourceChecks.test_missing_or_changed_headline_source_remains_a_blocker) ... ok
test_missing_or_changed_owned_dependency_remains_a_blocker (test_claims_ledger.CleanCloneSourceChecks.test_missing_or_changed_owned_dependency_remains_a_blocker) ... ok
test_other_ignored_prefix_cannot_hide_missing_owned_inputs (test_claims_ledger.CleanCloneSourceChecks.test_other_ignored_prefix_cannot_hide_missing_owned_inputs) ... ok
test_unpinned_absent_upstream_is_not_exempt (test_claims_ledger.CleanCloneSourceChecks.test_unpinned_absent_upstream_is_not_exempt) ... ok
test_budget_and_watchdog_do_not_claim_partial_bounds (test_commute_scaling.CommuteScalingTests.test_budget_and_watchdog_do_not_claim_partial_bounds) ... ok
test_generator_is_deterministic_nested_and_feasible (test_commute_scaling.CommuteScalingTests.test_generator_is_deterministic_nested_and_feasible) ... ok
test_small_report_json_reconstructs_verified_results (test_commute_scaling.CommuteScalingTests.test_small_report_json_reconstructs_verified_results) ... ok
test_switch_product_constructs_distinct_feasible_tables (test_commute_scaling.CommuteScalingTests.test_switch_product_constructs_distinct_feasible_tables) ... ok
test_switch_verifier_rejects_tampering (test_commute_scaling.CommuteScalingTests.test_switch_verifier_rejects_tampering) ... ok
test_every_small_worker_law_against_independent_exact_combinatorics (test_commuting_backtest.PublicCommutingBacktestTests.test_every_small_worker_law_against_independent_exact_combinatorics) ... ok
test_invalid_or_over_budget_margins_fail_without_partial_result (test_commuting_backtest.PublicCommutingBacktestTests.test_invalid_or_over_budget_margins_fail_without_partial_result) ... ok
test_joint_changes_scoring_but_cannot_change_margin_prediction (test_commuting_backtest.PublicCommutingBacktestTests.test_joint_changes_scoring_but_cannot_change_margin_prediction) ... ok
test_official_checksum_match_must_be_unambiguous (test_commuting_backtest.PublicCommutingBacktestTests.test_official_checksum_match_must_be_unambiguous) ... ok
test_public_snapshot_is_complete_pinned_and_exhaustively_selected (test_commuting_backtest.PublicCommutingBacktestTests.test_public_snapshot_is_complete_pinned_and_exhaustively_selected) ... ok
test_report_denominators_distinguish_repeated_cells_and_fixed_metric (test_commuting_backtest.PublicCommutingBacktestTests.test_report_denominators_distinguish_repeated_cells_and_fixed_metric) ... ok
test_snapshot_corruption_is_rejected (test_commuting_backtest.PublicCommutingBacktestTests.test_snapshot_corruption_is_rejected) ... ok
test_source_aggregation_orientation_and_zero_completion (test_commuting_backtest.PublicCommutingBacktestTests.test_source_aggregation_orientation_and_zero_completion) ... ok
test_uniform_quantiles_and_moments_against_enumerated_integer_support (test_commuting_backtest.PublicCommutingBacktestTests.test_uniform_quantiles_and_moments_against_enumerated_integer_support) ... ok
test_worker_large_symmetric_support_mean_and_endpoint_symmetry (test_commuting_backtest.PublicCommutingBacktestTests.test_worker_large_symmetric_support_mean_and_endpoint_symmetry) ... ok
test_before_after_inventory_detects_object_mutation_and_new_object (test_environment_audit_runner.EnvironmentRunnerTests.test_before_after_inventory_detects_object_mutation_and_new_object) ... ok
test_custom_axioms_and_inconsistent_axiom_classification_fail (test_environment_audit_runner.EnvironmentRunnerTests.test_custom_axioms_and_inconsistent_axiom_classification_fail) ... ok
test_driver_uses_all_frozen_modules_and_distinct_helper_prefix (test_environment_audit_runner.EnvironmentRunnerTests.test_driver_uses_all_frozen_modules_and_distinct_helper_prefix) ... ok
test_empty_inventory_root_appearance_and_disappearance_change_snapshots (test_environment_audit_runner.EnvironmentRunnerTests.test_empty_inventory_root_appearance_and_disappearance_change_snapshots) ... ok
test_exact_headline_dependency_closure_cannot_omit_or_add_dependencies (test_environment_audit_runner.EnvironmentRunnerTests.test_exact_headline_dependency_closure_cannot_omit_or_add_dependencies) ... ok
test_existing_nondirectory_inventory_entry_remains_rejected (test_environment_audit_runner.EnvironmentRunnerTests.test_existing_nondirectory_inventory_entry_remains_rejected) ... ok
test_failure_receipt_is_preserved_and_attempt_cannot_be_overwritten (test_environment_audit_runner.EnvironmentRunnerTests.test_failure_receipt_is_preserved_and_attempt_cannot_be_overwritten) ... ok
test_import_and_native_runtime_directories_must_all_be_inventoried (test_environment_audit_runner.EnvironmentRunnerTests.test_import_and_native_runtime_directories_must_all_be_inventoried) ... ok
test_ir_signature_mutation_and_new_companion_are_bound (test_environment_audit_runner.EnvironmentRunnerTests.test_ir_signature_mutation_and_new_companion_are_bound) ... ok
test_json_framing_and_duplicate_keys_fail_closed (test_environment_audit_runner.EnvironmentRunnerTests.test_json_framing_and_duplicate_keys_fail_closed) ... ok
test_lean_prefix_shadowing_matches_pinned_search_path_semantics (test_environment_audit_runner.EnvironmentRunnerTests.test_lean_prefix_shadowing_matches_pinned_search_path_semantics) ... ok
test_missing_modules_headlines_and_known_declarations_fail (test_environment_audit_runner.EnvironmentRunnerTests.test_missing_modules_headlines_and_known_declarations_fail) ... ok
test_new_helper_companion_is_detected_in_complete_helper_inventory (test_environment_audit_runner.EnvironmentRunnerTests.test_new_helper_companion_is_detected_in_complete_helper_inventory) ... ok
test_nonzero_exit_or_stderr_cannot_be_rescued_by_valid_json (test_environment_audit_runner.EnvironmentRunnerTests.test_nonzero_exit_or_stderr_cannot_be_rescued_by_valid_json) ... ok
test_path_inventory_coverage_cannot_be_spoofed_with_parent_traversal (test_environment_audit_runner.EnvironmentRunnerTests.test_path_inventory_coverage_cannot_be_spoofed_with_parent_traversal) ... ok
test_scope_and_kind_count_mismatches_fail (test_environment_audit_runner.EnvironmentRunnerTests.test_scope_and_kind_count_mismatches_fail) ... ok
test_unexpected_source_bound_project_import_cannot_hide_as_cache (test_environment_audit_runner.EnvironmentRunnerTests.test_unexpected_source_bound_project_import_cannot_hide_as_cache) ... ok
test_unicode_lean_statement_survives_utf8_json_roundtrip (test_environment_audit_runner.EnvironmentRunnerTests.test_unicode_lean_statement_survives_utf8_json_roundtrip) ... ok
test_unused_missing_inventory_root_is_bound_without_filtering_search_path (test_environment_audit_runner.EnvironmentRunnerTests.test_unused_missing_inventory_root_is_bound_without_filtering_search_path) ... ok
test_valid_report_includes_unlisted_and_private_dependencies (test_environment_audit_runner.EnvironmentRunnerTests.test_valid_report_includes_unlisted_and_private_dependencies) ... ok
test_budget_caps_fail_without_partial_results (test_ideal_chain.IdealChainTests.test_budget_caps_fail_without_partial_results) ... ok
test_exact_censoring_and_physical_return_time (test_ideal_chain.IdealChainTests.test_exact_censoring_and_physical_return_time) ... ok
test_feasibility_equations_and_fibre_margins (test_ideal_chain.IdealChainTests.test_feasibility_equations_and_fibre_margins) ... ok
test_independent_doubled_exchange_and_repair_edges (test_ideal_chain.IdealChainTests.test_independent_doubled_exchange_and_repair_edges) ... ok
test_independent_first_hit_equations_on_embedded_jump_chain (test_ideal_chain.IdealChainTests.test_independent_first_hit_equations_on_embedded_jump_chain) ... ok
test_literal_excursion_counts_holds_and_enforces_cap (test_ideal_chain.IdealChainTests.test_literal_excursion_counts_holds_and_enforces_cap) ... ok
test_literal_mixed_large_crossing_and_unique_completions (test_ideal_chain.IdealChainTests.test_literal_mixed_large_crossing_and_unique_completions) ... ok
test_literal_parameters_state_set_and_empty_fibres (test_ideal_chain.IdealChainTests.test_literal_parameters_state_set_and_empty_fibres) ... ok
test_literal_rng_decision_tree_including_holds_and_rejections (test_ideal_chain.IdealChainTests.test_literal_rng_decision_tree_including_holds_and_rejections) ... ok
test_nontrivial_completion_translation_is_source_star_not_metropolis (test_ideal_chain.IdealChainTests.test_nontrivial_completion_translation_is_source_star_not_metropolis) ... ok
test_rejects_changed_target_and_malformed_input (test_ideal_chain.IdealChainTests.test_rejects_changed_target_and_malformed_input) ... ok
test_stationary_output_bijection_and_conditional_uniformity (test_ideal_chain.IdealChainTests.test_stationary_output_bijection_and_conditional_uniformity) ... ok
test_zero_margins_degenerate_rectangles_and_parameter_bits (test_ideal_chain.IdealChainTests.test_zero_margins_degenerate_rectangles_and_parameter_bits) ... ok
test_saved_certificate_matches_independent_graph_and_backend (test_ideal_two_by_two.IdealTwoByTwoCertificate.test_saved_certificate_matches_independent_graph_and_backend) ... ok
test_catalog_has_all_nine_rectangles_and_six_hexagons_in_k33 (test_kernels.CycleKernelTests.test_catalog_has_all_nine_rectangles_and_six_hexagons_in_k33) ... ok
test_complete_fiber_is_required_and_caps_fail_before_allocation (test_kernels.CycleKernelTests.test_complete_fiber_is_required_and_caps_fail_before_allocation) ... ok
test_full_line_draw_reaches_every_two_by_two_table (test_kernels.CycleKernelTests.test_full_line_draw_reaches_every_two_by_two_table) ... ok
test_invalid_cycles_are_rejected (test_kernels.CycleKernelTests.test_invalid_cycles_are_rejected) ... ok
test_nonuniform_input_fixed_catalog_mixture_is_reversible (test_kernels.CycleKernelTests.test_nonuniform_input_fixed_catalog_mixture_is_reversible) ... ok
test_optional_spectral_diagnostic_on_exactly_known_cases (test_kernels.CycleKernelTests.test_optional_spectral_diagnostic_on_exactly_known_cases) ... ok
test_rational_weighted_bounded_kernel_and_null_states (test_kernels.CycleKernelTests.test_rational_weighted_bounded_kernel_and_null_states) ... ok
test_sparse_six_cycle_is_frozen_for_rectangle_moves (test_kernels.CycleKernelTests.test_sparse_six_cycle_is_frozen_for_rectangle_moves) ... ok
test_weighted_conditional_line_is_not_a_uniform_line (test_kernels.CycleKernelTests.test_weighted_conditional_line_is_not_a_uniform_line) ... ok
test_dense_actual_scales_and_ambient_d (test_lattice_completion.LatticeCompletionTests.test_dense_actual_scales_and_ambient_d) ... ok
test_every_tiny_fine_table_and_balanced_preimages (test_lattice_completion.LatticeCompletionTests.test_every_tiny_fine_table_and_balanced_preimages) ... ok
test_exact_geometric_arithmetic_and_preallocation_budget (test_lattice_completion.LatticeCompletionTests.test_exact_geometric_arithmetic_and_preallocation_budget) ... ok
test_negative_decoding_and_sharp_rounding_error (test_lattice_completion.LatticeCompletionTests.test_negative_decoding_and_sharp_rounding_error) ... ok
test_random_higher_dimension_roundtrips_and_independent_prefix_residues (test_lattice_completion.LatticeCompletionTests.test_random_higher_dimension_roundtrips_and_independent_prefix_residues) ... ok
test_semantic_bounds_and_invalid_inputs (test_lattice_completion.LatticeCompletionTests.test_semantic_bounds_and_invalid_inputs) ... ok
test_singleton_dimensions_have_one_preimage_and_zero_rounding_error (test_lattice_completion.LatticeCompletionTests.test_singleton_dimensions_have_one_preimage_and_zero_rounding_error) ... ok
test_empty_and_multiline_axiom_reports_are_both_counted (test_lean_axiom_audit.LeanAxiomAudit.test_empty_and_multiline_axiom_reports_are_both_counted) ... ok
test_empty_or_duplicate_requests_fail (test_lean_axiom_audit.LeanAxiomAudit.test_empty_or_duplicate_requests_fail) ... ok
test_missing_duplicated_unrequested_or_reordered_reports_fail (test_lean_axiom_audit.LeanAxiomAudit.test_missing_duplicated_unrequested_or_reordered_reports_fail) ... ok
test_nonstandard_axioms_fail (test_lean_axiom_audit.LeanAxiomAudit.test_nonstandard_axioms_fail) ... ok
test_unrecognized_lean_report_fails_closed (test_lean_axiom_audit.LeanAxiomAudit.test_unrecognized_lean_report_fails_closed) ... ok
test_certifies_algebraic_not_absolute_gap (test_mixtures.ExactMixtureTests.test_certifies_algebraic_not_absolute_gap) ... ok
test_disconnected_kernel_has_zero_gap (test_mixtures.ExactMixtureTests.test_disconnected_kernel_has_zero_gap) ... ok
test_exact_nonuniform_two_state_gap_and_sharp_witness (test_mixtures.ExactMixtureTests.test_exact_nonuniform_two_state_gap_and_sharp_witness) ... ok
test_fixed_mixture_and_global_dual_certificate (test_mixtures.ExactMixtureTests.test_fixed_mixture_and_global_dual_certificate) ... ok
test_fraction_free_psd_against_all_principal_minors (test_mixtures.ExactMixtureTests.test_fraction_free_psd_against_all_principal_minors) ... ok
test_kernel_validation_is_exact (test_mixtures.ExactMixtureTests.test_kernel_validation_is_exact) ... ok
test_mixture_and_witness_validation (test_mixtures.ExactMixtureTests.test_mixture_and_witness_validation) ... ok
test_psd_input_validation_and_dimension_budget (test_mixtures.ExactMixtureTests.test_psd_input_validation_and_dimension_budget) ... ok
test_psd_rational_rank_and_skipped_zero_pivots (test_mixtures.ExactMixtureTests.test_psd_rational_rank_and_skipped_zero_pivots) ... ok
test_zero_target_mass_and_singleton_convention (test_mixtures.ExactMixtureTests.test_zero_target_mass_and_singleton_convention) ... ok
test_certificate_verifier_is_independent_of_optimizer (test_optimize.CertificateTests.test_certificate_verifier_is_independent_of_optimizer) ... ok
test_elementary_infeasibility_is_explicit (test_optimize.CertificateTests.test_elementary_infeasibility_is_explicit) ... ok
test_lower_shifted_support_obstruction (test_optimize.CertificateTests.test_lower_shifted_support_obstruction) ... ok
test_support_obstruction_has_independent_cut_certificate (test_optimize.CertificateTests.test_support_obstruction_has_independent_cut_certificate) ... ok
test_tampered_witness_cost_direction_value_and_potentials_fail (test_optimize.CertificateTests.test_tampered_witness_cost_direction_value_and_potentials_fail) ... ok
test_all_two_by_two_small_caps (test_optimize.LinearBoundsTests.test_all_two_by_two_small_caps) ... ok
test_binary_capacities_are_not_expanded_to_units (test_optimize.LinearBoundsTests.test_binary_capacities_are_not_expanded_to_units) ... ok
test_budget_is_shared_and_never_returns_partial_range (test_optimize.LinearBoundsTests.test_budget_is_shared_and_never_returns_partial_range) ... ok
test_clearing_coprime_denominators_preserves_exact_results (test_optimize.LinearBoundsTests.test_clearing_coprime_denominators_preserves_exact_results) ... ok
test_deterministic_input_validation (test_optimize.LinearBoundsTests.test_deterministic_input_validation) ... ok
test_fixed_cells_and_zero_total (test_optimize.LinearBoundsTests.test_fixed_cells_and_zero_total) ... ok
test_row_column_cost_shifts_and_transpose (test_optimize.LinearBoundsTests.test_row_column_cost_shifts_and_transpose) ... ok
test_seeded_bounded_lower_shifted_rectangles (test_optimize.LinearBoundsTests.test_seeded_bounded_lower_shifted_rectangles) ... ok
test_synthetic_commute_range (test_optimize.LinearBoundsTests.test_synthetic_commute_range) ... ok
test_budget_report_contains_no_partial_endpoints (test_optimize.ReportTests.test_budget_report_contains_no_partial_endpoints) ... ok
test_example_rejects_float_and_boolean_coefficients (test_optimize.ReportTests.test_example_rejects_float_and_boolean_coefficients) ... ok
test_serialized_cut_report_and_elementary_failure (test_optimize.ReportTests.test_serialized_cut_report_and_elementary_failure) ... ok
test_serialized_report_has_independently_verifiable_endpoints (test_optimize.ReportTests.test_serialized_report_has_independently_verifiable_endpoints) ... ok
test_direct_counts_and_incidence_degrees (test_padding_barrier.PaddingCountTests.test_direct_counts_and_incidence_degrees) ... ok
test_large_dimension_exact_count_and_bit_budget_certificate (test_padding_barrier.PaddingCountTests.test_large_dimension_exact_count_and_bit_budget_certificate) ... ok
test_necessary_threshold_is_not_sufficient (test_padding_barrier.PaddingCountTests.test_necessary_threshold_is_not_sufficient) ... ok
test_two_by_two_equality_and_half_acceptance_boundary (test_padding_barrier.PaddingCountTests.test_two_by_two_equality_and_half_acceptance_boundary) ... ok
test_budget_rejection_occurs_before_binomial_evaluation (test_padding_barrier.PaddingValidationTests.test_budget_rejection_occurs_before_binomial_evaluation) ... ok
test_reject_malformed_parameters (test_padding_barrier.PaddingValidationTests.test_reject_malformed_parameters) ... ok
test_target_must_belong_to_the_padded_family (test_padding_barrier.PaddingValidationTests.test_target_must_belong_to_the_padded_family) ... ok
test_actual_padded_fibers_for_every_marked_set (test_padding_growth.SequentialPaddingTests.test_actual_padded_fibers_for_every_marked_set) ... ok
test_degenerate_cases_and_validation (test_padding_growth.SequentialPaddingTests.test_degenerate_cases_and_validation) ... ok
test_power_bound_with_exact_independent_powers (test_padding_growth.SequentialPaddingTests.test_power_bound_with_exact_independent_powers) ... ok
test_rational_certificate_and_large_dimensions (test_padding_growth.SequentialPaddingTests.test_rational_certificate_and_large_dimensions) ... ok
test_shape_threshold (test_padding_growth.SequentialPaddingTests.test_shape_threshold) ... ok
test_bad_configuration (test_sampler_benchmarks.Benchmarks.test_bad_configuration) ... ok
test_bad_rng_rank_and_negative_mass (test_sampler_benchmarks.Benchmarks.test_bad_rng_rank_and_negative_mass) ... ok
test_diagnostics (test_sampler_benchmarks.Benchmarks.test_diagnostics) ... ok
test_exact_diagnostic_cap_is_reported (test_sampler_benchmarks.Benchmarks.test_exact_diagnostic_cap_is_reported) ... ok
test_fixed_selection_weights_match_exact_kernel (test_sampler_benchmarks.Benchmarks.test_fixed_selection_weights_match_exact_kernel) ... ok
test_literal_steps_and_direct_censored_draws_are_distinct (test_sampler_benchmarks.Benchmarks.test_literal_steps_and_direct_censored_draws_are_distinct) ... ok
test_preparation_exhaustion_preserves_failed_run_receipt (test_sampler_benchmarks.Benchmarks.test_preparation_exhaustion_preserves_failed_run_receipt) ... ok
test_rational_choice (test_sampler_benchmarks.Benchmarks.test_rational_choice) ... ok
test_reducibility_is_explicit (test_sampler_benchmarks.Benchmarks.test_reducibility_is_explicit) ... ok
test_seed_repetitions_survive_singleton_support (test_sampler_benchmarks.Benchmarks.test_seed_repetitions_survive_singleton_support) ... ok
test_sparse_negative_control (test_sampler_benchmarks.Benchmarks.test_sparse_negative_control) ... ok
test_tiny_end_to_end (test_sampler_benchmarks.Benchmarks.test_tiny_end_to_end) ... ok
test_uniform_full_line (test_sampler_benchmarks.Benchmarks.test_uniform_full_line) ... ok
test_weighted_transition_matches_exact_kernel (test_sampler_benchmarks.Benchmarks.test_weighted_transition_matches_exact_kernel) ... ok
test_worker_panel_uses_its_own_inverse_factorial_law (test_sampler_benchmarks.Benchmarks.test_worker_panel_uses_its_own_inverse_factorial_law) ... ok
test_empty_blocks_and_incompatible_inputs (test_scales.ReferenceAdjustmentTests.test_empty_blocks_and_incompatible_inputs) ... ok
test_every_elementary_margin_family_and_reference_cell (test_scales.ReferenceAdjustmentTests.test_every_elementary_margin_family_and_reference_cell) ... ok
test_parameter_fractions_and_old_unpadding_negative_control (test_scales.ScaleCertificateTests.test_parameter_fractions_and_old_unpadding_negative_control) ... ok
test_shape_aware_threshold_and_deterministic_dimensions (test_scales.ScaleCertificateTests.test_shape_aware_threshold_and_deterministic_dimensions) ... ok
test_sharper_enlarged_margin_certificates (test_scales.ScaleCertificateTests.test_sharper_enlarged_margin_certificates) ... ok
test_universal_integer_polynomial_certificates (test_scales.ScaleCertificateTests.test_universal_integer_polynomial_certificates) ... ok
test_all_small_fiber_probabilities (test_scales.SwitchingTests.test_all_small_fiber_probabilities) ... ok
test_boundary_domain_and_cap_negative_control (test_scales.SwitchingTests.test_boundary_domain_and_cap_negative_control) ... ok
test_minimum_sum_inequality (test_scales.SwitchingTests.test_minimum_sum_inequality) ... ok
test_product_and_mean_bounds_have_exact_composition_witnesses (test_scales.SwitchingTests.test_product_and_mean_bounds_have_exact_composition_witnesses) ... ok
test_refined_bound_is_exact_at_zero_for_balanced_two_by_two (test_scales.SwitchingTests.test_refined_bound_is_exact_at_zero_for_balanced_two_by_two) ... ok
test_switching_labels_determine_source (test_scales.SwitchingTests.test_switching_labels_determine_source) ... ok
test_all_binary_two_by_three_supports_and_attainable_margins (test_tables.CompletionCountTests.test_all_binary_two_by_three_supports_and_attainable_margins) ... ok
test_random_small_lower_and_upper_bound_oracles (test_tables.CompletionCountTests.test_random_small_lower_and_upper_bound_oracles) ... ok
test_rank_validation_and_enumeration_output_cap (test_tables.CompletionCountTests.test_rank_validation_and_enumeration_output_cap) ... ok
test_resource_exhaustion_never_returns_partial_count_or_draw (test_tables.CompletionCountTests.test_resource_exhaustion_never_returns_partial_count_or_draw) ... ok
test_three_row_lower_bounded_oracles (test_tables.CompletionCountTests.test_three_row_lower_bounded_oracles) ... ok
test_constraints_are_copied_and_upper_bounds_tightened (test_tables.TableValidationTests.test_constraints_are_copied_and_upper_bounds_tightened) ... ok
test_empty_fibers_and_structural_zero_lower_conflict (test_tables.TableValidationTests.test_empty_fibers_and_structural_zero_lower_conflict) ... ok
test_feasibility_detects_sparse_hall_obstruction (test_tables.TableValidationTests.test_feasibility_detects_sparse_hall_obstruction) ... ok
test_reject_malformed_data (test_tables.TableValidationTests.test_reject_malformed_data) ... ok
test_zero_margins_and_one_row (test_tables.TableValidationTests.test_zero_margins_and_one_row) ... ok
test_exact_rational_sampling_tree_matches_independent_weight_oracle (test_tables.WeightedLawTests.test_exact_rational_sampling_tree_matches_independent_weight_oracle) ... ok
test_multistage_weighted_rng_tree_and_three_row_partition (test_tables.WeightedLawTests.test_multistage_weighted_rng_tree_and_three_row_partition) ... ok
test_row_and_column_activity_gauge_invariance (test_tables.WeightedLawTests.test_row_and_column_activity_gauge_invariance) ... ok
test_weighted_budgets_and_transpose (test_tables.WeightedLawTests.test_weighted_budgets_and_transpose) ... ok
test_worker_and_table_laws_are_different (test_tables.WeightedLawTests.test_worker_and_table_laws_are_different) ... ok
test_zero_activities_and_empty_target (test_tables.WeightedLawTests.test_zero_activities_and_empty_target) ... ok
test_centered_conditioning_is_sharp (test_transport_bounds.ComparisonTests.test_centered_conditioning_is_sharp) ... ok
test_constants_improve_initial_and_source_bounds (test_transport_bounds.ComparisonTests.test_constants_improve_initial_and_source_bounds) ... ok
test_integer_root_quadratic_maximum (test_transport_bounds.ComparisonTests.test_integer_root_quadratic_maximum) ... ok
test_repair_triangle_with_overlapping_edges (test_transport_bounds.ComparisonTests.test_repair_triangle_with_overlapping_edges) ... ok
test_adaptive_binary_tree_ownership (test_transport_bounds.OwnershipTests.test_adaptive_binary_tree_ownership) ... ok
test_complete_integer_leaf_families (test_transport_bounds.OwnershipTests.test_complete_integer_leaf_families) ... ok
test_fixed_prefix_holes_are_rejected (test_transport_bounds.OwnershipTests.test_fixed_prefix_holes_are_rejected) ... ok
test_cut_bound_for_integer_log_concave_sequences (test_transport_bounds.PathBoundsTests.test_cut_bound_for_integer_log_concave_sequences) ... ok
test_quadratic_order_and_single_edge_sharpness (test_transport_bounds.PathBoundsTests.test_quadratic_order_and_single_edge_sharpness) ... ok
test_rational_scales_and_hard_zero_endpoints (test_transport_bounds.PathBoundsTests.test_rational_scales_and_hard_zero_endpoints) ... ok
test_support_and_log_concavity_negative_controls (test_transport_bounds.PathBoundsTests.test_support_and_log_concavity_negative_controls) ... ok
test_configuration_rejects_excess_output_and_invalid_counts (test_worker_library_benchmarks.WorkerLibraryBenchmarks.test_configuration_rejects_excess_output_and_invalid_counts) ... ok
test_exact_law_distinguishes_uniform_aggregate_tables (test_worker_library_benchmarks.WorkerLibraryBenchmarks.test_exact_law_distinguishes_uniform_aggregate_tables) ... ok
test_last_case_last_repetition_accepts_exact_r_seed_boundary (test_worker_library_benchmarks.WorkerLibraryBenchmarks.test_last_case_last_repetition_accepts_exact_r_seed_boundary) ... ok
test_margin_validation_checks_shape_integer_and_totals (test_worker_library_benchmarks.WorkerLibraryBenchmarks.test_margin_validation_checks_shape_integer_and_totals) ... ok
test_measured_phases_are_recorded_separately (test_worker_library_benchmarks.WorkerLibraryBenchmarks.test_measured_phases_are_recorded_separately) ... ok
test_nonseparable_moment_formula_matches_fiber_enumeration (test_worker_library_benchmarks.WorkerLibraryBenchmarks.test_nonseparable_moment_formula_matches_fiber_enumeration) ... ok
test_optional_dependencies_are_skipped_with_reasons (test_worker_library_benchmarks.WorkerLibraryBenchmarks.test_optional_dependencies_are_skipped_with_reasons) ... ok
test_r_real_api_and_small_fiber_readback (test_worker_library_benchmarks.WorkerLibraryBenchmarks.test_r_real_api_and_small_fiber_readback) ... ok
test_scipy_all_small_fiber_probabilities (test_worker_library_benchmarks.WorkerLibraryBenchmarks.test_scipy_all_small_fiber_probabilities) ... skipped 'optional SciPy not installed'
test_seed_overflow_rejected_before_dependency_discovery (test_worker_library_benchmarks.WorkerLibraryBenchmarks.test_seed_overflow_rejected_before_dependency_discovery) ... ok
test_work_caps_preserve_skewed_large_total_shortcut (test_worker_library_benchmarks.WorkerLibraryBenchmarks.test_work_caps_preserve_skewed_large_total_shortcut) ... ok
test_every_three_by_two_margin_pair_up_to_four_workers (test_workers.WorkerExactLawTests.test_every_three_by_two_margin_pair_up_to_four_workers) ... ok
test_every_two_by_three_margin_pair_up_to_four_workers (test_workers.WorkerExactLawTests.test_every_two_by_three_margin_pair_up_to_four_workers) ... ok
test_three_by_three_multistage_decision_tree (test_workers.WorkerExactLawTests.test_three_by_three_multistage_decision_tree) ... ok
test_worker_law_is_not_uniform_table_law (test_workers.WorkerExactLawTests.test_worker_law_is_not_uniform_table_law) ... ok
test_additive_row_column_observable_has_zero_variance (test_workers.WorkerMomentTests.test_additive_row_column_observable_has_zero_variance) ... ok
test_general_signed_rational_moments_match_independent_enumeration (test_workers.WorkerMomentTests.test_general_signed_rational_moments_match_independent_enumeration) ... ok
test_huge_binary_margins_need_no_worker_loop (test_workers.WorkerMomentTests.test_huge_binary_margins_need_no_worker_loop) ... ok
test_rejects_incompatible_shape_floats_and_work_budget (test_workers.WorkerMomentTests.test_rejects_incompatible_shape_floats_and_work_budget) ... ok
test_bounds_activities_and_problem_objects_are_not_accepted (test_workers.WorkerValidationTests.test_bounds_activities_and_problem_objects_are_not_accepted) ... ok
test_budget_rejection_precedes_rng_and_dense_output_allocation (test_workers.WorkerValidationTests.test_budget_rejection_precedes_rng_and_dense_output_allocation) ... ok
test_deterministic_large_counts_and_zero_margins (test_workers.WorkerValidationTests.test_deterministic_large_counts_and_zero_margins) ... ok
test_inputs_copied_and_samples_have_no_shared_mutable_state (test_workers.WorkerValidationTests.test_inputs_copied_and_samples_have_no_shared_mutable_state) ... ok
test_invalid_rng_results_raise (test_workers.WorkerValidationTests.test_invalid_rng_results_raise) ... ok
test_largest_row_saved_and_remaining_category_shortcut (test_workers.WorkerValidationTests.test_largest_row_saved_and_remaining_category_shortcut) ... ok
test_malformed_margins_and_budgets (test_workers.WorkerValidationTests.test_malformed_margins_and_budgets) ... ok
test_moderate_count_case_needs_no_completion_dp (test_workers.WorkerValidationTests.test_moderate_count_case_needs_no_completion_dp) ... ok

----------------------------------------------------------------------
Ran 299 tests in 11.476s

OK (skipped=1)
mkdir -p .local
python3 115/audit115.py --output .local/audit115-rerun.json
{
  "output": ".local/audit115-rerun.json",
  "parameter_cases": 100,
  "path_sequences": 896,
  "integer_leaf_edges": 2968,
  "spectral_instances": 5,
  "elapsed_seconds": 0.12014229199849069
}
python3 scripts/claims_ledger.py --check-readme
python3 scripts/verify_sources.py --bundle-only
{
  "bundle_sha256_verified": 5
}
python3 experiments/independent_crosscheck.py --output .local/independent-crosscheck-rerun.json
{
  "status": "passed",
  "counts": {
    "random_constraint_cases": 160,
    "empty_fibers": 20,
    "verified_infeasibility_cuts": 14,
    "verified_optimal_endpoints": 280,
    "altered_bound_certificates_rejected": 280,
    "exact_weighted_kernels": 67,
    "zero_mass_targets": 73,
    "exhaustive_3x3_support_catalogs": 512,
    "complete_4x4_cycles": 204
  }
}
python3 -S experiments/cycle_mixtures.py --replay reports/cycle-mixtures.json
{
  "verified_gap_intervals": 8,
  "verified_family_upper_bounds": 4,
  "verified_strict_improvements": 6,
  "intervals": {
    "uniform_tables": {
      "equal_rectangles": {
        "lower_float64_display": 0.103869,
        "upper_float64_display": 0.10387023209121576
      },
      "tuned_rectangles": {
        "lower_float64_display": 0.164036,
        "upper_float64_display": 0.16403716288355116,
        "all_allowed_mixtures_upper_float64_display": 0.164046117414259
      },
      "equal_simple_cycles": {
        "lower_float64_display": 0.097826,
        "upper_float64_display": 0.0978275415725478
      },
      "tuned_simple_cycles": {
        "lower_float64_display": 0.169974,
        "upper_float64_display": 0.16997546269570155,
        "all_allowed_mixtures_upper_float64_display": 0.16997812992983594
      }
    },
    "conditional_poisson": {
      "equal_rectangles": {
        "lower_float64_display": 0.111515,
        "upper_float64_display": 0.11151639753948363
      },
      "tuned_rectangles": {
        "lower_float64_display": 0.176501,
        "upper_float64_display": 0.17650211810357713,
        "all_allowed_mixtures_upper_float64_display": 0.17650653395062768
      },
      "equal_simple_cycles": {
        "lower_float64_display": 0.104207,
        "upper_float64_display": 0.10420836153286263
      },
      "tuned_simple_cycles": {
        "lower_float64_display": 0.18358,
        "upper_float64_display": 0.18358187818894106,
        "all_allowed_mixtures_upper_float64_display": 0.18358337881682502
      }
    }
  }
}
